Component: ARM Compiler 5.06 update 3 (build 300) Tool: armlink [4d35c9]

==============================================================================

Section Cross References

    main.o(i.BUZZER_Init) refers to stm32f4xx_rcc.o(i.RCC_AHB1PeriphClockCmd) for RCC_AHB1PeriphClockCmd
    main.o(i.BUZZER_Init) refers to stm32f4xx_gpio.o(i.GPIO_Init) for GPIO_Init
    main.o(i.KEY0_Init) refers to stm32f4xx_rcc.o(i.RCC_AHB1PeriphClockCmd) for RCC_AHB1PeriphClockCmd
    main.o(i.KEY0_Init) refers to stm32f4xx_gpio.o(i.GPIO_Init) for GPIO_Init
    main.o(i.main) refers to delay.o(i.delay_init) for delay_init
    main.o(i.main) refers to led.o(i.LED_Init) for LED_Init
    main.o(i.main) refers to main.o(i.KEY0_Init) for KEY0_Init
    main.o(i.main) refers to usart.o(i.UsartInit) for UsartInit
    main.o(i.main) refers to tim.o(i.TIM3_init) for TIM3_init
    main.o(i.main) refers to tim.o(i.TIM5_init) for TIM5_init
    main.o(i.main) refers to stm32f4xx_tim.o(i.TIM_Cmd) for TIM_Cmd
    main.o(i.main) refers to i2csml.o(i.I2C_INIT) for I2C_INIT
    main.o(i.main) refers to pca9685.o(i.Prescale_Calculate) for Prescale_Calculate
    main.o(i.main) refers to pca9685.o(i.PrescaleConfig_PCA9685) for PrescaleConfig_PCA9685
    main.o(i.main) refers to spiad7606.o(i.AD7606_GPIO_Init) for AD7606_GPIO_Init
    main.o(i.main) refers to led.o(i.LED_Dark) for LED_Dark
    main.o(i.main) refers to led.o(i.LED_Light) for LED_Light
    main.o(i.main) refers to myfunc.o(i.UsartDataRec) for UsartDataRec
    main.o(i.main) refers to myfunc.o(i.controlFan) for controlFan
    main.o(i.main) refers to getangle.o(i.SensorSignal) for SensorSignal
    main.o(i.main) refers to myfunc.o(i.duizhi) for duizhi
    main.o(i.main) refers to myfunc.o(.bss) for fingerDA
    main.o(i.main) refers to myfunc.o(.data) for da
    main.o(i.main) refers to main.o(.data) for ActDIPAngle
    main.o(i.main) refers to myfunc.o(i.woquan) for woquan
    main.o(i.main) refers to myfunc.o(i.cenie) for cenie
    main.o(i.main) refers to myfunc.o(i.yuanzhu) for yuanzhu
    main.o(i.main) refers to myfunc.o(i.sanzhi) for sanzhi
    main.o(i.main) refers to myfunc.o(i.neikou) for neikou
    main.o(i.main) refers to myfunc.o(i.qiehuan) for qiehuan
    main.o(i.main) refers to myfunc.o(i.speedControlTest) for speedControlTest
    main.o(i.main) refers to myfunc.o(i.controller) for controller
    main.o(i.main) refers to myfunc.o(i.PWMDriver) for PWMDriver
    main.o(i.main) refers to main.o(i.sendGUI) for sendGUI
    main.o(i.main) refers to myfunc.o(i.PIDchange) for PIDchange
    main.o(i.main) refers to myfunc.o(i.PIDinquiry) for PIDinquiry
    main.o(i.main) refers to tim.o(.data) for flagUART
    main.o(i.main) refers to usart.o(.bss) for RecBuf
    main.o(i.sendGUI) refers to stm32f4xx_usart.o(i.USART_SendData) for USART_SendData
    main.o(i.sendGUI) refers to stm32f4xx_usart.o(i.USART_GetFlagStatus) for USART_GetFlagStatus
    main.o(i.sendGUI) refers to main.o(i.sendGUInumber) for sendGUInumber
    main.o(i.sendGUInumber) refers to stm32f4xx_usart.o(i.USART_SendData) for USART_SendData
    main.o(i.sendGUInumber) refers to stm32f4xx_usart.o(i.USART_GetFlagStatus) for USART_GetFlagStatus
    system_stm32f4xx.o(i.SystemCoreClockUpdate) refers to system_stm32f4xx.o(.data) for SystemCoreClock
    system_stm32f4xx.o(i.SystemInit) refers to system_stm32f4xx.o(i.SetSysClock) for SetSysClock
    startup_stm32f40_41xxx.o(STACK) refers (Special) to heapauxi.o(.text) for __use_two_region_memory
    startup_stm32f40_41xxx.o(HEAP) refers (Special) to heapauxi.o(.text) for __use_two_region_memory
    startup_stm32f40_41xxx.o(RESET) refers (Special) to heapauxi.o(.text) for __use_two_region_memory
    startup_stm32f40_41xxx.o(RESET) refers to startup_stm32f40_41xxx.o(STACK) for __initial_sp
    startup_stm32f40_41xxx.o(RESET) refers to startup_stm32f40_41xxx.o(.text) for Reset_Handler
    startup_stm32f40_41xxx.o(RESET) refers to tim.o(i.TIM3_IRQHandler) for TIM3_IRQHandler
    startup_stm32f40_41xxx.o(RESET) refers to usart.o(i.USART1_IRQHandler) for USART1_IRQHandler
    startup_stm32f40_41xxx.o(RESET) refers to tim.o(i.TIM5_IRQHandler) for TIM5_IRQHandler
    startup_stm32f40_41xxx.o(.text) refers (Special) to heapauxi.o(.text) for __use_two_region_memory
    startup_stm32f40_41xxx.o(.text) refers to system_stm32f4xx.o(i.SystemInit) for SystemInit
    startup_stm32f40_41xxx.o(.text) refers to __main.o(!!!main) for __main
    startup_stm32f40_41xxx.o(.text) refers to startup_stm32f40_41xxx.o(HEAP) for Heap_Mem
    startup_stm32f40_41xxx.o(.text) refers to startup_stm32f40_41xxx.o(STACK) for Stack_Mem
    stm32f4xx_gpio.o(i.GPIO_DeInit) refers to stm32f4xx_rcc.o(i.RCC_AHB1PeriphResetCmd) for RCC_AHB1PeriphResetCmd
    stm32f4xx_rcc.o(i.RCC_GetClocksFreq) refers to stm32f4xx_rcc.o(.data) for APBAHBPrescTable
    stm32f4xx_rcc.o(i.RCC_WaitForHSEStartUp) refers to stm32f4xx_rcc.o(i.RCC_GetFlagStatus) for RCC_GetFlagStatus
[...]
    Removing getangle.o(.rev16_text), (4 bytes).
    Removing getangle.o(.revsh_text), (4 bytes).

287 unused section(s) (total 10170 bytes) removed from the image.

==============================================================================

Image Symbol Table

    Local Symbols

    Symbol Name                              Value     Ov Type        Size  Object(Section)

    ../clib/angel/boardlib.s                 0x00000000   Number         0  boardinit3.o ABSOLUTE
    ../clib/angel/boardlib.s                 0x00000000   Number         0  boardinit2.o ABSOLUTE
    ../clib/angel/boardlib.s                 0x00000000   Number         0  boardshut.o ABSOLUTE
    ../clib/angel/boardlib.s                 0x00000000   Number         0  boardinit1.o ABSOLUTE
    ../clib/angel/dczerorl2.s                0x00000000   Number         0  __dczerorl2.o ABSOLUTE
    ../clib/angel/handlers.s                 0x00000000   Number         0  __scatter_zi.o ABSOLUTE
    ../clib/angel/kernel.s                   0x00000000   Number         0  __rtentry2.o ABSOLUTE
    ../clib/angel/kernel.s                   0x00000000   Number         0  __rtentry4.o ABSOLUTE
    ../clib/angel/kernel.s                   0x00000000   Number         0  rtexit.o ABSOLUTE
    ../clib/angel/kernel.s                   0x00000000   Number         0  __rtentry.o ABSOLUTE
    ../clib/angel/kernel.s                   0x00000000   Number         0  rtexit2.o ABSOLUTE
    ../clib/angel/rt.s                       0x00000000   Number         0  rt_raise.o ABSOLUTE
    ../clib/angel/scatter.s                  0x00000000   Number         0  __scatter.o ABSOLUTE
    ../clib/angel/startup.s                  0x00000000   Number         0  __main.o ABSOLUTE
    ../clib/angel/sys.s                      0x00000000   Number         0  indicate_semi.o ABSOLUTE
    ../clib/angel/sys.s                      0x00000000   Number         0  use_no_semi.o ABSOLUTE
    ../clib/angel/sys.s                      0x00000000   Number         0  sys_stackheap_outer.o ABSOLUTE
    ../clib/angel/sys.s                      0x00000000   Number         0  libspace.o ABSOLUTE
    ../clib/angel/sysapp.c                   0x00000000   Number         0  sys_wrch.o ABSOLUTE
    ../clib/angel/sysapp.c                   0x00000000   Number         0  sys_command.o ABSOLUTE
    ../clib/angel/sysapp.c                   0x00000000   Number         0  sys_exit.o ABSOLUTE
    ../clib/armsys.c                         0x00000000   Number         0  argv_veneer.o ABSOLUTE
    ../clib/armsys.c                         0x00000000   Number         0  no_argv.o ABSOLUTE
    ../clib/armsys.c                         0x00000000   Number         0  _get_argv_nomalloc.o ABSOLUTE
    ../clib/armsys.c                         0x00000000   Number         0  argv_veneer.o ABSOLUTE
    ../clib/heapalloc.c                      0x00000000   Number         0  hrguard.o ABSOLUTE
    ../clib/heapaux.c                        0x00000000   Number         0  heapauxi.o ABSOLUTE
    ../clib/libinit.s                        0x00000000   Number         0  libshutdown.o ABSOLUTE
    ../clib/libinit.s                        0x00000000   Number         0  libinit.o ABSOLUTE
    ../clib/libinit.s                        0x00000000   Number         0  libinit2.o ABSOLUTE
    ../clib/libinit.s                        0x00000000   Number         0  libshutdown2.o ABSOLUTE
    ../clib/memcpset.s                       0x00000000   Number         0  rt_memcpy_w.o ABSOLUTE
    ../clib/signal.c                         0x00000000   Number         0  defsig_cppl_inner.o ABSOLUTE
    ../clib/signal.c                         0x00000000   Number         0  defsig_exit.o ABSOLUTE
    ../clib/signal.c                         0x00000000   Number         0  defsig_rtmem_inner.o ABSOLUTE
    ../clib/signal.c                         0x00000000   Number         0  __raise.o ABSOLUTE
    ../clib/signal.c                         0x00000000   Number         0  defsig_general.o ABSOLUTE
    ../clib/signal.c                         0x00000000   Number         0  defsig_fpe_inner.o ABSOLUTE
    ../clib/signal.c                         0x00000000   Number         0  defsig_abrt_inner.o ABSOLUTE
    ../clib/signal.c                         0x00000000   Number         0  defsig_rtred_inner.o ABSOLUTE
    ../clib/signal.c                         0x00000000   Number         0  defsig_stak_inner.o ABSOLUTE
    ../clib/signal.c                         0x00000000   Number         0  defsig_rtmem_formal.o ABSOLUTE
    ../clib/signal.c                         0x00000000   Number         0  defsig_rtmem_outer.o ABSOLUTE
    ../clib/signal.c                         0x00000000   Number         0  defsig_segv_inner.o ABSOLUTE
    ../clib/signal.c                         0x00000000   Number         0  defsig_other.o ABSOLUTE
    ../clib/signal.c                         0x00000000   Number         0  defsig_pvfn_inner.o ABSOLUTE
    ../clib/signal.s                         0x00000000   Number         0  defsig.o ABSOLUTE
    ../clib/stdlib.c                         0x00000000   Number         0  exit.o ABSOLUTE
    ../fplib/d2f.s                           0x00000000   Number         0  d2f.o ABSOLUTE
    ../fplib/daddsub.s                       0x00000000   Number         0  daddsub_clz.o ABSOLUTE
    ../fplib/dcmpi.s                         0x00000000   Number         0  dcmpi.o ABSOLUTE
    ../fplib/ddiv.s                          0x00000000   Number         0  ddiv.o ABSOLUTE
    ../fplib/dfixu.s                         0x00000000   Number         0  dfixu.o ABSOLUTE
    ../fplib/dflt.s                          0x00000000   Number         0  dflt_clz.o ABSOLUTE
    ../fplib/dleqf.s                         0x00000000   Number         0  dleqf.o ABSOLUTE
    ../fplib/dmul.s                          0x00000000   Number         0  dmul.o ABSOLUTE
    ../fplib/dnaninf.s                       0x00000000   Number         0  dnaninf.o ABSOLUTE
    ../fplib/dretinf.s                       0x00000000   Number         0  dretinf.o ABSOLUTE
    ../fplib/drleqf.s                        0x00000000   Number         0  drleqf.o ABSOLUTE
    ../fplib/f2d.s                           0x00000000   Number         0  f2d.o ABSOLUTE
    ../fplib/fnaninf.s                       0x00000000   Number         0  fnaninf.o ABSOLUTE
    ../fplib/fpinit.s                        0x00000000   Number         0  fpinit.o ABSOLUTE
    ../fplib/fretinf.s                       0x00000000   Number         0  fretinf.o ABSOLUTE
    ../fplib/usenofp.s                       0x00000000   Number         0  usenofp.o ABSOLUTE
    ../mathlib/fabs.c                        0x00000000   Number         0  fabs.o ABSOLUTE
    ../mathlib/floor.c                       0x00000000   Number         0  floor.o ABSOLUTE
    ..\APP\GMValueDef\GMValueDef.c           0x00000000   Number         0  gmvaluedef.o ABSOLUTE
    ..\APP\I2Csml\I2Csml.c                   0x00000000   Number         0  i2csml.o ABSOLUTE
    ..\APP\LED\LED.c                         0x00000000   Number         0  led.o ABSOLUTE
    ..\APP\MyFunc\MyFunc.c                   0x00000000   Number         0  myfunc.o ABSOLUTE
    ..\APP\PCA9685\PCA9685.c                 0x00000000   Number         0  pca9685.o ABSOLUTE
    ..\APP\SPIAD7606\SPIAD7606.c             0x00000000   Number         0  spiad7606.o ABSOLUTE
    ..\APP\STMFlash\stmflash.c               0x00000000   Number         0  stmflash.o ABSOLUTE
    ..\APP\TIM\TIM.c                         0x00000000   Number         0  tim.o ABSOLUTE
    ..\APP\USART\Usart.c                     0x00000000   Number         0  usart.o ABSOLUTE
    ..\CORE\startup_stm32f40_41xxx.s         0x00000000   Number         0  startup_stm32f40_41xxx.o ABSOLUTE
    ..\FWLIB\src\misc.c                      0x00000000   Number         0  misc.o ABSOLUTE
    ..\FWLIB\src\stm32f4xx_dma.c             0x00000000   Number         0  stm32f4xx_dma.o ABSOLUTE
    ..\FWLIB\src\stm32f4xx_flash.c           0x00000000   Number         0  stm32f4xx_flash.o ABSOLUTE
    ..\FWLIB\src\stm32f4xx_gpio.c            0x00000000   Number         0  stm32f4xx_gpio.o ABSOLUTE
    ..\FWLIB\src\stm32f4xx_rcc.c             0x00000000   Number         0  stm32f4xx_rcc.o ABSOLUTE
    ..\FWLIB\src\stm32f4xx_tim.c             0x00000000   Number         0  stm32f4xx_tim.o ABSOLUTE
    ..\FWLIB\src\stm32f4xx_usart.c           0x00000000   Number         0  stm32f4xx_usart.o ABSOLUTE
    ..\SYSTEM\delay\delay.c                  0x00000000   Number         0  delay.o ABSOLUTE
    ..\SYSTEM\sys\sys.c                      0x00000000   Number         0  sys.o ABSOLUTE
    ..\\APP\\GMValueDef\\GMValueDef.c        0x00000000   Number         0  gmvaluedef.o ABSOLUTE
    ..\\APP\\I2Csml\\I2Csml.c                0x00000000   Number         0  i2csml.o ABSOLUTE
    ..\\APP\\LED\\LED.c                      0x00000000   Number         0  led.o ABSOLUTE
    ..\\APP\\MyFunc\\MyFunc.c                0x00000000   Number         0  myfunc.o ABSOLUTE
    ..\\APP\\PCA9685\\PCA9685.c              0x00000000   Number         0  pca9685.o ABSOLUTE
    ..\\APP\\SPIAD7606\\SPIAD7606.c          0x00000000   Number         0  spiad7606.o ABSOLUTE
    ..\\APP\\STMFlash\\stmflash.c            0x00000000   Number         0  stmflash.o ABSOLUTE
    ..\\APP\\TIM\\TIM.c                      0x00000000   Number         0  tim.o ABSOLUTE
    ..\\APP\\USART\\Usart.c                  0x00000000   Number         0  usart.o ABSOLUTE
    ..\\FWLIB\\src\\misc.c                   0x00000000   Number         0  misc.o ABSOLUTE
    ..\\FWLIB\\src\\stm32f4xx_dma.c          0x00000000   Number         0  stm32f4xx_dma.o ABSOLUTE
    ..\\FWLIB\\src\\stm32f4xx_flash.c        0x00000000   Number         0  stm32f4xx_flash.o ABSOLUTE
    ..\\FWLIB\\src\\stm32f4xx_gpio.c         0x00000000   Number         0  stm32f4xx_gpio.o ABSOLUTE
    ..\\FWLIB\\src\\stm32f4xx_rcc.c          0x00000000   Number         0  stm32f4xx_rcc.o ABSOLUTE
    ..\\FWLIB\\src\\stm32f4xx_tim.c          0x00000000   Number         0  stm32f4xx_tim.o ABSOLUTE
    ..\\FWLIB\\src\\stm32f4xx_usart.c        0x00000000   Number         0  stm32f4xx_usart.o ABSOLUTE
    ..\\SYSTEM\\delay\\delay.c               0x00000000   Number         0  delay.o ABSOLUTE
    ..\\SYSTEM\\sys\\sys.c                   0x00000000   Number         0  sys.o ABSOLUTE
    GetAngle.c                               0x00000000   Number         0  getangle.o ABSOLUTE
    GetAngle.c                               0x00000000   Number         0  getangle.o ABSOLUTE
    dc.s                                     0x00000000   Number         0  dc.o ABSOLUTE
    main.c                                   0x00000000   Number         0  main.o ABSOLUTE
    main.c                                   0x00000000   Number         0  main.o ABSOLUTE
    stm32f4xx_it.c                           0x00000000   Number         0  stm32f4xx_it.o ABSOLUTE
    system_stm32f4xx.c                       0x00000000   Number         0  system_stm32f4xx.o ABSOLUTE
    system_stm32f4xx.c                       0x00000000   Number         0  system_stm32f4xx.o ABSOLUTE
    RESET                                    0x08000000   Section      392  startup_stm32f40_41xxx.o(RESET)
    !!!main                                  0x08000188   Section        8  __main.o(!!!main)
    !!!scatter                               0x08000190   Section       52  __scatter.o(!!!scatter)
    !!dczerorl2                              0x080001c4   Section       90  __dczerorl2.o(!!dczerorl2)
    !!handler_zi                             0x08000220   Section       28  __scatter_zi.o(!!handler_zi)
    .ARM.Collect$$libinit$$00000000          0x0800023c   Section        2  libinit.o(.ARM.Collect$$libinit$$00000000)
    .ARM.Collect$$libinit$$00000001          0x0800023e   Section        4  libinit2.o(.ARM.Collect$$libinit$$00000001)
    .ARM.Collect$$libinit$$00000004          0x08000242   Section        0  libinit2.o(.ARM.Collect$$libinit$$00000004)
    .ARM.Collect$$libinit$$0000000A          0x08000242   Section        0  libinit2.o(.ARM.Collect$$libinit$$0000000A)
    .ARM.Collect$$libinit$$0000000C          0x08000242   Section        0  libinit2.o(.ARM.Collect$$libinit$$0000000C)
    .ARM.Collect$$libinit$$0000000E          0x08000242   Section        0  libinit2.o(.ARM.Collect$$libinit$$0000000E)
    .ARM.Collect$$libinit$$00000011          0x08000242   Section        0  libinit2.o(.ARM.Collect$$libinit$$00000011)
    .ARM.Collect$$libinit$$00000013          0x08000242   Section        0  libinit2.o(.ARM.Collect$$libinit$$00000013)
    .ARM.Collect$$libinit$$00000015          0x08000242   Section        0  libinit2.o(.ARM.Collect$$libinit$$00000015)
    .ARM.Collect$$libinit$$00000017          0x08000242   Section        0  libinit2.o(.ARM.Collect$$libinit$$00000017)
    .ARM.Collect$$libinit$$00000019          0x08000242   Section        0  libinit2.o(.ARM.Collect$$libinit$$00000019)
    .ARM.Collect$$libinit$$0000001B          0x08000242   Section        0  libinit2.o(.ARM.Collect$$libinit$$0000001B)
    .ARM.Collect$$libinit$$0000001D          0x08000242   Section        0  libinit2.o(.ARM.Collect$$libinit$$0000001D)
    .ARM.Collect$$libinit$$0000001F          0x08000242   Section        0  libinit2.o(.ARM.Collect$$libinit$$0000001F)
    .ARM.Collect$$libinit$$00000021          0x08000242   Section        0  libinit2.o(.ARM.Collect$$libinit$$00000021)
    .ARM.Collect$$libinit$$00000023          0x08000242   Section        0  libinit2.o(.ARM.Collect$$libinit$$00000023)
    .ARM.Collect$$libinit$$00000025          0x08000242   Section        0  libinit2.o(.ARM.Collect$$libinit$$00000025)
    .ARM.Collect$$libinit$$0000002C          0x08000242   Section        0  libinit2.o(.ARM.Collect$$libinit$$0000002C)
    .ARM.Collect$$libinit$$0000002E          0x08000242   Section        0  libinit2.o(.ARM.Collect$$libinit$$0000002E)
    .ARM.Collect$$libinit$$00000030          0x08000242   Section        0  libinit2.o(.ARM.Collect$$libinit$$00000030)
    .ARM.Collect$$libinit$$00000032          0x08000242   Section        0  libinit2.o(.ARM.Collect$$libinit$$00000032)
    .ARM.Collect$$libinit$$00000033          0x08000242   Section        2  libinit2.o(.ARM.Collect$$libinit$$00000033)
    .ARM.Collect$$libshutdown$$00000000      0x08000244   Section        2  libshutdown.o(.ARM.Collect$$libshutdown$$00000000)
    .ARM.Collect$$libshutdown$$00000002      0x08000246   Section        0  libshutdown2.o(.ARM.Collect$$libshutdown$$00000002)
    .ARM.Collect$$libshutdown$$00000004      0x08000246   Section        0  libshutdown2.o(.ARM.Collect$$libshutdown$$00000004)
    .ARM.Collect$$libshutdown$$00000007      0x08000246   Section        0  libshutdown2.o(.ARM.Collect$$libshutdown$$00000007)
    .ARM.Collect$$libshutdown$$0000000A      0x08000246   Section        0  libshutdown2.o(.ARM.Collect$$libshutdown$$0000000A)
    .ARM.Collect$$libshutdown$$0000000C      0x08000246   Section        0  libshutdown2.o(.ARM.Collect$$libshutdown$$0000000C)
    .ARM.Collect$$libshutdown$$0000000F      0x08000246   Section        0  libshutdown2.o(.ARM.Collect$$libshutdown$$0000000F)
    .ARM.Collect$$libshutdown$$00000010      0x08000246   Section        2  libshutdown2.o(.ARM.Collect$$libshutdown$$00000010)
    .ARM.Collect$$rtentry$$00000000          0x08000248   Section        0  __rtentry.o(.ARM.Collect$$rtentry$$00000000)
    .ARM.Collect$$rtentry$$00000002          0x08000248   Section        0  __rtentry2.o(.ARM.Collect$$rtentry$$00000002)
    .ARM.Collect$$rtentry$$00000004          0x08000248   Section        6  __rtentry4.o(.ARM.Collect$$rtentry$$00000004)
    .ARM.Collect$$rtentry$$00000009          0x0800024e   Section        0  __rtentry2.o(.ARM.Collect$$rtentry$$00000009)
    .ARM.Collect$$rtentry$$0000000A          0x0800024e   Section        4  __rtentry2.o(.ARM.Collect$$rtentry$$0000000A)
    .ARM.Collect$$rtentry$$0000000C          0x08000252   Section        0  __rtentry2.o(.ARM.Collect$$rtentry$$0000000C)
    .ARM.Collect$$rtentry$$0000000D          0x08000252   Section        8  __rtentry2.o(.ARM.Collect$$rtentry$$0000000D)
    .ARM.Collect$$rtexit$$00000000           0x0800025a   Section        2  rtexit.o(.ARM.Collect$$rtexit$$00000000)
    .ARM.Collect$$rtexit$$00000002           0x0800025c   Section        0  rtexit2.o(.ARM.Collect$$rtexit$$00000002)
    .ARM.Collect$$rtexit$$00000003           0x0800025c   Section        4  rtexit2.o(.ARM.Collect$$rtexit$$00000003)
    .ARM.Collect$$rtexit$$00000004           0x08000260   Section        6  rtexit2.o(.ARM.Collect$$rtexit$$00000004)
    .text                                    0x08000268   Section       64  startup_stm32f40_41xxx.o(.text)
    $v0                                      0x08000268   Number         0  startup_stm32f40_41xxx.o(.text)
    .text                                    0x080002a8   Section      100  rt_memcpy_w.o(.text)
    .text                                    0x0800030c   Section        0  heapauxi.o(.text)
    .text                                    0x08000312   Section       74  sys_stackheap_outer.o(.text)
    .text                                    0x0800035c   Section        0  exit.o(.text)
    .text                                    0x08000370   Section        8  libspace.o(.text)
    .text                                    0x08000378   Section        0  sys_exit.o(.text)
    .text                                    0x08000384   Section        2  use_no_semi.o(.text)
    .text                                    0x08000386   Section        0  indicate_semi.o(.text)
    i.AD7606_AllDeviceSample_AB              0x08000388   Section        0  spiad7606.o(i.AD7606_AllDeviceSample_AB)
    i.AD7606_GPIO_Init                       0x080005d8   Section        0  spiad7606.o(i.AD7606_GPIO_Init)
    i.Data2Angle                             0x080006b8   Section        0  getangle.o(i.Data2Angle)
    i.Filter                                 0x08000c60   Section        0  getangle.o(i.Filter)
    i.GPIO_Init                              0x08000cb8   Section        0  stm32f4xx_gpio.o(i.GPIO_Init)
    i.GPIO_PinAFConfig                       0x08000d48   Section        0  stm32f4xx_gpio.o(i.GPIO_PinAFConfig)
    i.GPIO_ReadInputDataBit                  0x08000d8e   Section        0  stm32f4xx_gpio.o(i.GPIO_ReadInputDataBit)
    i.GPIO_ResetBits                         0x08000da0   Section        0  stm32f4xx_gpio.o(i.GPIO_ResetBits)
    i.GPIO_SetBits                           0x08000da4   Section        0  stm32f4xx_gpio.o(i.GPIO_SetBits)
    i.I2C_INIT                               0x08000da8   Section        0  i2csml.o(i.I2C_INIT)
    i.I2C_SDA_IN                             0x08000dec   Section        0  i2csml.o(i.I2C_SDA_IN)
    i.I2C_SDA_OUT                            0x08000e14   Section        0  i2csml.o(i.I2C_SDA_OUT)
    i.I2C_Send_Byte                          0x08000e40   Section        0  i2csml.o(i.I2C_Send_Byte)
    i.I2C_Start                              0x08000ea0   Section        0  i2csml.o(i.I2C_Start)
    i.I2C_Stop                               0x08000ed8   Section        0  i2csml.o(i.I2C_Stop)
    i.I2C_Wait_Ack                           0x08000f10   Section        0  i2csml.o(i.I2C_Wait_Ack)
    i.KEY0_Init                              0x08000f64   Section        0  main.o(i.KEY0_Init)
    i.LED_Dark                               0x08000f98   Section        0  led.o(i.LED_Dark)
    i.LED_Init                               0x08000f9c   Section        0  led.o(i.LED_Init)
    i.LED_Light                              0x08001110   Section        0  led.o(i.LED_Light)
    i.MoveFinger                             0x080012c8   Section        0  myfunc.o(i.MoveFinger)
    i.NVIC_Init                              0x08001534   Section        0  misc.o(i.NVIC_Init)
    i.NVIC_PriorityGroupConfig               0x080015ac   Section        0  misc.o(i.NVIC_PriorityGroupConfig)
    i.PID_Controller                         0x080015c0   Section        0  myfunc.o(i.PID_Controller)
    i.PIDchange                              0x08001708   Section        0  myfunc.o(i.PIDchange)
    i.PIDinquiry                             0x08001a8c   Section        0  myfunc.o(i.PIDinquiry)
    i.PWMDriver                              0x08001ec0   Section        0  myfunc.o(i.PWMDriver)
    i.PrescaleConfig_PCA9685                 0x08002004   Section        0  pca9685.o(i.PrescaleConfig_PCA9685)
    i.Prescale_Calculate                     0x08002078   Section        0  pca9685.o(i.Prescale_Calculate)
    i.RCC_AHB1PeriphClockCmd                 0x08002110   Section        0  stm32f4xx_rcc.o(i.RCC_AHB1PeriphClockCmd)
    i.RCC_APB1PeriphClockCmd                 0x08002130   Section        0  stm32f4xx_rcc.o(i.RCC_APB1PeriphClockCmd)
    i.RCC_APB2PeriphClockCmd                 0x08002150   Section        0  stm32f4xx_rcc.o(i.RCC_APB2PeriphClockCmd)
    i.RCC_GetClocksFreq                      0x08002170   Section        0  stm32f4xx_rcc.o(i.RCC_GetClocksFreq)
    i.Send16bitData                          0x08002258   Section        0  usart.o(i.Send16bitData)
    i.Send8bitData                           0x080022ac   Section        0  usart.o(i.Send8bitData)
    i.SensorSignal                           0x080022cc   Section        0  getangle.o(i.SensorSignal)
    i.SetSysClock                            0x0800236c   Section        0  system_stm32f4xx.o(i.SetSysClock)
    SetSysClock                              0x0800236d   Thumb Code   220  system_stm32f4xx.o(i.SetSysClock)
    i.SysTick_CLKSourceConfig                0x08002458   Section        0  misc.o(i.SysTick_CLKSourceConfig)
    i.SystemInit                             0x08002480   Section        0  system_stm32f4xx.o(i.SystemInit)
    i.TIM3_IRQHandler                        0x080024e8   Section        0  tim.o(i.TIM3_IRQHandler)
    i.TIM3_init                              0x08002520   Section        0  tim.o(i.TIM3_init)
    i.TIM5_IRQHandler                        0x08002588   Section        0  tim.o(i.TIM5_IRQHandler)
    i.TIM5_init                              0x080025c4   Section        0  tim.o(i.TIM5_init)
    i.TIM_ClearITPendingBit                  0x0800262c   Section        0  stm32f4xx_tim.o(i.TIM_ClearITPendingBit)
    i.TIM_Cmd                                0x08002632   Section        0  stm32f4xx_tim.o(i.TIM_Cmd)
    i.TIM_GetITStatus                        0x0800264a   Section        0  stm32f4xx_tim.o(i.TIM_GetITStatus)
    i.TIM_ITConfig                           0x0800266c   Section        0  stm32f4xx_tim.o(i.TIM_ITConfig)
    i.TIM_TimeBaseInit                       0x08002680   Section        0  stm32f4xx_tim.o(i.TIM_TimeBaseInit)
    i.USART1_IRQHandler                      0x08002704   Section        0  usart.o(i.USART1_IRQHandler)
    i.USART_ClearFlag                        0x080027e4   Section        0  stm32f4xx_usart.o(i.USART_ClearFlag)
    i.USART_Cmd                              0x080027f6   Section        0  stm32f4xx_usart.o(i.USART_Cmd)
    i.USART_GetFlagStatus                    0x0800280e   Section        0  stm32f4xx_usart.o(i.USART_GetFlagStatus)
    i.USART_GetITStatus                      0x08002828   Section        0  stm32f4xx_usart.o(i.USART_GetITStatus)
    i.USART_ITConfig                         0x0800287c   Section        0  stm32f4xx_usart.o(i.USART_ITConfig)
    i.USART_Init                             0x080028c8   Section        0  stm32f4xx_usart.o(i.USART_Init)
    i.USART_ReceiveData                      0x0800299c   Section        0  stm32f4xx_usart.o(i.USART_ReceiveData)
    i.USART_SendData                         0x080029a6   Section        0  stm32f4xx_usart.o(i.USART_SendData)
    i.UsartDataRec                           0x080029b0   Section        0  myfunc.o(i.UsartDataRec)
    i.UsartInit                              0x08002a30   Section        0  usart.o(i.UsartInit)
    i.__hardfp_fabs                          0x08002ae8   Section        0  fabs.o(i.__hardfp_fabs)
    i.__hardfp_floor                         0x08002b00   Section        0  floor.o(i.__hardfp_floor)
    i.cenie                                  0x08002c18   Section        0  myfunc.o(i.cenie)
    i.controlFan                             0x080031a0   Section        0  myfunc.o(i.controlFan)
    i.controller                             0x080031dc   Section        0  myfunc.o(i.controller)
    i.delay_init                             0x08003490   Section        0  delay.o(i.delay_init)
    i.delay_us                               0x080034cc   Section        0  delay.o(i.delay_us)
    i.duizhi                                 0x08003518   Section        0  myfunc.o(i.duizhi)
    i.main                                   0x08003720   Section        0  main.o(i.main)
    i.neikou                                 0x08003e64   Section        0  myfunc.o(i.neikou)
    i.preHeat_init                           0x08003fd8   Section        0  myfunc.o(i.preHeat_init)
    preHeat_init                             0x08003fd9   Thumb Code    64  myfunc.o(i.preHeat_init)
    i.qiehuan                                0x0800402c   Section        0  myfunc.o(i.qiehuan)
    i.sanzhi                                 0x08004414   Section        0  myfunc.o(i.sanzhi)
    i.sendGUI                                0x08004618   Section        0  main.o(i.sendGUI)
    i.sendGUInumber                          0x080046f8   Section        0  main.o(i.sendGUInumber)
    i.setPWM                                 0x0800473c   Section        0  pca9685.o(i.setPWM)
    i.speedControlTest                       0x080047a0   Section        0  myfunc.o(i.speedControlTest)
    i.woquan                                 0x080049c4   Section        0  myfunc.o(i.woquan)
    i.yuanzhu                                0x08004bc4   Section        0  myfunc.o(i.yuanzhu)
    x$fpl$d2f                                0x08005018   Section       98  d2f.o(x$fpl$d2f)
    $v0                                      0x08005018   Number         0  d2f.o(x$fpl$d2f)
    x$fpl$dadd                               0x0800507c   Section      336  daddsub_clz.o(x$fpl$dadd)
    $v0                                      0x0800507c   Number         0  daddsub_clz.o(x$fpl$dadd)
    _dadd1                                   0x0800508d   Thumb Code     0  daddsub_clz.o(x$fpl$dadd)
    x$fpl$dcmpinf                            0x080051cc   Section       24  dcmpi.o(x$fpl$dcmpinf)
    $v0                                      0x080051cc   Number         0  dcmpi.o(x$fpl$dcmpinf)
    x$fpl$ddiv                               0x080051e4   Section      688  ddiv.o(x$fpl$ddiv)
    $v0                                      0x080051e4   Number         0  ddiv.o(x$fpl$ddiv)
    ddiv_entry                               0x080051eb   Thumb Code     0  ddiv.o(x$fpl$ddiv)
    x$fpl$dfixu                              0x08005494   Section       90  dfixu.o(x$fpl$dfixu)
    $v0                                      0x08005494   Number         0  dfixu.o(x$fpl$dfixu)
    x$fpl$dflt                               0x080054ee   Section       46  dflt_clz.o(x$fpl$dflt)
    $v0                                      0x080054ee   Number         0  dflt_clz.o(x$fpl$dflt)
    x$fpl$dfltu                              0x0800551c   Section       38  dflt_clz.o(x$fpl$dfltu)
    $v0                                      0x0800551c   Number         0  dflt_clz.o(x$fpl$dfltu)
    x$fpl$dleqf                              0x08005544   Section      120  dleqf.o(x$fpl$dleqf)
    $v0                                      0x08005544   Number         0  dleqf.o(x$fpl$dleqf)
    x$fpl$dmul                               0x080055bc   Section      340  dmul.o(x$fpl$dmul)
    $v0                                      0x080055bc   Number         0  dmul.o(x$fpl$dmul)
    x$fpl$dnaninf                            0x08005710   Section      156  dnaninf.o(x$fpl$dnaninf)
    $v0                                      0x08005710   Number         0  dnaninf.o(x$fpl$dnaninf)
    x$fpl$dretinf                            0x080057ac   Section       12  dretinf.o(x$fpl$dretinf)
    $v0                                      0x080057ac   Number         0  dretinf.o(x$fpl$dretinf)
    x$fpl$drleqf                             0x080057b8   Section      108  drleqf.o(x$fpl$drleqf)
    $v0                                      0x080057b8   Number         0  drleqf.o(x$fpl$drleqf)
    x$fpl$drsb                               0x08005824   Section       22  daddsub_clz.o(x$fpl$drsb)
    $v0                                      0x08005824   Number         0  daddsub_clz.o(x$fpl$drsb)
    x$fpl$dsub                               0x0800583c   Section      468  daddsub_clz.o(x$fpl$dsub)
    $v0                                      0x0800583c   Number         0  daddsub_clz.o(x$fpl$dsub)
    _dsub1                                   0x0800584d   Thumb Code     0  daddsub_clz.o(x$fpl$dsub)
    x$fpl$f2d                                0x08005a10   Section       86  f2d.o(x$fpl$f2d)
    $v0                                      0x08005a10   Number         0  f2d.o(x$fpl$f2d)
    x$fpl$fnaninf                            0x08005a66   Section      140  fnaninf.o(x$fpl$fnaninf)
    $v0                                      0x08005a66   Number         0  fnaninf.o(x$fpl$fnaninf)
    x$fpl$fpinit                             0x08005af2   Section       10  fpinit.o(x$fpl$fpinit)
    $v0                                      0x08005af2   Number         0  fpinit.o(x$fpl$fpinit)
    x$fpl$fretinf                            0x08005afc   Section       10  fretinf.o(x$fpl$fretinf)
    $v0                                      0x08005afc   Number         0  fretinf.o(x$fpl$fretinf)
    x$fpl$usenofp                            0x08005b06   Section        0  usenofp.o(x$fpl$usenofp)
    .constdata                               0x08005b08   Section     1276  myfunc.o(.constdata)
    .data                                    0x20000000   Section      120  main.o(.data)
    .data                                    0x20000078   Section       16  stm32f4xx_rcc.o(.data)
    APBAHBPrescTable                         0x20000078   Data          16  stm32f4xx_rcc.o(.data)
    .data                                    0x20000088   Section        4  delay.o(.data)
    fac_us                                   0x20000088   Data           1  delay.o(.data)
    fac_ms                                   0x2000008a   Data           2  delay.o(.data)
    .data                                    0x2000008c   Section        4  led.o(.data)
    flag                                     0x2000008c   Data           4  led.o(.data)
    .data                                    0x20000090   Section       16  tim.o(.data)
    a                                        0x2000009c   Data           4  tim.o(.data)
    .data                                    0x200000a0   Section       16  usart.o(.data)
    .data                                    0x200000b0   Section       77  myfunc.o(.data)
    state                                    0x200000fc   Data           1  myfunc.o(.data)
    .data                                    0x20000100   Section    13380  getangle.o(.data)
    .bss                                     0x20003544   Section       40  usart.o(.bss)
    .bss                                     0x2000356c   Section     4064  myfunc.o(.bss)
    daMove                                   0x20003c4c   Data          64  myfunc.o(.bss)
    shiMove                                  0x20003c8c   Data          64  myfunc.o(.bss)
    zhongMove                                0x20003ccc   Data          64  myfunc.o(.bss)
    wumingMove                               0x20003d0c   Data          64  myfunc.o(.bss)
    xiaoMove                                 0x20003d4c   Data          64  myfunc.o(.bss)
    daMove                                   0x20003d8c   Data          64  myfunc.o(.bss)
    shiMove                                  0x20003dcc   Data          64  myfunc.o(.bss)
    zhongMove                                0x20003e0c   Data          64  myfunc.o(.bss)
    wumingMove                               0x20003e4c   Data          64  myfunc.o(.bss)
    xiaoMove                                 0x20003e8c   Data          64  myfunc.o(.bss)
    daMove                                   0x20003ecc   Data          64  myfunc.o(.bss)
    shiMove                                  0x20003f0c   Data          64  myfunc.o(.bss)
    zhongMove                                0x20003f4c   Data          64  myfunc.o(.bss)
    wumingMove                               0x20003f8c   Data          64  myfunc.o(.bss)
    xiaoMove                                 0x20003fcc   Data          64  myfunc.o(.bss)
    da                                       0x2000400c   Data          64  myfunc.o(.bss)
    shi                                      0x2000404c   Data          64  myfunc.o(.bss)
    zhong                                    0x2000408c   Data          64  myfunc.o(.bss)
    wuming                                   0x200040cc   Data          64  myfunc.o(.bss)
    xiao                                     0x2000410c   Data          64  myfunc.o(.bss)
    daMove                                   0x2000414c   Data          64  myfunc.o(.bss)
    shiMove                                  0x2000418c   Data          64  myfunc.o(.bss)
    zhongMove                                0x200041cc   Data          64  myfunc.o(.bss)
    wumingMove                               0x2000420c   Data          64  myfunc.o(.bss)
    xiaoMove                                 0x2000424c   Data          64  myfunc.o(.bss)
    daMovePara                               0x2000428c   Data          64  myfunc.o(.bss)
    shiMovePara                              0x200042cc   Data          64  myfunc.o(.bss)
    zhongMovePara                            0x2000430c   Data          64  myfunc.o(.bss)
    wumingMovePara                           0x2000434c   Data          64  myfunc.o(.bss)
    xiaoMovePara                             0x2000438c   Data          64  myfunc.o(.bss)
    daMovePara                               0x200043cc   Data          64  myfunc.o(.bss)
    shiMovePara                              0x2000440c   Data          64  myfunc.o(.bss)
    zhongMovePara                            0x2000444c   Data          64  myfunc.o(.bss)
    wumingMovePara                           0x2000448c   Data          64  myfunc.o(.bss)
    xiaoMovePara                             0x200044cc   Data          64  myfunc.o(.bss)
    move_para                                0x2000450c   Data          64  myfunc.o(.bss)
    .bss                                     0x2000454c   Section       96  libspace.o(.bss)
    HEAP                                     0x200045b0   Section      512  startup_stm32f40_41xxx.o(HEAP)
    Heap_Mem                                 0x200045b0   Data         512  startup_stm32f40_41xxx.o(HEAP)
    STACK                                    0x200047b0   Section     1024  startup_stm32f40_41xxx.o(STACK)
    Stack_Mem                                0x200047b0   Data        1024  startup_stm32f40_41xxx.o(STACK)
    __initial_sp                             0x20004bb0   Data           0  startup_stm32f40_41xxx.o(STACK)

    Global Symbols

    Symbol Name                              Value     Ov Type        Size  Object(Section)

    BuildAttributes$$THM_ISAv4$E$P$D$K$B$S$7EM$VFPi3$EXTD16$VFPS$VFMA$PE$A:L22UL41UL21$X:L11$S22US41US21$IEEE1$IW$USESV6$~STKCKD$USESV7$~SHL$OTIME$ROPI$IEEEJ$EBA8$UX$STANDARDLIB$REQ8$PRES8$EABIv2 0x00000000   Number         0  anon$$obj.o ABSOLUTE
    __ARM_use_no_argv                        0x00000000   Number         0  main.o ABSOLUTE
    __ARM_exceptions_init                     - Undefined Weak Reference
    __alloca_initialize                       - Undefined Weak Reference
    __arm_preinit_                            - Undefined Weak Reference
    __cpp_initialize__aeabi_                  - Undefined Weak Reference
    __cxa_finalize                            - Undefined Weak Reference
    __rt_locale                               - Undefined Weak Reference
    __sigvec_lookup                           - Undefined Weak Reference
    _atexit_init                              - Undefined Weak Reference
    _call_atexit_fns                          - Undefined Weak Reference
    _clock_init                               - Undefined Weak Reference
    _fp_trap_init                             - Undefined Weak Reference
    _fp_trap_shutdown                         - Undefined Weak Reference
    _get_lc_collate                           - Undefined Weak Reference
    _get_lc_ctype                             - Undefined Weak Reference
    _get_lc_monetary                          - Undefined Weak Reference
    _get_lc_numeric                           - Undefined Weak Reference
    _get_lc_time                              - Undefined Weak Reference
    _getenv_init                              - Undefined Weak Reference
    _handle_redirection                       - Undefined Weak Reference
    _init_alloc                               - Undefined Weak Reference
    _init_user_alloc                          - Undefined Weak Reference
    _initio                                   - Undefined Weak Reference
    _rand_init                                - Undefined Weak Reference
    _signal_finish                            - Undefined Weak Reference
    _signal_init                              - Undefined Weak Reference
    _terminate_alloc                          - Undefined Weak Reference
    _terminate_user_alloc                     - Undefined Weak Reference
    _terminateio                              - Undefined Weak Reference
    __Vectors_Size                           0x00000188   Number         0  startup_stm32f40_41xxx.o ABSOLUTE
    __Vectors                                0x08000000   Data           4  startup_stm32f40_41xxx.o(RESET)
    __Vectors_End                            0x08000188   Data           0  startup_stm32f40_41xxx.o(RESET)
    __main                                   0x08000189   Thumb Code     8  __main.o(!!!main)
    __scatterload                            0x08000191   Thumb Code     0  __scatter.o(!!!scatter)
    __scatterload_rt2                        0x08000191   Thumb Code    44  __scatter.o(!!!scatter)
    __scatterload_rt2_thumb_only             0x08000191   Thumb Code     0  __scatter.o(!!!scatter)
    __scatterload_null                       0x0800019f   Thumb Code     0  __scatter.o(!!!scatter)
    __decompress                             0x080001c5   Thumb Code    90  __dczerorl2.o(!!dczerorl2)
    __decompress1                            0x080001c5   Thumb Code     0  __dczerorl2.o(!!dczerorl2)
    __scatterload_zeroinit                   0x08000221   Thumb Code    28  __scatter_zi.o(!!handler_zi)
    __rt_lib_init                            0x0800023d   Thumb Code     0  libinit.o(.ARM.Collect$$libinit$$00000000)
    __rt_lib_init_fp_1                       0x0800023f   Thumb Code     0  libinit2.o(.ARM.Collect$$libinit$$00000001)
    __rt_lib_init_alloca_1                   0x08000243   Thumb Code     0  libinit2.o(.ARM.Collect$$libinit$$0000002E)
    __rt_lib_init_argv_1                     0x08000243   Thumb Code     0  libinit2.o(.ARM.Collect$$libinit$$0000002C)
    __rt_lib_init_atexit_1                   0x08000243   Thumb Code     0  libinit2.o(.ARM.Collect$$libinit$$0000001B)
    __rt_lib_init_clock_1                    0x08000243   Thumb Code     0  libinit2.o(.ARM.Collect$$libinit$$00000021)
    __rt_lib_init_cpp_1                      0x08000243   Thumb Code     0  libinit2.o(.ARM.Collect$$libinit$$00000032)
    __rt_lib_init_exceptions_1               0x08000243   Thumb Code     0  libinit2.o(.ARM.Collect$$libinit$$00000030)
    __rt_lib_init_fp_trap_1                  0x08000243   Thumb Code     0  libinit2.o(.ARM.Collect$$libinit$$0000001F)
    __rt_lib_init_getenv_1                   0x08000243   Thumb Code     0  libinit2.o(.ARM.Collect$$libinit$$00000023)
    __rt_lib_init_heap_1                     0x08000243   Thumb Code     0  libinit2.o(.ARM.Collect$$libinit$$0000000A)
    __rt_lib_init_lc_collate_1               0x08000243   Thumb Code     0  libinit2.o(.ARM.Collect$$libinit$$00000011)
    __rt_lib_init_lc_ctype_1                 0x08000243   Thumb Code     0  libinit2.o(.ARM.Collect$$libinit$$00000013)
    __rt_lib_init_lc_monetary_1              0x08000243   Thumb Code     0  libinit2.o(.ARM.Collect$$libinit$$00000015)
    __rt_lib_init_lc_numeric_1               0x08000243   Thumb Code     0  libinit2.o(.ARM.Collect$$libinit$$00000017)
    __rt_lib_init_lc_time_1                  0x08000243   Thumb Code     0  libinit2.o(.ARM.Collect$$libinit$$00000019)
    __rt_lib_init_preinit_1                  0x08000243   Thumb Code     0  libinit2.o(.ARM.Collect$$libinit$$00000004)
    __rt_lib_init_rand_1                     0x08000243   Thumb Code     0  libinit2.o(.ARM.Collect$$libinit$$0000000E)
    __rt_lib_init_return                     0x08000243   Thumb Code     0  libinit2.o(.ARM.Collect$$libinit$$00000033)
    __rt_lib_init_signal_1                   0x08000243   Thumb Code     0  libinit2.o(.ARM.Collect$$libinit$$0000001D)
    __rt_lib_init_stdio_1                    0x08000243   Thumb Code     0  libinit2.o(.ARM.Collect$$libinit$$00000025)
    __rt_lib_init_user_alloc_1               0x08000243   Thumb Code     0  libinit2.o(.ARM.Collect$$libinit$$0000000C)
    __rt_lib_shutdown                        0x08000245   Thumb Code     0  libshutdown.o(.ARM.Collect$$libshutdown$$00000000)
    __rt_lib_shutdown_cpp_1                  0x08000247   Thumb Code     0  libshutdown2.o(.ARM.Collect$$libshutdown$$00000002)
    __rt_lib_shutdown_fp_trap_1              0x08000247   Thumb Code     0  libshutdown2.o(.ARM.Collect$$libshutdown$$00000007)
    __rt_lib_shutdown_heap_1                 0x08000247   Thumb Code     0  libshutdown2.o(.ARM.Collect$$libshutdown$$0000000F)
    __rt_lib_shutdown_return                 0x08000247   Thumb Code     0  libshutdown2.o(.ARM.Collect$$libshutdown$$00000010)
    __rt_lib_shutdown_signal_1               0x08000247   Thumb Code     0  libshutdown2.o(.ARM.Collect$$libshutdown$$0000000A)
    __rt_lib_shutdown_stdio_1                0x08000247   Thumb Code     0  libshutdown2.o(.ARM.Collect$$libshutdown$$00000004)
    __rt_lib_shutdown_user_alloc_1           0x08000247   Thumb Code     0  libshutdown2.o(.ARM.Collect$$libshutdown$$0000000C)
    __rt_entry                               0x08000249   Thumb Code     0  __rtentry.o(.ARM.Collect$$rtentry$$00000000)
    __rt_entry_presh_1                       0x08000249   Thumb Code     0  __rtentry2.o(.ARM.Collect$$rtentry$$00000002)
    __rt_entry_sh                            0x08000249   Thumb Code     0  __rtentry4.o(.ARM.Collect$$rtentry$$00000004)
    __rt_entry_li                            0x0800024f   Thumb Code     0  __rtentry2.o(.ARM.Collect$$rtentry$$0000000A)
    __rt_entry_postsh_1                      0x0800024f   Thumb Code     0  __rtentry2.o(.ARM.Collect$$rtentry$$00000009)
    __rt_entry_main                          0x08000253   Thumb Code     0  __rtentry2.o(.ARM.Collect$$rtentry$$0000000D)
    __rt_entry_postli_1                      0x08000253   Thumb Code     0  __rtentry2.o(.ARM.Collect$$rtentry$$0000000C)
    __rt_exit                                0x0800025b   Thumb Code     0  rtexit.o(.ARM.Collect$$rtexit$$00000000)
    __rt_exit_ls                             0x0800025d   Thumb Code     0  rtexit2.o(.ARM.Collect$$rtexit$$00000003)
    __rt_exit_prels_1                        0x0800025d   Thumb Code     0  rtexit2.o(.ARM.Collect$$rtexit$$00000002)
    __rt_exit_exit                           0x08000261   Thumb Code     0  rtexit2.o(.ARM.Collect$$rtexit$$00000004)
    Reset_Handler                            0x08000269   Thumb Code     8  startup_stm32f40_41xxx.o(.text)
    NMI_Handler                              0x08000271   Thumb Code     2  startup_stm32f40_41xxx.o(.text)
    HardFault_Handler                        0x08000273   Thumb Code     2  startup_stm32f40_41xxx.o(.text)
    MemManage_Handler                        0x08000275   Thumb Code     2  startup_stm32f40_41xxx.o(.text)
    BusFault_Handler                         0x08000277   Thumb Code     2  startup_stm32f40_41xxx.o(.text)
    UsageFault_Handler                       0x08000279   Thumb Code     2  startup_stm32f40_41xxx.o(.text)
    SVC_Handler                              0x0800027b   Thumb Code     2  startup_stm32f40_41xxx.o(.text)
    DebugMon_Handler                         0x0800027d   Thumb Code     2  startup_stm32f40_41xxx.o(.text)
    PendSV_Handler                           0x0800027f   Thumb Code     2  startup_stm32f40_41xxx.o(.text)
    SysTick_Handler                          0x08000281   Thumb Code     2  startup_stm32f40_41xxx.o(.text)
    ADC_IRQHandler                           0x08000283   Thumb Code     0  startup_stm32f40_41xxx.o(.text)
    CAN1_RX0_IRQHandler                      0x08000283   Thumb Code     0  startup_stm32f40_41xxx.o(.text)
    CAN1_RX1_IRQHandler                      0x08000283   Thumb Code     0  startup_stm32f40_41xxx.o(.text)
    CAN1_SCE_IRQHandler                      0x08000283   Thumb Code     0  startup_stm32f40_41xxx.o(.text)
    CAN1_TX_IRQHandler                       0x08000283   Thumb Code     0  startup_stm32f40_41xxx.o(.text)
    CAN2_RX0_IRQHandler                      0x08000283   Thumb Code     0  startup_stm32f40_41xxx.o(.text)
    CAN2_RX1_IRQHandler                      0x08000283   Thumb Code     0  startup_stm32f40_41xxx.o(.text)
    CAN2_SCE_IRQHandler                      0x08000283   Thumb Code     0  startup_stm32f40_41xxx.o(.text)
    CAN2_TX_IRQHandler                       0x08000283   Thumb Code     0  startup_stm32f40_41xxx.o(.text)
    CRYP_IRQHandler                          0x08000283   Thumb Code     0  startup_stm32f40_41xxx.o(.text)
    DCMI_IRQHandler                          0x08000283   Thumb Code     0  startup_stm32f40_41xxx.o(.text)
    DMA1_Stream0_IRQHandler                  0x08000283   Thumb Code     0  startup_stm32f40_41xxx.o(.text)
    DMA1_Stream1_IRQHandler                  0x08000283   Thumb Code     0  startup_stm32f40_41xxx.o(.text)
    DMA1_Stream2_IRQHandler                  0x08000283   Thumb Code     0  startup_stm32f40_41xxx.o(.text)
    DMA1_Stream3_IRQHandler                  0x08000283   Thumb Code     0  startup_stm32f40_41xxx.o(.text)
    DMA1_Stream4_IRQHandler                  0x08000283   Thumb Code     0  startup_stm32f40_41xxx.o(.text)
    DMA1_Stream5_IRQHandler                  0x08000283   Thumb Code     0  startup_stm32f40_41xxx.o(.text)
    DMA1_Stream6_IRQHandler                  0x08000283   Thumb Code     0  startup_stm32f40_41xxx.o(.text)
    DMA1_Stream7_IRQHandler                  0x08000283   Thumb Code     0  startup_stm32f40_41xxx.o(.text)
    DMA2_Stream0_IRQHandler                  0x08000283   Thumb Code     0  startup_stm32f40_41xxx.o(.text)
    DMA2_Stream1_IRQHandler                  0x08000283   Thumb Code     0  startup_stm32f40_41xxx.o(.text)
    DMA2_Stream2_IRQHandler                  0x08000283   Thumb Code     0  startup_stm32f40_41xxx.o(.text)
    DMA2_Stream3_IRQHandler                  0x08000283   Thumb Code     0  startup_stm32f40_41xxx.o(.text)
    DMA2_Stream4_IRQHandler                  0x08000283   Thumb Code     0  startup_stm32f40_41xxx.o(.text)
    DMA2_Stream5_IRQHandler                  0x08000283   Thumb Code     0  startup_stm32f40_41xxx.o(.text)
    DMA2_Stream6_IRQHandler                  0x08000283   Thumb Code     0  startup_stm32f40_41xxx.o(.text)
    DMA2_Stream7_IRQHandler                  0x08000283   Thumb Code     0  startup_stm32f40_41xxx.o(.text)
    ETH_IRQHandler                           0x08000283   Thumb Code     0  startup_stm32f40_41xxx.o(.text)
    ETH_WKUP_IRQHandler                      0x08000283   Thumb Code     0  startup_stm32f40_41xxx.o(.text)
    EXTI0_IRQHandler                         0x08000283   Thumb Code     0  startup_stm32f40_41xxx.o(.text)
    EXTI15_10_IRQHandler                     0x08000283   Thumb Code     0  startup_stm32f40_41xxx.o(.text)
    EXTI1_IRQHandler                         0x08000283   Thumb Code     0  startup_stm32f40_41xxx.o(.text)
    EXTI2_IRQHandler                         0x08000283   Thumb Code     0  startup_stm32f40_41xxx.o(.text)
    EXTI3_IRQHandler                         0x08000283   Thumb Code     0  startup_stm32f40_41xxx.o(.text)
    EXTI4_IRQHandler                         0x08000283   Thumb Code     0  startup_stm32f40_41xxx.o(.text)
    EXTI9_5_IRQHandler                       0x08000283   Thumb Code     0  startup_stm32f40_41xxx.o(.text)
    FLASH_IRQHandler                         0x08000283   Thumb Code     0  startup_stm32f40_41xxx.o(.text)
    FPU_IRQHandler                           0x08000283   Thumb Code     0  startup_stm32f40_41xxx.o(.text)
    FSMC_IRQHandler                          0x08000283   Thumb Code     0  startup_stm32f40_41xxx.o(.text)
    HASH_RNG_IRQHandler                      0x08000283   Thumb Code     0  startup_stm32f40_41xxx.o(.text)
    I2C1_ER_IRQHandler                       0x08000283   Thumb Code     0  startup_stm32f40_41xxx.o(.text)
    I2C1_EV_IRQHandler                       0x08000283   Thumb Code     0  startup_stm32f40_41xxx.o(.text)
    I2C2_ER_IRQHandler                       0x08000283   Thumb Code     0  startup_stm32f40_41xxx.o(.text)
    I2C2_EV_IRQHandler                       0x08000283   Thumb Code     0  startup_stm32f40_41xxx.o(.text)
    I2C3_ER_IRQHandler                       0x08000283   Thumb Code     0  startup_stm32f40_41xxx.o(.text)
    I2C3_EV_IRQHandler                       0x08000283   Thumb Code     0  startup_stm32f40_41xxx.o(.text)
    OTG_FS_IRQHandler                        0x08000283   Thumb Code     0  startup_stm32f40_41xxx.o(.text)
    OTG_FS_WKUP_IRQHandler                   0x08000283   Thumb Code     0  startup_stm32f40_41xxx.o(.text)
    OTG_HS_EP1_IN_IRQHandler                 0x08000283   Thumb Code     0  startup_stm32f40_41xxx.o(.text)
    OTG_HS_EP1_OUT_IRQHandler                0x08000283   Thumb Code     0  startup_stm32f40_41xxx.o(.text)
    OTG_HS_IRQHandler                        0x08000283   Thumb Code     0  startup_stm32f40_41xxx.o(.text)
    OTG_HS_WKUP_IRQHandler                   0x08000283   Thumb Code     0  startup_stm32f40_41xxx.o(.text)
    PVD_IRQHandler                           0x08000283   Thumb Code     0  startup_stm32f40_41xxx.o(.text)
    RCC_IRQHandler                           0x08000283   Thumb Code     0  startup_stm32f40_41xxx.o(.text)
    RTC_Alarm_IRQHandler                     0x08000283   Thumb Code     0  startup_stm32f40_41xxx.o(.text)
    RTC_WKUP_IRQHandler                      0x08000283   Thumb Code     0  startup_stm32f40_41xxx.o(.text)
    SDIO_IRQHandler                          0x08000283   Thumb Code     0  startup_stm32f40_41xxx.o(.text)
    SPI1_IRQHandler                          0x08000283   Thumb Code     0  startup_stm32f40_41xxx.o(.text)
    SPI2_IRQHandler                          0x08000283   Thumb Code     0  startup_stm32f40_41xxx.o(.text)
    SPI3_IRQHandler                          0x08000283   Thumb Code     0  startup_stm32f40_41xxx.o(.text)
    TAMP_STAMP_IRQHandler                    0x08000283   Thumb Code     0  startup_stm32f40_41xxx.o(.text)
    TIM1_BRK_TIM9_IRQHandler                 0x08000283   Thumb Code     0  startup_stm32f40_41xxx.o(.text)
    TIM1_CC_IRQHandler                       0x08000283   Thumb Code     0  startup_stm32f40_41xxx.o(.text)
    TIM1_TRG_COM_TIM11_IRQHandler            0x08000283   Thumb Code     0  startup_stm32f40_41xxx.o(.text)
    TIM1_UP_TIM10_IRQHandler                 0x08000283   Thumb Code     0  startup_stm32f40_41xxx.o(.text)
    TIM2_IRQHandler                          0x08000283   Thumb Code     0  startup_stm32f40_41xxx.o(.text)
    TIM4_IRQHandler                          0x08000283   Thumb Code     0  startup_stm32f40_41xxx.o(.text)
    TIM6_DAC_IRQHandler                      0x08000283   Thumb Code     0  startup_stm32f40_41xxx.o(.text)
    TIM7_IRQHandler                          0x08000283   Thumb Code     0  startup_stm32f40_41xxx.o(.text)
    TIM8_BRK_TIM12_IRQHandler                0x08000283   Thumb Code     0  startup_stm32f40_41xxx.o(.text)
    TIM8_CC_IRQHandler                       0x08000283   Thumb Code     0  startup_stm32f40_41xxx.o(.text)
    TIM8_TRG_COM_TIM14_IRQHandler            0x08000283   Thumb Code     0  startup_stm32f40_41xxx.o(.text)
    TIM8_UP_TIM13_IRQHandler                 0x08000283   Thumb Code     0  startup_stm32f40_41xxx.o(.text)
    UART4_IRQHandler                         0x08000283   Thumb Code     0  startup_stm32f40_41xxx.o(.text)
    UART5_IRQHandler                         0x08000283   Thumb Code     0  startup_stm32f40_41xxx.o(.text)
    USART2_IRQHandler                        0x08000283   Thumb Code     0  startup_stm32f40_41xxx.o(.text)
    USART3_IRQHandler                        0x08000283   Thumb Code     0  startup_stm32f40_41xxx.o(.text)
    USART6_IRQHandler                        0x08000283   Thumb Code     0  startup_stm32f40_41xxx.o(.text)
    WWDG_IRQHandler                          0x08000283   Thumb Code     0  startup_stm32f40_41xxx.o(.text)
    __user_initial_stackheap                 0x08000285   Thumb Code     0  startup_stm32f40_41xxx.o(.text)
    __aeabi_memcpy4                          0x080002a9   Thumb Code     0  rt_memcpy_w.o(.text)
    __aeabi_memcpy8                          0x080002a9   Thumb Code     0  rt_memcpy_w.o(.text)
    __rt_memcpy_w                            0x080002a9   Thumb Code   100  rt_memcpy_w.o(.text)
    _memcpy_lastbytes_aligned                0x080002f1   Thumb Code     0  rt_memcpy_w.o(.text)
    __use_two_region_memory                  0x0800030d   Thumb Code     2  heapauxi.o(.text)
    __rt_heap_escrow$2region                 0x0800030f   Thumb Code     2  heapauxi.o(.text)
    __rt_heap_expand$2region                 0x08000311   Thumb Code     2  heapauxi.o(.text)
    __user_setup_stackheap                   0x08000313   Thumb Code    74  sys_stackheap_outer.o(.text)
    exit                                     0x0800035d   Thumb Code    18  exit.o(.text)
    __user_libspace                          0x08000371   Thumb Code     8  libspace.o(.text)
    __user_perproc_libspace                  0x08000371   Thumb Code     0  libspace.o(.text)
    __user_perthread_libspace                0x08000371   Thumb Code     0  libspace.o(.text)
    _sys_exit                                0x08000379   Thumb Code     8  sys_exit.o(.text)
    __I$use$semihosting                      0x08000385   Thumb Code     0  use_no_semi.o(.text)
    __use_no_semihosting_swi                 0x08000385   Thumb Code     2  use_no_semi.o(.text)
    __semihosting_library_function           0x08000387   Thumb Code     0  indicate_semi.o(.text)
    AD7606_AllDeviceSample_AB                0x08000389   Thumb Code   580  spiad7606.o(i.AD7606_AllDeviceSample_AB)
    AD7606_GPIO_Init                         0x080005d9   Thumb Code   212  spiad7606.o(i.AD7606_GPIO_Init)
    Data2Angle                               0x080006b9   Thumb Code  1414  getangle.o(i.Data2Angle)
    Filter                                   0x08000c61   Thumb Code    82  getangle.o(i.Filter)
    GPIO_Init                                0x08000cb9   Thumb Code   144  stm32f4xx_gpio.o(i.GPIO_Init)
    GPIO_PinAFConfig                         0x08000d49   Thumb Code    70  stm32f4xx_gpio.o(i.GPIO_PinAFConfig)
    GPIO_ReadInputDataBit                    0x08000d8f   Thumb Code    18  stm32f4xx_gpio.o(i.GPIO_ReadInputDataBit)
    GPIO_ResetBits                           0x08000da1   Thumb Code     4  stm32f4xx_gpio.o(i.GPIO_ResetBits)
    GPIO_SetBits                             0x08000da5   Thumb Code     4  stm32f4xx_gpio.o(i.GPIO_SetBits)
    I2C_INIT                                 0x08000da9   Thumb Code    64  i2csml.o(i.I2C_INIT)
    I2C_SDA_IN                               0x08000ded   Thumb Code    34  i2csml.o(i.I2C_SDA_IN)
    I2C_SDA_OUT                              0x08000e15   Thumb Code    40  i2csml.o(i.I2C_SDA_OUT)
    I2C_Send_Byte                            0x08000e41   Thumb Code    90  i2csml.o(i.I2C_Send_Byte)
    I2C_Start                                0x08000ea1   Thumb Code    52  i2csml.o(i.I2C_Start)
    I2C_Stop                                 0x08000ed9   Thumb Code    52  i2csml.o(i.I2C_Stop)
    I2C_Wait_Ack                             0x08000f11   Thumb Code    78  i2csml.o(i.I2C_Wait_Ack)
    KEY0_Init                                0x08000f65   Thumb Code    48  main.o(i.KEY0_Init)
    LED_Dark                                 0x08000f99   Thumb Code     2  led.o(i.LED_Dark)
    LED_Init                                 0x08000f9d   Thumb Code   354  led.o(i.LED_Init)
    LED_Light                                0x08001111   Thumb Code   422  led.o(i.LED_Light)
    MoveFinger                               0x080012c9   Thumb Code   582  myfunc.o(i.MoveFinger)
    NVIC_Init                                0x08001535   Thumb Code   106  misc.o(i.NVIC_Init)
    NVIC_PriorityGroupConfig                 0x080015ad   Thumb Code    10  misc.o(i.NVIC_PriorityGroupConfig)
    PID_Controller                           0x080015c1   Thumb Code   318  myfunc.o(i.PID_Controller)
    PIDchange                                0x08001709   Thumb Code   892  myfunc.o(i.PIDchange)
    PIDinquiry                               0x08001a8d   Thumb Code  1076  myfunc.o(i.PIDinquiry)
    PWMDriver                                0x08001ec1   Thumb Code   320  myfunc.o(i.PWMDriver)
    PrescaleConfig_PCA9685                   0x08002005   Thumb Code   114  pca9685.o(i.PrescaleConfig_PCA9685)
    Prescale_Calculate                       0x08002079   Thumb Code   126  pca9685.o(i.Prescale_Calculate)
    RCC_AHB1PeriphClockCmd                   0x08002111   Thumb Code    26  stm32f4xx_rcc.o(i.RCC_AHB1PeriphClockCmd)
    RCC_APB1PeriphClockCmd                   0x08002131   Thumb Code    26  stm32f4xx_rcc.o(i.RCC_APB1PeriphClockCmd)
    RCC_APB2PeriphClockCmd                   0x08002151   Thumb Code    26  stm32f4xx_rcc.o(i.RCC_APB2PeriphClockCmd)
    RCC_GetClocksFreq                        0x08002171   Thumb Code   214  stm32f4xx_rcc.o(i.RCC_GetClocksFreq)
    Send16bitData                            0x08002259   Thumb Code    80  usart.o(i.Send16bitData)
    Send8bitData                             0x080022ad   Thumb Code    28  usart.o(i.Send8bitData)
    SensorSignal                             0x080022cd   Thumb Code   144  getangle.o(i.SensorSignal)
    SysTick_CLKSourceConfig                  0x08002459   Thumb Code    40  misc.o(i.SysTick_CLKSourceConfig)
    SystemInit                               0x08002481   Thumb Code    88  system_stm32f4xx.o(i.SystemInit)
    TIM3_IRQHandler                          0x080024e9   Thumb Code    42  tim.o(i.TIM3_IRQHandler)
    TIM3_init                                0x08002521   Thumb Code    98  tim.o(i.TIM3_init)
    TIM5_IRQHandler                          0x08002589   Thumb Code    52  tim.o(i.TIM5_IRQHandler)
    TIM5_init                                0x080025c5   Thumb Code    98  tim.o(i.TIM5_init)
    TIM_ClearITPendingBit                    0x0800262d   Thumb Code     6  stm32f4xx_tim.o(i.TIM_ClearITPendingBit)
    TIM_Cmd                                  0x08002633   Thumb Code    24  stm32f4xx_tim.o(i.TIM_Cmd)
    TIM_GetITStatus                          0x0800264b   Thumb Code    34  stm32f4xx_tim.o(i.TIM_GetITStatus)
    TIM_ITConfig                             0x0800266d   Thumb Code    18  stm32f4xx_tim.o(i.TIM_ITConfig)
    TIM_TimeBaseInit                         0x08002681   Thumb Code   104  stm32f4xx_tim.o(i.TIM_TimeBaseInit)
    USART1_IRQHandler                        0x08002705   Thumb Code   204  usart.o(i.USART1_IRQHandler)
    USART_ClearFlag                          0x080027e5   Thumb Code    18  stm32f4xx_usart.o(i.USART_ClearFlag)
    USART_Cmd                                0x080027f7   Thumb Code    24  stm32f4xx_usart.o(i.USART_Cmd)
    USART_GetFlagStatus                      0x0800280f   Thumb Code    26  stm32f4xx_usart.o(i.USART_GetFlagStatus)
    USART_GetITStatus                        0x08002829   Thumb Code    84  stm32f4xx_usart.o(i.USART_GetITStatus)
    USART_ITConfig                           0x0800287d   Thumb Code    74  stm32f4xx_usart.o(i.USART_ITConfig)
    USART_Init                               0x080028c9   Thumb Code   204  stm32f4xx_usart.o(i.USART_Init)
    USART_ReceiveData                        0x0800299d   Thumb Code    10  stm32f4xx_usart.o(i.USART_ReceiveData)
    USART_SendData                           0x080029a7   Thumb Code     8  stm32f4xx_usart.o(i.USART_SendData)
    UsartDataRec                             0x080029b1   Thumb Code   106  myfunc.o(i.UsartDataRec)
    UsartInit                                0x08002a31   Thumb Code   174  usart.o(i.UsartInit)
    __hardfp_fabs                            0x08002ae9   Thumb Code    20  fabs.o(i.__hardfp_fabs)
    __hardfp_floor                           0x08002b01   Thumb Code   252  floor.o(i.__hardfp_floor)
    cenie                                    0x08002c19   Thumb Code  1392  myfunc.o(i.cenie)
    controlFan                               0x080031a1   Thumb Code    56  myfunc.o(i.controlFan)
    controller                               0x080031dd   Thumb Code   660  myfunc.o(i.controller)
    delay_init                               0x08003491   Thumb Code    52  delay.o(i.delay_init)
    delay_us                                 0x080034cd   Thumb Code    72  delay.o(i.delay_us)
    duizhi                                   0x08003519   Thumb Code   468  myfunc.o(i.duizhi)
    main                                     0x08003721   Thumb Code  1832  main.o(i.main)
    neikou                                   0x08003e65   Thumb Code   326  myfunc.o(i.neikou)
    qiehuan                                  0x0800402d   Thumb Code   938  myfunc.o(i.qiehuan)
    sanzhi                                   0x08004415   Thumb Code   466  myfunc.o(i.sanzhi)
    sendGUI                                  0x08004619   Thumb Code   212  main.o(i.sendGUI)
    sendGUInumber                            0x080046f9   Thumb Code    62  main.o(i.sendGUInumber)
    setPWM                                   0x0800473d   Thumb Code   100  pca9685.o(i.setPWM)
    speedControlTest                         0x080047a1   Thumb Code   526  myfunc.o(i.speedControlTest)
    woquan                                   0x080049c5   Thumb Code   462  myfunc.o(i.woquan)
    yuanzhu                                  0x08004bc5   Thumb Code  1108  myfunc.o(i.yuanzhu)
    __aeabi_d2f                              0x08005019   Thumb Code     0  d2f.o(x$fpl$d2f)
    _d2f                                     0x08005019   Thumb Code    98  d2f.o(x$fpl$d2f)
    __aeabi_dadd                             0x0800507d   Thumb Code     0  daddsub_clz.o(x$fpl$dadd)
    _dadd                                    0x0800507d   Thumb Code   332  daddsub_clz.o(x$fpl$dadd)
    __fpl_dcmp_Inf                           0x080051cd   Thumb Code    24  dcmpi.o(x$fpl$dcmpinf)
    __aeabi_ddiv                             0x080051e5   Thumb Code     0  ddiv.o(x$fpl$ddiv)
    _ddiv                                    0x080051e5   Thumb Code   552  ddiv.o(x$fpl$ddiv)
    __aeabi_d2uiz                            0x08005495   Thumb Code     0  dfixu.o(x$fpl$dfixu)
    _dfixu                                   0x08005495   Thumb Code    90  dfixu.o(x$fpl$dfixu)
    __aeabi_i2d                              0x080054ef   Thumb Code     0  dflt_clz.o(x$fpl$dflt)
    _dflt                                    0x080054ef   Thumb Code    46  dflt_clz.o(x$fpl$dflt)
    __aeabi_ui2d                             0x0800551d   Thumb Code     0  dflt_clz.o(x$fpl$dfltu)
    _dfltu                                   0x0800551d   Thumb Code    38  dflt_clz.o(x$fpl$dfltu)
    __aeabi_cdcmple                          0x08005545   Thumb Code     0  dleqf.o(x$fpl$dleqf)
    _dcmple                                  0x08005545   Thumb Code   120  dleqf.o(x$fpl$dleqf)
    __fpl_dcmple_InfNaN                      0x080055a7   Thumb Code     0  dleqf.o(x$fpl$dleqf)
    __aeabi_dmul                             0x080055bd   Thumb Code     0  dmul.o(x$fpl$dmul)
    _dmul                                    0x080055bd   Thumb Code   332  dmul.o(x$fpl$dmul)
    __fpl_dnaninf                            0x08005711   Thumb Code   156  dnaninf.o(x$fpl$dnaninf)
    __fpl_dretinf                            0x080057ad   Thumb Code    12  dretinf.o(x$fpl$dretinf)
    __aeabi_cdrcmple                         0x080057b9   Thumb Code     0  drleqf.o(x$fpl$drleqf)
    _drcmple                                 0x080057b9   Thumb Code   108  drleqf.o(x$fpl$drleqf)
    __aeabi_drsub                            0x08005825   Thumb Code     0  daddsub_clz.o(x$fpl$drsb)
    _drsb                                    0x08005825   Thumb Code    22  daddsub_clz.o(x$fpl$drsb)
    __aeabi_dsub                             0x0800583d   Thumb Code     0  daddsub_clz.o(x$fpl$dsub)
    _dsub                                    0x0800583d   Thumb Code   464  daddsub_clz.o(x$fpl$dsub)
    __aeabi_f2d                              0x08005a11   Thumb Code     0  f2d.o(x$fpl$f2d)
    _f2d                                     0x08005a11   Thumb Code    86  f2d.o(x$fpl$f2d)
    __fpl_fnaninf                            0x08005a67   Thumb Code   140  fnaninf.o(x$fpl$fnaninf)
    _fp_init                                 0x08005af3   Thumb Code    10  fpinit.o(x$fpl$fpinit)
    __fplib_config_fpu_vfp                   0x08005afb   Thumb Code     0  fpinit.o(x$fpl$fpinit)
    __fplib_config_pureend_doubles           0x08005afb   Thumb Code     0  fpinit.o(x$fpl$fpinit)
    __fpl_fretinf                            0x08005afd   Thumb Code    10  fretinf.o(x$fpl$fretinf)
    __I$use$fp                               0x08005b06   Number         0  usenofp.o(x$fpl$usenofp)
    Region$$Table$$Base                      0x08006004   Number         0  anon$$obj.o(Region$$Table)
    Region$$Table$$Limit                     0x08006024   Number         0  anon$$obj.o(Region$$Table)
    ActDIPAngle                              0x20000000   Data          40  main.o(.data)
    ActPIPAngle                              0x20000028   Data          40  main.o(.data)
    ActMCPAngle                              0x20000050   Data          40  main.o(.data)
    TIME_Counter                             0x20000090   Data           4  tim.o(.data)
    Time                                     0x20000094   Data           4  tim.o(.data)
    flagUART                                 0x20000098   Data           4  tim.o(.data)
    Tag                                      0x200000a0   Data           4  usart.o(.data)
    DataLength                               0x200000a4   Data           4  usart.o(.data)
    Mode                                     0x200000a8   Data           4  usart.o(.data)
    Tail                                     0x200000ac   Data           4  usart.o(.data)
    posDIP                                   0x200000b0   Data           4  myfunc.o(.data)
    posPIP                                   0x200000b4   Data           4  myfunc.o(.data)
    posMCP                                   0x200000b8   Data           4  myfunc.o(.data)
    TipAngle                                 0x200000bc   Data           4  myfunc.o(.data)
    SetValue                                 0x200000c0   Data           4  myfunc.o(.data)
    Duty                                     0x200000c4   Data           4  myfunc.o(.data)
    dutyShou                                 0x200000c8   Data           4  myfunc.o(.data)
    dutyShen                                 0x200000cc   Data           4  myfunc.o(.data)
    intError                                 0x200000d0   Data           4  myfunc.o(.data)
    lastError                                0x200000d4   Data           4  myfunc.o(.data)
    flagLight                                0x200000d8   Data           1  myfunc.o(.data)
    InitAngle                                0x200000dc   Data           4  myfunc.o(.data)
    SetSpeed                                 0x200000e0   Data           4  myfunc.o(.data)
    state                                    0x200000e4   Data           4  myfunc.o(.data)
    da                                       0x200000e8   Data           4  myfunc.o(.data)
    shi                                      0x200000ec   Data           4  myfunc.o(.data)
    zhong                                    0x200000f0   Data           4  myfunc.o(.data)
    wuming                                   0x200000f4   Data           4  myfunc.o(.data)
    xiao                                     0x200000f8   Data           4  myfunc.o(.data)
    mesDIPAngle                              0x20000100   Data          60  getangle.o(.data)
    mesPIPAngle                              0x2000013c   Data          60  getangle.o(.data)
    mesMCPAngle                              0x20000178   Data          60  getangle.o(.data)
    DIPSesAngle                              0x200001b4   Data        6000  getangle.o(.data)
    PIPSesAngle                              0x20001924   Data        4400  getangle.o(.data)
    MCPSesAngle                              0x20002a54   Data        2800  getangle.o(.data)
    RecBuf                                   0x20003544   Data          40  usart.o(.bss)
    SampleData                               0x2000356c   Data          64  myfunc.o(.bss)
    Data                                     0x200035ac   Data         128  myfunc.o(.bss)
    T                                        0x2000362c   Data          48  myfunc.o(.bss)
    fingerDA                                 0x2000365c   Data         300  myfunc.o(.bss)
    fingerSHI                                0x20003788   Data         300  myfunc.o(.bss)
    fingerZHONG                              0x200038b4   Data         300  myfunc.o(.bss)
    fingerWUMING                             0x200039e0   Data         300  myfunc.o(.bss)
    fingerXIAO                               0x20003b0c   Data         300  myfunc.o(.bss)
    handFinger_p                             0x20003c38   Data          20  myfunc.o(.bss)
    __libspace_start                         0x2000454c   Data          96  libspace.o(.bss)
    __temporary_stack_top$libspace           0x200045ac   Data           0  libspace.o(.bss)



==============================================================================

Memory Map of the image

  Image Entry point : 0x08000269

  Load Region LR_1 (Base: 0x08000000, Size: 0x00009568, Max: 0xffffffff, ABSOLUTE, COMPRESSED[0x00007638])

    Execution Region ER_RO (Base: 0x08000000, Size: 0x00006024, Max: 0xffffffff, ABSOLUTE)

    Base Addr    Size         Type   Attr      Idx    E Section Name        Object

    0x08000000   0x00000188   Data   RO          234    RESET               startup_stm32f40_41xxx.o
    0x08000188   0x00000008   Code   RO         2507  * !!!main             c_w.l(__main.o)
    0x08000190   0x00000034   Code   RO         2719    !!!scatter          c_w.l(__scatter.o)
    0x080001c4   0x0000005a   Code   RO         2717    !!dczerorl2         c_w.l(__dczerorl2.o)
    0x0800021e   0x00000002   PAD
    0x08000220   0x0000001c   Code   RO         2721    !!handler_zi        c_w.l(__scatter_zi.o)
    0x0800023c   0x00000002   Code   RO         2587    .ARM.Collect$$libinit$$00000000  c_w.l(libinit.o)
    0x0800023e   0x00000004   Code   RO         2593    .ARM.Collect$$libinit$$00000001  c_w.l(libinit2.o)
    0x08000242   0x00000000   Code   RO         2596    .ARM.Collect$$libinit$$00000004  c_w.l(libinit2.o)
    0x08000242   0x00000000   Code   RO         2599    .ARM.Collect$$libinit$$0000000A  c_w.l(libinit2.o)
    0x08000242   0x00000000   Code   RO         2601    .ARM.Collect$$libinit$$0000000C  c_w.l(libinit2.o)
    0x08000242   0x00000000   Code   RO         2603    .ARM.Collect$$libinit$$0000000E  c_w.l(libinit2.o)
    0x08000242   0x00000000   Code   RO         2606    .ARM.Collect$$libinit$$00000011  c_w.l(libinit2.o)
    0x08000242   0x00000000   Code   RO         2608    .ARM.Collect$$libinit$$00000013  c_w.l(libinit2.o)
    0x08000242   0x00000000   Code   RO         2610    .ARM.Collect$$libinit$$00000015  c_w.l(libinit2.o)
    0x08000242   0x00000000   Code   RO         2612    .ARM.Collect$$libinit$$00000017  c_w.l(libinit2.o)
    0x08000242   0x00000000   Code   RO         2614    .ARM.Collect$$libinit$$00000019  c_w.l(libinit2.o)
    0x08000242   0x00000000   Code   RO         2616    .ARM.Collect$$libinit$$0000001B  c_w.l(libinit2.o)
    0x08000242   0x00000000   Code   RO         2618    .ARM.Collect$$libinit$$0000001D  c_w.l(libinit2.o)
    0x08000242   0x00000000   Code   RO         2620    .ARM.Collect$$libinit$$0000001F  c_w.l(libinit2.o)
    0x08000242   0x00000000   Code   RO         2622    .ARM.Collect$$libinit$$00000021  c_w.l(libinit2.o)
    0x08000242   0x00000000   Code   RO         2624    .ARM.Collect$$libinit$$00000023  c_w.l(libinit2.o)
    0x08000242   0x00000000   Code   RO         2626    .ARM.Collect$$libinit$$00000025  c_w.l(libinit2.o)
    0x08000242   0x00000000   Code   RO         2630    .ARM.Collect$$libinit$$0000002C  c_w.l(libinit2.o)
    0x08000242   0x00000000   Code   RO         2632    .ARM.Collect$$libinit$$0000002E  c_w.l(libinit2.o)
    0x08000242   0x00000000   Code   RO         2634    .ARM.Collect$$libinit$$00000030  c_w.l(libinit2.o)
    0x08000242   0x00000000   Code   RO         2636    .ARM.Collect$$libinit$$00000032  c_w.l(libinit2.o)
    0x08000242   0x00000002   Code   RO         2637    .ARM.Collect$$libinit$$00000033  c_w.l(libinit2.o)
    0x08000244   0x00000002   Code   RO         2657    .ARM.Collect$$libshutdown$$00000000  c_w.l(libshutdown.o)
    0x08000246   0x00000000   Code   RO         2670    .ARM.Collect$$libshutdown$$00000002  c_w.l(libshutdown2.o)
    0x08000246   0x00000000   Code   RO         2672    .ARM.Collect$$libshutdown$$00000004  c_w.l(libshutdown2.o)
    0x08000246   0x00000000   Code   RO         2675    .ARM.Collect$$libshutdown$$00000007  c_w.l(libshutdown2.o)
    0x08000246   0x00000000   Code   RO         2678    .ARM.Collect$$libshutdown$$0000000A  c_w.l(libshutdown2.o)
    0x08000246   0x00000000   Code   RO         2680    .ARM.Collect$$libshutdown$$0000000C  c_w.l(libshutdown2.o)
    0x08000246   0x00000000   Code   RO         2683    .ARM.Collect$$libshutdown$$0000000F  c_w.l(libshutdown2.o)
    0x08000246   0x00000002   Code   RO         2684    .ARM.Collect$$libshutdown$$00000010  c_w.l(libshutdown2.o)
    0x08000248   0x00000000   Code   RO         2551    .ARM.Collect$$rtentry$$00000000  c_w.l(__rtentry.o)
    0x08000248   0x00000000   Code   RO         2564    .ARM.Collect$$rtentry$$00000002  c_w.l(__rtentry2.o)
    0x08000248   0x00000006   Code   RO         2576    .ARM.Collect$$rtentry$$00000004  c_w.l(__rtentry4.o)
    0x0800024e   0x00000000   Code   RO         2566    .ARM.Collect$$rtentry$$00000009  c_w.l(__rtentry2.o)
    0x0800024e   0x00000004   Code   RO         2567    .ARM.Collect$$rtentry$$0000000A  c_w.l(__rtentry2.o)
    0x08000252   0x00000000   Code   RO         2569    .ARM.Collect$$rtentry$$0000000C  c_w.l(__rtentry2.o)
    0x08000252   0x00000008   Code   RO         2570    .ARM.Collect$$rtentry$$0000000D  c_w.l(__rtentry2.o)
    0x0800025a   0x00000002   Code   RO         2591    .ARM.Collect$$rtexit$$00000000  c_w.l(rtexit.o)
    0x0800025c   0x00000000   Code   RO         2639    .ARM.Collect$$rtexit$$00000002  c_w.l(rtexit2.o)
    0x0800025c   0x00000004   Code   RO         2640    .ARM.Collect$$rtexit$$00000003  c_w.l(rtexit2.o)
    0x08000260   0x00000006   Code   RO         2641    .ARM.Collect$$rtexit$$00000004  c_w.l(rtexit2.o)
    0x08000266   0x00000002   PAD
    0x08000268   0x00000040   Code   RO          235  * .text               startup_stm32f40_41xxx.o
    0x080002a8   0x00000064   Code   RO         2503    .text               c_w.l(rt_memcpy_w.o)
    0x0800030c   0x00000006   Code   RO         2505    .text               c_w.l(heapauxi.o)
    0x08000312   0x0000004a   Code   RO         2578    .text               c_w.l(sys_stackheap_outer.o)
    0x0800035c   0x00000012   Code   RO         2580    .text               c_w.l(exit.o)
    0x0800036e   0x00000002   PAD
    0x08000370   0x00000008   Code   RO         2588    .text               c_w.l(libspace.o)
    0x08000378   0x0000000c   Code   RO         2649    .text               c_w.l(sys_exit.o)
    0x08000384   0x00000002   Code   RO         2660    .text               c_w.l(use_no_semi.o)
    0x08000386   0x00000000   Code   RO         2662    .text               c_w.l(indicate_semi.o)
    0x08000386   0x00000002   PAD
    0x08000388   0x00000250   Code   RO         2390    i.AD7606_AllDeviceSample_AB  spiad7606.o
    0x080005d8   0x000000e0   Code   RO         2392    i.AD7606_GPIO_Init  spiad7606.o
    0x080006b8   0x000005a8   Code   RO         2434    i.Data2Angle        getangle.o
    0x08000c60   0x00000058   Code   RO         2435    i.Filter            getangle.o
    0x08000cb8   0x00000090   Code   RO          440    i.GPIO_Init         stm32f4xx_gpio.o
    0x08000d48   0x00000046   Code   RO          441    i.GPIO_PinAFConfig  stm32f4xx_gpio.o
    0x08000d8e   0x00000012   Code   RO          444    i.GPIO_ReadInputDataBit  stm32f4xx_gpio.o
    0x08000da0   0x00000004   Code   RO          447    i.GPIO_ResetBits    stm32f4xx_gpio.o
    0x08000da4   0x00000004   Code   RO          448    i.GPIO_SetBits      stm32f4xx_gpio.o
    0x08000da8   0x00000044   Code   RO         1967    i.I2C_INIT          i2csml.o
    0x08000dec   0x00000028   Code   RO         1970    i.I2C_SDA_IN        i2csml.o
    0x08000e14   0x0000002c   Code   RO         1971    i.I2C_SDA_OUT       i2csml.o
    0x08000e40   0x00000060   Code   RO         1972    i.I2C_Send_Byte     i2csml.o
    0x08000ea0   0x00000038   Code   RO         1973    i.I2C_Start         i2csml.o
    0x08000ed8   0x00000038   Code   RO         1974    i.I2C_Stop          i2csml.o
    0x08000f10   0x00000054   Code   RO         1975    i.I2C_Wait_Ack      i2csml.o
    0x08000f64   0x00000034   Code   RO            4    i.KEY0_Init         main.o
    0x08000f98   0x00000002   Code   RO         1933    i.LED_Dark          led.o
    0x08000f9a   0x00000002   PAD
    0x08000f9c   0x00000174   Code   RO         1934    i.LED_Init          led.o
    0x08001110   0x000001b8   Code   RO         1935    i.LED_Light         led.o
    0x080012c8   0x0000026c   Code   RO         2218    i.MoveFinger        myfunc.o
    0x08001534   0x00000078   Code   RO          241    i.NVIC_Init         misc.o
    0x080015ac   0x00000014   Code   RO          242    i.NVIC_PriorityGroupConfig  misc.o
    0x080015c0   0x00000148   Code   RO         2219    i.PID_Controller    myfunc.o
    0x08001708   0x00000384   Code   RO         2220    i.PIDchange         myfunc.o
    0x08001a8c   0x00000434   Code   RO         2221    i.PIDinquiry        myfunc.o
    0x08001ec0   0x00000144   Code   RO         2222    i.PWMDriver         myfunc.o
    0x08002004   0x00000072   Code   RO         2040    i.PrescaleConfig_PCA9685  pca9685.o
    0x08002076   0x00000002   PAD
    0x08002078   0x00000098   Code   RO         2041    i.Prescale_Calculate  pca9685.o
    0x08002110   0x00000020   Code   RO          537    i.RCC_AHB1PeriphClockCmd  stm32f4xx_rcc.o
    0x08002130   0x00000020   Code   RO          546    i.RCC_APB1PeriphClockCmd  stm32f4xx_rcc.o
    0x08002150   0x00000020   Code   RO          549    i.RCC_APB2PeriphClockCmd  stm32f4xx_rcc.o
    0x08002170   0x000000e8   Code   RO          558    i.RCC_GetClocksFreq  stm32f4xx_rcc.o
    0x08002258   0x00000054   Code   RO         2160    i.Send16bitData     usart.o
    0x080022ac   0x00000020   Code   RO         2162    i.Send8bitData      usart.o
    0x080022cc   0x000000a0   Code   RO         2436    i.SensorSignal      getangle.o
    0x0800236c   0x000000ec   Code   RO          197    i.SetSysClock       system_stm32f4xx.o
    0x08002458   0x00000028   Code   RO          245    i.SysTick_CLKSourceConfig  misc.o
    0x08002480   0x00000068   Code   RO          199    i.SystemInit        system_stm32f4xx.o
    0x080024e8   0x00000038   Code   RO         2072    i.TIM3_IRQHandler   tim.o
    0x08002520   0x00000068   Code   RO         2073    i.TIM3_init         tim.o
    0x08002588   0x0000003c   Code   RO         2074    i.TIM5_IRQHandler   tim.o
    0x080025c4   0x00000068   Code   RO         2075    i.TIM5_init         tim.o
    0x0800262c   0x00000006   Code   RO          882    i.TIM_ClearITPendingBit  stm32f4xx_tim.o
    0x08002632   0x00000018   Code   RO          887    i.TIM_Cmd           stm32f4xx_tim.o
    0x0800264a   0x00000022   Code   RO          908    i.TIM_GetITStatus   stm32f4xx_tim.o
    0x0800266c   0x00000012   Code   RO          912    i.TIM_ITConfig      stm32f4xx_tim.o
    0x0800267e   0x00000002   PAD
    0x08002680   0x00000084   Code   RO          959    i.TIM_TimeBaseInit  stm32f4xx_tim.o
    0x08002704   0x000000e0   Code   RO         2164    i.USART1_IRQHandler  usart.o
    0x080027e4   0x00000012   Code   RO         1433    i.USART_ClearFlag   stm32f4xx_usart.o
    0x080027f6   0x00000018   Code   RO         1437    i.USART_Cmd         stm32f4xx_usart.o
    0x0800280e   0x0000001a   Code   RO         1440    i.USART_GetFlagStatus  stm32f4xx_usart.o
    0x08002828   0x00000054   Code   RO         1441    i.USART_GetITStatus  stm32f4xx_usart.o
    0x0800287c   0x0000004a   Code   RO         1443    i.USART_ITConfig    stm32f4xx_usart.o
    0x080028c6   0x00000002   PAD
    0x080028c8   0x000000d4   Code   RO         1444    i.USART_Init        stm32f4xx_usart.o
    0x0800299c   0x0000000a   Code   RO         1451    i.USART_ReceiveData  stm32f4xx_usart.o
    0x080029a6   0x00000008   Code   RO         1454    i.USART_SendData    stm32f4xx_usart.o
    0x080029ae   0x00000002   PAD
    0x080029b0   0x00000080   Code   RO         2223    i.UsartDataRec      myfunc.o
    0x08002a30   0x000000b8   Code   RO         2165    i.UsartInit         usart.o
    0x08002ae8   0x00000014   Code   RO         2539    i.__hardfp_fabs     m_wm.l(fabs.o)
    0x08002afc   0x00000004   PAD
    0x08002b00   0x00000118   Code   RO         2545    i.__hardfp_floor    m_wm.l(floor.o)
    0x08002c18   0x00000588   Code   RO         2224    i.cenie             myfunc.o
    0x080031a0   0x0000003c   Code   RO         2225    i.controlFan        myfunc.o
    0x080031dc   0x000002b4   Code   RO         2226    i.controller        myfunc.o
    0x08003490   0x0000003c   Code   RO         1875    i.delay_init        delay.o
    0x080034cc   0x0000004c   Code   RO         1877    i.delay_us          delay.o
    0x08003518   0x00000208   Code   RO         2227    i.duizhi            myfunc.o
    0x08003720   0x00000744   Code   RO            5    i.main              main.o
    0x08003e64   0x00000174   Code   RO         2228    i.neikou            myfunc.o
    0x08003fd8   0x00000054   Code   RO         2229    i.preHeat_init      myfunc.o
    0x0800402c   0x000003e8   Code   RO         2230    i.qiehuan           myfunc.o
    0x08004414   0x00000204   Code   RO         2231    i.sanzhi            myfunc.o
    0x08004618   0x000000e0   Code   RO            6    i.sendGUI           main.o
    0x080046f8   0x00000044   Code   RO            7    i.sendGUInumber     main.o
    0x0800473c   0x00000064   Code   RO         2042    i.setPWM            pca9685.o
    0x080047a0   0x00000224   Code   RO         2232    i.speedControlTest  myfunc.o
    0x080049c4   0x00000200   Code   RO         2233    i.woquan            myfunc.o
    0x08004bc4   0x00000454   Code   RO         2234    i.yuanzhu           myfunc.o
    0x08005018   0x00000062   Code   RO         2509    x$fpl$d2f           fz_wm.l(d2f.o)
    0x0800507a   0x00000002   PAD
    0x0800507c   0x00000150   Code   RO         2511    x$fpl$dadd          fz_wm.l(daddsub_clz.o)
    0x080051cc   0x00000018   Code   RO         2552    x$fpl$dcmpinf       fz_wm.l(dcmpi.o)
    0x080051e4   0x000002b0   Code   RO         2518    x$fpl$ddiv          fz_wm.l(ddiv.o)
    0x08005494   0x0000005a   Code   RO         2521    x$fpl$dfixu         fz_wm.l(dfixu.o)
    0x080054ee   0x0000002e   Code   RO         2526    x$fpl$dflt          fz_wm.l(dflt_clz.o)
    0x0800551c   0x00000026   Code   RO         2525    x$fpl$dfltu         fz_wm.l(dflt_clz.o)
    0x08005542   0x00000002   PAD
    0x08005544   0x00000078   Code   RO         2531    x$fpl$dleqf         fz_wm.l(dleqf.o)
    0x080055bc   0x00000154   Code   RO         2533    x$fpl$dmul          fz_wm.l(dmul.o)
    0x08005710   0x0000009c   Code   RO         2554    x$fpl$dnaninf       fz_wm.l(dnaninf.o)
    0x080057ac   0x0000000c   Code   RO         2556    x$fpl$dretinf       fz_wm.l(dretinf.o)
    0x080057b8   0x0000006c   Code   RO         2535    x$fpl$drleqf        fz_wm.l(drleqf.o)
    0x08005824   0x00000016   Code   RO         2512    x$fpl$drsb          fz_wm.l(daddsub_clz.o)
    0x0800583a   0x00000002   PAD
    0x0800583c   0x000001d4   Code   RO         2513    x$fpl$dsub          fz_wm.l(daddsub_clz.o)
    0x08005a10   0x00000056   Code   RO         2537    x$fpl$f2d           fz_wm.l(f2d.o)
    0x08005a66   0x0000008c   Code   RO         2558    x$fpl$fnaninf       fz_wm.l(fnaninf.o)
    0x08005af2   0x0000000a   Code   RO         2647    x$fpl$fpinit        fz_wm.l(fpinit.o)
    0x08005afc   0x0000000a   Code   RO         2560    x$fpl$fretinf       fz_wm.l(fretinf.o)
    0x08005b06   0x00000000   Code   RO         2562    x$fpl$usenofp       fz_wm.l(usenofp.o)
    0x08005b06   0x00000002   PAD
    0x08005b08   0x000004fc   Data   RO         2236    .constdata          myfunc.o
    0x08006004   0x00000020   Data   RO         2715    Region$$Table       anon$$obj.o


    Execution Region ER_RW (Base: 0x20000000, Size: 0x00003544, Max: 0xffffffff, ABSOLUTE, COMPRESSED[0x00001614])

    Base Addr    Size         Type   Attr      Idx    E Section Name        Object

    0x20000000   0x00000078   Data   RW            8    .data               main.o
    0x20000078   0x00000010   Data   RW          590    .data               stm32f4xx_rcc.o
    0x20000088   0x00000004   Data   RW         1879    .data               delay.o
    0x2000008c   0x00000004   Data   RW         1936    .data               led.o
    0x20000090   0x00000010   Data   RW         2076    .data               tim.o
    0x200000a0   0x00000010   Data   RW         2167    .data               usart.o
    0x200000b0   0x0000004d   Data   RW         2237    .data               myfunc.o
    0x200000fd   0x00000003   PAD
    0x20000100   0x00003444   Data   RW         2437    .data               getangle.o


    Execution Region ER_ZI (Base: 0x20003544, Size: 0x0000166c, Max: 0xffffffff, ABSOLUTE)

    Base Addr    Size         Type   Attr      Idx    E Section Name        Object

    0x20003544   0x00000028   Zero   RW         2166    .bss                usart.o
    0x2000356c   0x00000fe0   Zero   RW         2235    .bss                myfunc.o
    0x2000454c   0x00000060   Zero   RW         2589    .bss                c_w.l(libspace.o)
    0x200045ac   0x00000004   PAD
    0x200045b0   0x00000200   Zero   RW          233    HEAP                startup_stm32f40_41xxx.o
    0x200047b0   0x00000400   Zero   RW          232    STACK               startup_stm32f40_41xxx.o


==============================================================================

Image component sizes


      Code (inc. data)   RO Data    RW Data    ZI Data      Debug   Object Name

       136         12          0          4          0       1540   delay.o
      1696         84          0      13380          0     234388   getangle.o
         0          0          0          0          0     227584   gmvaluedef.o
       444         34          0          0          0       4380   i2csml.o
       814         36          0          4          0       2134   led.o
      2204        166          0        120          0      56995   main.o
       180         24          0          0          0     231673   misc.o
     10204        606       1276         77       4064      21652   myfunc.o
       366         26          0          0          0       2391   pca9685.o
       816         24          0          0          0       2351   spiad7606.o
        64         26        392          0       1536        896   startup_stm32f40_41xxx.o
       240          0          0          0          0       3959   stm32f4xx_gpio.o
       328         36          0         16          0       5063   stm32f4xx_rcc.o
       214         28          0          0          0       4110   stm32f4xx_tim.o
       456          8          0          0          0       6699   stm32f4xx_usart.o
       340         32          0          0          0       1693   system_stm32f4xx.o
       324         34          0         16          0       2973   tim.o
       524         38          0         16         40       3681   usart.o

    ----------------------------------------------------------------------
     19360       1214       1700      13636       5640     814162   Object Totals
         0          0         32          0          0          0   (incl. Generated)
        10          0          0          3          0          0   (incl. Padding)

    ----------------------------------------------------------------------

      Code (inc. data)   RO Data    RW Data    ZI Data      Debug   Library Member Name

        90          0          0          0          0          0   __dczerorl2.o
         8          0          0          0          0         68   __main.o
         0          0          0          0          0          0   __rtentry.o
        12          0          0          0          0          0   __rtentry2.o
         6          0          0          0          0          0   __rtentry4.o
        52          8          0          0          0          0   __scatter.o
        28          0          0          0          0          0   __scatter_zi.o
        18          0          0          0          0         80   exit.o
         6          0          0          0          0        152   heapauxi.o
         0          0          0          0          0          0   indicate_semi.o
         2          0          0          0          0          0   libinit.o
         6          0          0          0          0          0   libinit2.o
         2          0          0          0          0          0   libshutdown.o
         2          0          0          0          0          0   libshutdown2.o
         8          4          0          0         96         68   libspace.o
       100          0          0          0          0         80   rt_memcpy_w.o
         2          0          0          0          0          0   rtexit.o
        10          0          0          0          0          0   rtexit2.o
        12          4          0          0          0         68   sys_exit.o
        74          0          0          0          0         80   sys_stackheap_outer.o
         2          0          0          0          0         68   use_no_semi.o
        98          4          0          0          0        140   d2f.o
       826         16          0          0          0        492   daddsub_clz.o
        24          0          0          0          0        116   dcmpi.o
       688        140          0          0          0        256   ddiv.o
        90          4          0          0          0        140   dfixu.o
        84          0          0          0          0        232   dflt_clz.o
       120          4          0          0          0        140   dleqf.o
       340         12          0          0          0        152   dmul.o
       156          4          0          0          0        140   dnaninf.o
        12          0          0          0          0        116   dretinf.o
       108          0          0          0          0        128   drleqf.o
        86          4          0          0          0        132   f2d.o
       140          4          0          0          0        132   fnaninf.o
        10          0          0          0          0        116   fpinit.o
        10          0          0          0          0        116   fretinf.o
         0          0          0          0          0          0   usenofp.o
        20          0          0          0          0        124   fabs.o
       280         28          0          0          0        156   floor.o

    ----------------------------------------------------------------------
      3552        236          0          0        100       3492   Library Totals
        20          0          0          0          4          0   (incl. Padding)

    ----------------------------------------------------------------------

      Code (inc. data)   RO Data    RW Data    ZI Data      Debug   Library Name

       440         16          0          0         96        664   c_w.l
      2792        192          0          0          0       2548   fz_wm.l
       300         28          0          0          0        280   m_wm.l

    ----------------------------------------------------------------------
      3552        236          0          0        100       3492   Library Totals

    ----------------------------------------------------------------------

==============================================================================


      Code (inc. data)   RO Data    RW Data    ZI Data      Debug   

     22912       1450       1700      13636       5740     808646   Grand Totals
     22912       1450       1700       5652       5740     808646   ELF Image Totals (compressed)
     22912       1450       1700       5652          0          0   ROM Totals

==============================================================================

    Total RO  Size (Code + RO Data)                24612 (  24.04kB)
    Total RW  Size (RW Data + ZI Data)             19376 (  18.92kB)
    Total ROM Size (Code + RO Data + RW Data)      30264 (  29.55kB)

==============================================================================

