Component: ARM Compiler 5.06 update 1 (build 61) Tool: armlink [4d35a8]

==============================================================================

Section Cross References

    main.o(i.main) refers to delay.o(i.delay_init) for delay_init
    main.o(i.main) refers to led.o(i.LED_Init) for LED_Init
    main.o(i.main) refers to tlc1543.o(i.TLC1543_GPIOInit) for TLC1543_GPIOInit
    main.o(i.main) refers to spiads1256.o(i.SPIADS1256_GPIO_Init) for SPIADS1256_GPIO_Init
    main.o(i.main) refers to spiads1256.o(i.ADS1256_Config) for ADS1256_Config
    main.o(i.main) refers to usartdma.o(i.Usart_Dma_Init) for Usart_Dma_Init
    main.o(i.main) refers to delay.o(i.delay_ms) for delay_ms
    main.o(i.main) refers to pow.o(i.__hardfp_pow) for __hardfp_pow
    main.o(i.main) refers to spiads1256.o(i.ADS1256_GetAdcData) for ADS1256_GetAdcData
    main.o(i.main) refers to dfltui.o(.text) for __aeabi_ui2d
    main.o(i.main) refers to ddiv.o(.text) for __aeabi_ddiv
    main.o(i.main) refers to dfixui.o(.text) for __aeabi_d2uiz
    main.o(i.main) refers to usartdma.o(i.Send32bitData) for Send32bitData
    system_stm32f4xx.o(i.SystemCoreClockUpdate) refers to system_stm32f4xx.o(.data) for SystemCoreClock
    system_stm32f4xx.o(i.SystemInit) refers to system_stm32f4xx.o(i.SetSysClock) for SetSysClock
    startup_stm32f40_41xxx.o(RESET) refers to startup_stm32f40_41xxx.o(STACK) for __initial_sp
    startup_stm32f40_41xxx.o(RESET) refers to startup_stm32f40_41xxx.o(.text) for Reset_Handler
    startup_stm32f40_41xxx.o(RESET) refers to tim.o(i.TIM3_IRQHandler) for TIM3_IRQHandler
    startup_stm32f40_41xxx.o(RESET) refers to usart.o(i.USART1_IRQHandler) for USART1_IRQHandler
    startup_stm32f40_41xxx.o(.text) refers to system_stm32f4xx.o(i.SystemInit) for SystemInit
    startup_stm32f40_41xxx.o(.text) refers to entry.o(.ARM.Collect$$$$00000000) for __main
    stm32f4xx_gpio.o(i.GPIO_DeInit) refers to stm32f4xx_rcc.o(i.RCC_AHB1PeriphResetCmd) for RCC_AHB1PeriphResetCmd
    stm32f4xx_rcc.o(i.RCC_GetClocksFreq) refers to stm32f4xx_rcc.o(.data) for APBAHBPrescTable
    stm32f4xx_rcc.o(i.RCC_WaitForHSEStartUp) refers to stm32f4xx_rcc.o(i.RCC_GetFlagStatus) for RCC_GetFlagStatus
    stm32f4xx_tim.o(i.TIM_DeInit) refers to stm32f4xx_rcc.o(i.RCC_APB2PeriphResetCmd) for RCC_APB2PeriphResetCmd
    stm32f4xx_tim.o(i.TIM_DeInit) refers to stm32f4xx_rcc.o(i.RCC_APB1PeriphResetCmd) for RCC_APB1PeriphResetCmd
    stm32f4xx_tim.o(i.TIM_ETRClockMode1Config) refers to stm32f4xx_tim.o(i.TIM_ETRConfig) for TIM_ETRConfig
    stm32f4xx_tim.o(i.TIM_ETRClockMode2Config) refers to stm32f4xx_tim.o(i.TIM_ETRConfig) for TIM_ETRConfig
    stm32f4xx_tim.o(i.TIM_ICInit) refers to stm32f4xx_tim.o(i.TI1_Config) for TI1_Config
    stm32f4xx_tim.o(i.TIM_ICInit) refers to stm32f4xx_tim.o(i.TIM_SetIC1Prescaler) for TIM_SetIC1Prescaler
    stm32f4xx_tim.o(i.TIM_ICInit) refers to stm32f4xx_tim.o(i.TI2_Config) for TI2_Config
    stm32f4xx_tim.o(i.TIM_ICInit) refers to stm32f4xx_tim.o(i.TIM_SetIC2Prescaler) for TIM_SetIC2Prescaler
    stm32f4xx_tim.o(i.TIM_ICInit) refers to stm32f4xx_tim.o(i.TI3_Config) for TI3_Config
    stm32f4xx_tim.o(i.TIM_ICInit) refers to stm32f4xx_tim.o(i.TIM_SetIC3Prescaler) for TIM_SetIC3Prescaler
    stm32f4xx_tim.o(i.TIM_ICInit) refers to stm32f4xx_tim.o(i.TI4_Config) for TI4_Config
    stm32f4xx_tim.o(i.TIM_ICInit) refers to stm32f4xx_tim.o(i.TIM_SetIC4Prescaler) for TIM_SetIC4Prescaler
    stm32f4xx_tim.o(i.TIM_ITRxExternalClockConfig) refers to stm32f4xx_tim.o(i.TIM_SelectInputTrigger) for TIM_SelectInputTrigger
    stm32f4xx_tim.o(i.TIM_PWMIConfig) refers to stm32f4xx_tim.o(i.TI1_Config) for TI1_Config
    stm32f4xx_tim.o(i.TIM_PWMIConfig) refers to stm32f4xx_tim.o(i.TIM_SetIC1Prescaler) for TIM_SetIC1Prescaler
    stm32f4xx_tim.o(i.TIM_PWMIConfig) refers to stm32f4xx_tim.o(i.TI2_Config) for TI2_Config
    stm32f4xx_tim.o(i.TIM_PWMIConfig) refers to stm32f4xx_tim.o(i.TIM_SetIC2Prescaler) for TIM_SetIC2Prescaler
    stm32f4xx_tim.o(i.TIM_TIxExternalClockConfig) refers to stm32f4xx_tim.o(i.TI2_Config) for TI2_Config
    stm32f4xx_tim.o(i.TIM_TIxExternalClockConfig) refers to stm32f4xx_tim.o(i.TI1_Config) for TI1_Config
    stm32f4xx_tim.o(i.TIM_TIxExternalClockConfig) refers to stm32f4xx_tim.o(i.TIM_SelectInputTrigger) for TIM_SelectInputTrigger
    stm32f4xx_usart.o(i.USART_DeInit) refers to stm32f4xx_rcc.o(i.RCC_APB2PeriphResetCmd) for RCC_APB2PeriphResetCmd
    stm32f4xx_usart.o(i.USART_DeInit) refers to stm32f4xx_rcc.o(i.RCC_APB1PeriphResetCmd) for RCC_APB1PeriphResetCmd
    stm32f4xx_usart.o(i.USART_Init) refers to stm32f4xx_rcc.o(i.RCC_GetClocksFreq) for RCC_GetClocksFreq
    delay.o(i.delay_init) refers to misc.o(i.SysTick_CLKSourceConfig) for SysTick_CLKSourceConfig
    delay.o(i.delay_init) refers to delay.o(.data) for fac_us
    delay.o(i.delay_ms) refers to delay.o(i.delay_xms) for delay_xms
    delay.o(i.delay_us) refers to delay.o(.data) for fac_us
    delay.o(i.delay_xms) refers to delay.o(.data) for fac_ms
    usart.o(i.USART1_IRQHandler) refers to stm32f4xx_usart.o(i.USART_GetITStatus) for USART_GetITStatus
    usart.o(i.USART1_IRQHandler) refers to stm32f4xx_usart.o(i.USART_ReceiveData) for USART_ReceiveData
    usart.o(i.USART1_IRQHandler) refers to usart.o(.data) for USART_RX_STA
    usart.o(i.USART1_IRQHandler) refers to usart.o(.bss) for USART_RX_BUF
    usart.o(i.uart_init) refers to stm32f4xx_rcc.o(i.RCC_AHB1PeriphClockCmd) for RCC_AHB1PeriphClockCmd
    usart.o(i.uart_init) refers to stm32f4xx_rcc.o(i.RCC_APB2PeriphClockCmd) for RCC_APB2PeriphClockCmd
    usart.o(i.uart_init) refers to stm32f4xx_gpio.o(i.GPIO_PinAFConfig) for GPIO_PinAFConfig
    usart.o(i.uart_init) refers to stm32f4xx_gpio.o(i.GPIO_Init) for GPIO_Init
    usart.o(i.uart_init) refers to stm32f4xx_usart.o(i.USART_Init) for USART_Init
    usart.o(i.uart_init) refers to stm32f4xx_usart.o(i.USART_Cmd) for USART_Cmd
    usart.o(i.uart_init) refers to stm32f4xx_usart.o(i.USART_ITConfig) for USART_ITConfig
    usart.o(i.uart_init) refers to misc.o(i.NVIC_Init) for NVIC_Init
    led.o(i.LED_Dark) refers to stm32f4xx_gpio.o(i.GPIO_ResetBits) for GPIO_ResetBits
    led.o(i.LED_Init) refers to stm32f4xx_rcc.o(i.RCC_AHB1PeriphClockCmd) for RCC_AHB1PeriphClockCmd
    led.o(i.LED_Init) refers to stm32f4xx_gpio.o(i.GPIO_Init) for GPIO_Init
    led.o(i.LED_Light) refers to stm32f4xx_gpio.o(i.GPIO_SetBits) for GPIO_SetBits
    i2csml.o(i.I2C_Ack) refers to stm32f4xx_gpio.o(i.GPIO_ResetBits) for GPIO_ResetBits
    i2csml.o(i.I2C_Ack) refers to i2csml.o(i.I2C_SDA_OUT) for I2C_SDA_OUT
    i2csml.o(i.I2C_Ack) refers to delay.o(i.delay_us) for delay_us
    i2csml.o(i.I2C_Ack) refers to stm32f4xx_gpio.o(i.GPIO_SetBits) for GPIO_SetBits
    i2csml.o(i.I2C_INIT) refers to stm32f4xx_rcc.o(i.RCC_AHB1PeriphClockCmd) for RCC_AHB1PeriphClockCmd
    i2csml.o(i.I2C_INIT) refers to stm32f4xx_gpio.o(i.GPIO_Init) for GPIO_Init
    i2csml.o(i.I2C_INIT) refers to stm32f4xx_gpio.o(i.GPIO_SetBits) for GPIO_SetBits
    i2csml.o(i.I2C_NAck) refers to stm32f4xx_gpio.o(i.GPIO_ResetBits) for GPIO_ResetBits
    i2csml.o(i.I2C_NAck) refers to i2csml.o(i.I2C_SDA_OUT) for I2C_SDA_OUT
    i2csml.o(i.I2C_NAck) refers to stm32f4xx_gpio.o(i.GPIO_SetBits) for GPIO_SetBits
    i2csml.o(i.I2C_NAck) refers to delay.o(i.delay_us) for delay_us
    i2csml.o(i.I2C_Read_Byte) refers to i2csml.o(i.I2C_SDA_IN) for I2C_SDA_IN
    i2csml.o(i.I2C_Read_Byte) refers to stm32f4xx_gpio.o(i.GPIO_ResetBits) for GPIO_ResetBits
    i2csml.o(i.I2C_Read_Byte) refers to delay.o(i.delay_us) for delay_us
    i2csml.o(i.I2C_Read_Byte) refers to stm32f4xx_gpio.o(i.GPIO_SetBits) for GPIO_SetBits
    i2csml.o(i.I2C_Read_Byte) refers to stm32f4xx_gpio.o(i.GPIO_ReadInputDataBit) for GPIO_ReadInputDataBit
    i2csml.o(i.I2C_Read_Byte) refers to i2csml.o(i.I2C_NAck) for I2C_NAck
    i2csml.o(i.I2C_Read_Byte) refers to i2csml.o(i.I2C_Ack) for I2C_Ack
    i2csml.o(i.I2C_SDA_IN) refers to stm32f4xx_gpio.o(i.GPIO_Init) for GPIO_Init
    i2csml.o(i.I2C_SDA_OUT) refers to stm32f4xx_gpio.o(i.GPIO_Init) for GPIO_Init
    i2csml.o(i.I2C_Send_Byte) refers to i2csml.o(i.I2C_SDA_OUT) for I2C_SDA_OUT
    i2csml.o(i.I2C_Send_Byte) refers to stm32f4xx_gpio.o(i.GPIO_ResetBits) for GPIO_ResetBits
    i2csml.o(i.I2C_Send_Byte) refers to stm32f4xx_gpio.o(i.GPIO_SetBits) for GPIO_SetBits
    i2csml.o(i.I2C_Send_Byte) refers to delay.o(i.delay_us) for delay_us
    i2csml.o(i.I2C_Start) refers to i2csml.o(i.I2C_SDA_OUT) for I2C_SDA_OUT
    i2csml.o(i.I2C_Start) refers to stm32f4xx_gpio.o(i.GPIO_SetBits) for GPIO_SetBits
    i2csml.o(i.I2C_Start) refers to delay.o(i.delay_us) for delay_us
    i2csml.o(i.I2C_Start) refers to stm32f4xx_gpio.o(i.GPIO_ResetBits) for GPIO_ResetBits
    i2csml.o(i.I2C_Stop) refers to i2csml.o(i.I2C_SDA_OUT) for I2C_SDA_OUT
    i2csml.o(i.I2C_Stop) refers to stm32f4xx_gpio.o(i.GPIO_ResetBits) for GPIO_ResetBits
    i2csml.o(i.I2C_Stop) refers to stm32f4xx_gpio.o(i.GPIO_SetBits) for GPIO_SetBits
    i2csml.o(i.I2C_Stop) refers to delay.o(i.delay_us) for delay_us
    i2csml.o(i.I2C_Wait_Ack) refers to i2csml.o(i.I2C_SDA_IN) for I2C_SDA_IN
    i2csml.o(i.I2C_Wait_Ack) refers to stm32f4xx_gpio.o(i.GPIO_SetBits) for GPIO_SetBits
    i2csml.o(i.I2C_Wait_Ack) refers to delay.o(i.delay_us) for delay_us
    i2csml.o(i.I2C_Wait_Ack) refers to i2csml.o(i.I2C_Stop) for I2C_Stop
    i2csml.o(i.I2C_Wait_Ack) refers to stm32f4xx_gpio.o(i.GPIO_ReadInputDataBit) for GPIO_ReadInputDataBit
    i2csml.o(i.I2C_Wait_Ack) refers to stm32f4xx_gpio.o(i.GPIO_ResetBits) for GPIO_ResetBits
    pca9685.o(i.PrescaleConfig_PCA9685) refers to i2csml.o(i.I2C_Start) for I2C_Start
    pca9685.o(i.PrescaleConfig_PCA9685) refers to i2csml.o(i.I2C_Send_Byte) for I2C_Send_Byte
    pca9685.o(i.PrescaleConfig_PCA9685) refers to i2csml.o(i.I2C_Wait_Ack) for I2C_Wait_Ack
    pca9685.o(i.PrescaleConfig_PCA9685) refers to i2csml.o(i.I2C_Stop) for I2C_Stop
    pca9685.o(i.Prescale_Calculate) refers to dflti.o(.text) for __aeabi_i2d
    pca9685.o(i.Prescale_Calculate) refers to dmul.o(.text) for __aeabi_dmul
    pca9685.o(i.Prescale_Calculate) refers to ddiv.o(.text) for __aeabi_ddiv
    pca9685.o(i.Prescale_Calculate) refers to d2f.o(.text) for __aeabi_d2f
    pca9685.o(i.Prescale_Calculate) refers to f2d.o(.text) for __aeabi_f2d
    pca9685.o(i.Prescale_Calculate) refers to dadd.o(.text) for __aeabi_dadd
    pca9685.o(i.Prescale_Calculate) refers to floor.o(i.__hardfp_floor) for __hardfp_floor
    pca9685.o(i.Prescale_Calculate) refers to dfixui.o(.text) for __aeabi_d2uiz
    pca9685.o(i.setPWM) refers to i2csml.o(i.I2C_Start) for I2C_Start
    pca9685.o(i.setPWM) refers to i2csml.o(i.I2C_Send_Byte) for I2C_Send_Byte
    pca9685.o(i.setPWM) refers to i2csml.o(i.I2C_Wait_Ack) for I2C_Wait_Ack
    pca9685.o(i.setPWM) refers to i2csml.o(i.I2C_Stop) for I2C_Stop
    usartdma.o(i.Send16bitData) refers to stm32f4xx_usart.o(i.USART_SendData) for USART_SendData
    usartdma.o(i.Send16bitData) refers to stm32f4xx_usart.o(i.USART_GetFlagStatus) for USART_GetFlagStatus
    usartdma.o(i.Send32bitData) refers to stm32f4xx_usart.o(i.USART_SendData) for USART_SendData
    usartdma.o(i.Send32bitData) refers to stm32f4xx_usart.o(i.USART_GetFlagStatus) for USART_GetFlagStatus
    usartdma.o(i.SendFloatData) refers to stm32f4xx_usart.o(i.USART_SendData) for USART_SendData
    usartdma.o(i.SendFloatData) refers to stm32f4xx_usart.o(i.USART_GetFlagStatus) for USART_GetFlagStatus
    usartdma.o(i.Usart_Dma_Init) refers to stm32f4xx_rcc.o(i.RCC_AHB1PeriphClockCmd) for RCC_AHB1PeriphClockCmd
    usartdma.o(i.Usart_Dma_Init) refers to stm32f4xx_rcc.o(i.RCC_APB2PeriphClockCmd) for RCC_APB2PeriphClockCmd
    usartdma.o(i.Usart_Dma_Init) refers to stm32f4xx_dma.o(i.DMA_GetCmdStatus) for DMA_GetCmdStatus
    usartdma.o(i.Usart_Dma_Init) refers to stm32f4xx_gpio.o(i.GPIO_PinAFConfig) for GPIO_PinAFConfig
    usartdma.o(i.Usart_Dma_Init) refers to stm32f4xx_gpio.o(i.GPIO_Init) for GPIO_Init
    usartdma.o(i.Usart_Dma_Init) refers to stm32f4xx_usart.o(i.USART_Init) for USART_Init
    usartdma.o(i.Usart_Dma_Init) refers to stm32f4xx_usart.o(i.USART_Cmd) for USART_Cmd
    usartdma.o(i.Usart_Dma_Init) refers to stm32f4xx_dma.o(i.DMA_Init) for DMA_Init
    usartdma.o(i.Usart_Dma_Init) refers to stm32f4xx_usart.o(i.USART_DMACmd) for USART_DMACmd
    usartdma.o(i.Usart_Dma_Init) refers to stm32f4xx_dma.o(i.DMA_Cmd) for DMA_Cmd
    usartdma.o(i.Usart_Dma_Init) refers to usartdma.o(.data) for UsartData
    tlc1543.o(i.TLC1543_GPIOInit) refers to stm32f4xx_rcc.o(i.RCC_AHB1PeriphClockCmd) for RCC_AHB1PeriphClockCmd
    tlc1543.o(i.TLC1543_GPIOInit) refers to stm32f4xx_gpio.o(i.GPIO_Init) for GPIO_Init
    tlc1543.o(i.TLC1543_sampleData) refers to stm32f4xx_gpio.o(i.GPIO_ReadInputDataBit) for GPIO_ReadInputDataBit
    tlc1543.o(i.TLC1543_sampleData) refers to stm32f4xx_gpio.o(i.GPIO_ResetBits) for GPIO_ResetBits
    tlc1543.o(i.TLC1543_sampleData) refers to stm32f4xx_gpio.o(i.GPIO_SetBits) for GPIO_SetBits
    tlc1543.o(i.TLC1543_sampleData) refers to delay.o(i.delay_us) for delay_us
    tim.o(i.TIM3_IRQHandler) refers to stm32f4xx_tim.o(i.TIM_GetITStatus) for TIM_GetITStatus
    tim.o(i.TIM3_IRQHandler) refers to stm32f4xx_tim.o(i.TIM_ClearITPendingBit) for TIM_ClearITPendingBit
    tim.o(i.TIM3_IRQHandler) refers to gmvaluedef.o(.data) for TIME_Counter
    tim.o(i.TIM_init) refers to stm32f4xx_rcc.o(i.RCC_APB1PeriphClockCmd) for RCC_APB1PeriphClockCmd
    tim.o(i.TIM_init) refers to stm32f4xx_tim.o(i.TIM_ClearITPendingBit) for TIM_ClearITPendingBit
    tim.o(i.TIM_init) refers to stm32f4xx_tim.o(i.TIM_TimeBaseInit) for TIM_TimeBaseInit
    tim.o(i.TIM_init) refers to stm32f4xx_tim.o(i.TIM_ITConfig) for TIM_ITConfig
    tim.o(i.TIM_init) refers to misc.o(i.NVIC_Init) for NVIC_Init
    spiads1256.o(i.ADS1256_Config) refers to stm32f4xx_gpio.o(i.GPIO_ResetBits) for GPIO_ResetBits
    spiads1256.o(i.ADS1256_Config) refers to spiads1256.o(i.ADS1256_Send8Bit) for ADS1256_Send8Bit
    spiads1256.o(i.ADS1256_Config) refers to delay.o(i.delay_us) for delay_us
    spiads1256.o(i.ADS1256_Config) refers to stm32f4xx_gpio.o(i.GPIO_SetBits) for GPIO_SetBits
    spiads1256.o(i.ADS1256_Config) refers to spiads1256.o(.data) for SPI_CS
    spiads1256.o(i.ADS1256_GetAdcData) refers to stm32f4xx_gpio.o(i.GPIO_ResetBits) for GPIO_ResetBits
    spiads1256.o(i.ADS1256_GetAdcData) refers to stm32f4xx_gpio.o(i.GPIO_SetBits) for GPIO_SetBits
    spiads1256.o(i.ADS1256_GetAdcData) refers to stm32f4xx_gpio.o(i.GPIO_ReadInputDataBit) for GPIO_ReadInputDataBit
    spiads1256.o(i.ADS1256_GetAdcData) refers to spiads1256.o(i.ADS1256_Send8Bit) for ADS1256_Send8Bit
    spiads1256.o(i.ADS1256_GetAdcData) refers to delay.o(i.delay_us) for delay_us
    spiads1256.o(i.ADS1256_GetAdcData) refers to spiads1256.o(i.ADS1256_Recive8Bit) for ADS1256_Recive8Bit
    spiads1256.o(i.ADS1256_GetAdcData) refers to spiads1256.o(.data) for SPI_CS
    spiads1256.o(i.ADS1256_GetAdcData12Bits) refers to stm32f4xx_gpio.o(i.GPIO_ResetBits) for GPIO_ResetBits
    spiads1256.o(i.ADS1256_GetAdcData12Bits) refers to stm32f4xx_gpio.o(i.GPIO_SetBits) for GPIO_SetBits
    spiads1256.o(i.ADS1256_GetAdcData12Bits) refers to stm32f4xx_gpio.o(i.GPIO_ReadInputDataBit) for GPIO_ReadInputDataBit
    spiads1256.o(i.ADS1256_GetAdcData12Bits) refers to spiads1256.o(i.ADS1256_Send8Bit) for ADS1256_Send8Bit
    spiads1256.o(i.ADS1256_GetAdcData12Bits) refers to delay.o(i.delay_us) for delay_us
    spiads1256.o(i.ADS1256_GetAdcData12Bits) refers to spiads1256.o(i.ADS1256_Recive8Bit) for ADS1256_Recive8Bit
    spiads1256.o(i.ADS1256_GetAdcData12Bits) refers to spiads1256.o(.data) for SPI_CS
    spiads1256.o(i.ADS1256_GetAdcData16Bits) refers to stm32f4xx_gpio.o(i.GPIO_ResetBits) for GPIO_ResetBits
    spiads1256.o(i.ADS1256_GetAdcData16Bits) refers to stm32f4xx_gpio.o(i.GPIO_SetBits) for GPIO_SetBits
    spiads1256.o(i.ADS1256_GetAdcData16Bits) refers to stm32f4xx_gpio.o(i.GPIO_ReadInputDataBit) for GPIO_ReadInputDataBit
    spiads1256.o(i.ADS1256_GetAdcData16Bits) refers to spiads1256.o(i.ADS1256_Send8Bit) for ADS1256_Send8Bit
    spiads1256.o(i.ADS1256_GetAdcData16Bits) refers to delay.o(i.delay_us) for delay_us
    spiads1256.o(i.ADS1256_GetAdcData16Bits) refers to spiads1256.o(i.ADS1256_Recive8Bit) for ADS1256_Recive8Bit
    spiads1256.o(i.ADS1256_GetAdcData16Bits) refers to spiads1256.o(.data) for SPI_CS
    spiads1256.o(i.ADS1256_Recive8Bit) refers to spiads1256.o(i.ADS1256_DelaySCLK) for ADS1256_DelaySCLK
    spiads1256.o(i.ADS1256_Recive8Bit) refers to stm32f4xx_gpio.o(i.GPIO_SetBits) for GPIO_SetBits
    spiads1256.o(i.ADS1256_Recive8Bit) refers to stm32f4xx_gpio.o(i.GPIO_ResetBits) for GPIO_ResetBits
    spiads1256.o(i.ADS1256_Recive8Bit) refers to stm32f4xx_gpio.o(i.GPIO_ReadInputDataBit) for GPIO_ReadInputDataBit
    spiads1256.o(i.ADS1256_Recive8Bit) refers to spiads1256.o(.data) for P
    spiads1256.o(i.ADS1256_Send8Bit) refers to spiads1256.o(i.ADS1256_DelaySCLK) for ADS1256_DelaySCLK
    spiads1256.o(i.ADS1256_Send8Bit) refers to stm32f4xx_gpio.o(i.GPIO_SetBits) for GPIO_SetBits
    spiads1256.o(i.ADS1256_Send8Bit) refers to stm32f4xx_gpio.o(i.GPIO_ResetBits) for GPIO_ResetBits
    spiads1256.o(i.ADS1256_Send8Bit) refers to spiads1256.o(.data) for P
    spiads1256.o(i.SPIADS1256_GPIO_Init) refers to stm32f4xx_rcc.o(i.RCC_AHB1PeriphClockCmd) for RCC_AHB1PeriphClockCmd
    spiads1256.o(i.SPIADS1256_GPIO_Init) refers to stm32f4xx_gpio.o(i.GPIO_Init) for GPIO_Init
    spiads1256.o(i.SPIADS1256_GPIO_Init) refers to stm32f4xx_gpio.o(i.GPIO_SetBits) for GPIO_SetBits
    spiads1256.o(i.SPIADS1256_GPIO_Init) refers to spiads1256.o(.data) for P
    floor.o(i.__hardfp_floor) refers (Special) to iusefp.o(.text) for __I$use$fp
    floor.o(i.__hardfp_floor) refers to dadd.o(.text) for __aeabi_dadd
    floor.o(i.__hardfp_floor) refers to cdrcmple.o(.text) for __aeabi_cdrcmple
    floor.o(i.__softfp_floor) refers (Special) to iusefp.o(.text) for __I$use$fp
    floor.o(i.__softfp_floor) refers to floor.o(i.__hardfp_floor) for __hardfp_floor
    floor.o(i.floor) refers (Special) to iusefp.o(.text) for __I$use$fp
    floor.o(i.floor) refers to floor.o(i.__hardfp_floor) for __hardfp_floor
    pow.o(i.__hardfp_pow) refers (Special) to iusefp.o(.text) for __I$use$fp
    pow.o(i.__hardfp_pow) refers to dunder.o(i.__mathlib_dbl_infnan2) for __mathlib_dbl_infnan2
    pow.o(i.__hardfp_pow) refers to errno.o(i.__set_errno) for __set_errno
    pow.o(i.__hardfp_pow) refers to dunder.o(i.__mathlib_dbl_divzero) for __mathlib_dbl_divzero
    pow.o(i.__hardfp_pow) refers to dunder.o(i.__mathlib_dbl_overflow) for __mathlib_dbl_overflow
    pow.o(i.__hardfp_pow) refers to ddiv.o(.text) for __aeabi_ddiv
    pow.o(i.__hardfp_pow) refers to sqrt.o(i.sqrt) for sqrt
    pow.o(i.__hardfp_pow) refers to fabs.o(i.fabs) for fabs
    pow.o(i.__hardfp_pow) refers to dflti.o(.text) for __aeabi_i2d
    pow.o(i.__hardfp_pow) refers to dunder.o(i.__mathlib_dbl_invalid) for __mathlib_dbl_invalid
    pow.o(i.__hardfp_pow) refers to dmul.o(.text) for __aeabi_dmul
    pow.o(i.__hardfp_pow) refers to dunder.o(i.__mathlib_dbl_underflow) for __mathlib_dbl_underflow
    pow.o(i.__hardfp_pow) refers to dadd.o(.text) for __aeabi_dsub
    pow.o(i.__hardfp_pow) refers to qnan.o(.constdata) for __mathlib_zero
    pow.o(i.__hardfp_pow) refers to poly.o(i.__kernel_poly) for __kernel_poly
    pow.o(i.__hardfp_pow) refers to pow.o(.constdata) for .constdata
    pow.o(i.__hardfp_pow) refers to cdrcmple.o(.text) for __aeabi_cdrcmple
    pow.o(i.__hardfp_pow) refers to dscalb.o(.text) for __ARM_scalbn
    pow.o(i.__hardfp_pow) refers to fpclassify.o(i.__ARM_fpclassify) for __ARM_fpclassify
    pow.o(i.__softfp_pow) refers (Special) to iusefp.o(.text) for __I$use$fp
    pow.o(i.__softfp_pow) refers to pow.o(i.__hardfp_pow) for __hardfp_pow
    pow.o(i.pow) refers (Special) to iusefp.o(.text) for __I$use$fp
    pow.o(i.pow) refers to pow.o(i.__hardfp_pow) for __hardfp_pow
    pow.o(.constdata) refers (Special) to iusefp.o(.text) for __I$use$fp
    pow_x.o(i.____hardfp_pow$lsc) refers (Special) to iusefp.o(.text) for __I$use$fp
    pow_x.o(i.____hardfp_pow$lsc) refers to dunder.o(i.__mathlib_dbl_infnan2) for __mathlib_dbl_infnan2
    pow_x.o(i.____hardfp_pow$lsc) refers to errno.o(i.__set_errno) for __set_errno
    pow_x.o(i.____hardfp_pow$lsc) refers to ddiv.o(.text) for __aeabi_ddiv
    pow_x.o(i.____hardfp_pow$lsc) refers to sqrt.o(i.sqrt) for sqrt
    pow_x.o(i.____hardfp_pow$lsc) refers to fabs.o(i.fabs) for fabs
    pow_x.o(i.____hardfp_pow$lsc) refers to dflti.o(.text) for __aeabi_i2d
    pow_x.o(i.____hardfp_pow$lsc) refers to dmul.o(.text) for __aeabi_dmul
    pow_x.o(i.____hardfp_pow$lsc) refers to dadd.o(.text) for __aeabi_dsub
    pow_x.o(i.____hardfp_pow$lsc) refers to qnan.o(.constdata) for __mathlib_zero
    pow_x.o(i.____hardfp_pow$lsc) refers to poly.o(i.__kernel_poly) for __kernel_poly
    pow_x.o(i.____hardfp_pow$lsc) refers to pow_x.o(.constdata) for .constdata
    pow_x.o(i.____hardfp_pow$lsc) refers to cdrcmple.o(.text) for __aeabi_cdrcmple
    pow_x.o(i.____hardfp_pow$lsc) refers to dscalb.o(.text) for __ARM_scalbn
    pow_x.o(i.____softfp_pow$lsc) refers (Special) to iusefp.o(.text) for __I$use$fp
    pow_x.o(i.____softfp_pow$lsc) refers to pow_x.o(i.____hardfp_pow$lsc) for ____hardfp_pow$lsc
    pow_x.o(i.__pow$lsc) refers (Special) to iusefp.o(.text) for __I$use$fp
    pow_x.o(i.__pow$lsc) refers to pow_x.o(i.____hardfp_pow$lsc) for ____hardfp_pow$lsc
    pow_x.o(.constdata) refers (Special) to iusefp.o(.text) for __I$use$fp
    entry.o(.ARM.Collect$$$$00000000) refers (Special) to entry10a.o(.ARM.Collect$$$$0000000D) for __rt_final_cpp
    entry.o(.ARM.Collect$$$$00000000) refers (Special) to entry11a.o(.ARM.Collect$$$$0000000F) for __rt_final_exit
    entry.o(.ARM.Collect$$$$00000000) refers (Special) to entry7b.o(.ARM.Collect$$$$00000008) for _main_clock
    entry.o(.ARM.Collect$$$$00000000) refers (Special) to entry8b.o(.ARM.Collect$$$$0000000A) for _main_cpp_init
    entry.o(.ARM.Collect$$$$00000000) refers (Special) to entry9a.o(.ARM.Collect$$$$0000000B) for _main_init
    entry.o(.ARM.Collect$$$$00000000) refers (Special) to entry5.o(.ARM.Collect$$$$00000004) for _main_scatterload
    entry.o(.ARM.Collect$$$$00000000) refers (Special) to entry2.o(.ARM.Collect$$$$00000001) for _main_stk
    dadd.o(.text) refers (Special) to iusefp.o(.text) for __I$use$fp
    dadd.o(.text) refers to llshl.o(.text) for __aeabi_llsl
    dadd.o(.text) refers to llsshr.o(.text) for __aeabi_lasr
    dadd.o(.text) refers to depilogue.o(.text) for _double_epilogue
    dmul.o(.text) refers (Special) to iusefp.o(.text) for __I$use$fp
    dmul.o(.text) refers to depilogue.o(.text) for _double_epilogue
    ddiv.o(.text) refers (Special) to iusefp.o(.text) for __I$use$fp
    ddiv.o(.text) refers to depilogue.o(.text) for _double_round
    dflti.o(.text) refers (Special) to iusefp.o(.text) for __I$use$fp
    dflti.o(.text) refers to depilogue.o(.text) for _double_epilogue
    dfltui.o(.text) refers (Special) to iusefp.o(.text) for __I$use$fp
    dfltui.o(.text) refers to depilogue.o(.text) for _double_epilogue
    dfixui.o(.text) refers (Special) to iusefp.o(.text) for __I$use$fp
    dfixui.o(.text) refers to llushr.o(.text) for __aeabi_llsr
    f2d.o(.text) refers (Special) to iusefp.o(.text) for __I$use$fp
    d2f.o(.text) refers (Special) to iusefp.o(.text) for __I$use$fp
    d2f.o(.text) refers to fepilogue.o(.text) for _float_round
    dunder.o(i.__mathlib_dbl_divzero) refers to ddiv.o(.text) for __aeabi_ddiv
    dunder.o(i.__mathlib_dbl_infnan) refers to dadd.o(.text) for __aeabi_dadd
    dunder.o(i.__mathlib_dbl_infnan2) refers to dadd.o(.text) for __aeabi_dadd
    dunder.o(i.__mathlib_dbl_invalid) refers to ddiv.o(.text) for __aeabi_ddiv
    dunder.o(i.__mathlib_dbl_overflow) refers to dmul.o(.text) for __aeabi_dmul
    dunder.o(i.__mathlib_dbl_posinfnan) refers to dmul.o(.text) for __aeabi_dmul
    dunder.o(i.__mathlib_dbl_underflow) refers to dmul.o(.text) for __aeabi_dmul
    fabs.o(i.__hardfp_fabs) refers (Special) to iusefp.o(.text) for __I$use$fp
    fabs.o(i.__softfp_fabs) refers (Special) to iusefp.o(.text) for __I$use$fp
    fabs.o(i.fabs) refers (Special) to iusefp.o(.text) for __I$use$fp
    fpclassify.o(i.__ARM_fpclassify) refers (Special) to iusefp.o(.text) for __I$use$fp
    poly.o(i.__kernel_poly) refers (Special) to iusefp.o(.text) for __I$use$fp
    poly.o(i.__kernel_poly) refers to dmul.o(.text) for __aeabi_dmul
    poly.o(i.__kernel_poly) refers to dadd.o(.text) for __aeabi_dadd
    qnan.o(.constdata) refers (Special) to iusefp.o(.text) for __I$use$fp
    sqrt.o(i.__hardfp_sqrt) refers (Special) to iusefp.o(.text) for __I$use$fp
    sqrt.o(i.__hardfp_sqrt) refers to dsqrt.o(.text) for _dsqrt
    sqrt.o(i.__hardfp_sqrt) refers to errno.o(i.__set_errno) for __set_errno
    sqrt.o(i.__softfp_sqrt) refers (Special) to iusefp.o(.text) for __I$use$fp
    sqrt.o(i.__softfp_sqrt) refers to dsqrt.o(.text) for _dsqrt
    sqrt.o(i.__softfp_sqrt) refers to errno.o(i.__set_errno) for __set_errno
    sqrt.o(i.sqrt) refers (Special) to iusefp.o(.text) for __I$use$fp
    sqrt.o(i.sqrt) refers to dsqrt.o(.text) for _dsqrt
    sqrt.o(i.sqrt) refers to errno.o(i.__set_errno) for __set_errno
    sqrt_x.o(i.____hardfp_sqrt$lsc) refers (Special) to iusefp.o(.text) for __I$use$fp
    sqrt_x.o(i.____hardfp_sqrt$lsc) refers to cdcmple.o(.text) for __aeabi_cdcmple
    sqrt_x.o(i.____hardfp_sqrt$lsc) refers to errno.o(i.__set_errno) for __set_errno
    sqrt_x.o(i.____hardfp_sqrt$lsc) refers to dsqrt.o(.text) for _dsqrt
    sqrt_x.o(i.____softfp_sqrt$lsc) refers (Special) to iusefp.o(.text) for __I$use$fp
    sqrt_x.o(i.____softfp_sqrt$lsc) refers to cdcmple.o(.text) for __aeabi_cdcmple
    sqrt_x.o(i.____softfp_sqrt$lsc) refers to errno.o(i.__set_errno) for __set_errno
    sqrt_x.o(i.____softfp_sqrt$lsc) refers to dsqrt.o(.text) for _dsqrt
    sqrt_x.o(i.__sqrt$lsc) refers (Special) to iusefp.o(.text) for __I$use$fp
    sqrt_x.o(i.__sqrt$lsc) refers to cdcmple.o(.text) for __aeabi_cdcmple
    sqrt_x.o(i.__sqrt$lsc) refers to errno.o(i.__set_errno) for __set_errno
    sqrt_x.o(i.__sqrt$lsc) refers to dsqrt.o(.text) for _dsqrt
    entry2.o(.ARM.Collect$$$$00000001) refers to entry2.o(.ARM.Collect$$$$00002712) for __lit__00000000
    entry2.o(.ARM.Collect$$$$00002712) refers to startup_stm32f40_41xxx.o(STACK) for __initial_sp
    entry2.o(__vectab_stack_and_reset_area) refers to startup_stm32f40_41xxx.o(STACK) for __initial_sp
    entry2.o(__vectab_stack_and_reset_area) refers to entry.o(.ARM.Collect$$$$00000000) for __main
    entry5.o(.ARM.Collect$$$$00000004) refers to init.o(.text) for __scatterload
    entry9a.o(.ARM.Collect$$$$0000000B) refers to main.o(i.main) for main
    entry9b.o(.ARM.Collect$$$$0000000C) refers to main.o(i.main) for main
    errno.o(i.__aeabi_errno_addr) refers to errno.o(.data) for .data
    errno.o(i.__read_errno) refers to errno.o(.data) for .data
    errno.o(i.__set_errno) refers to errno.o(.data) for .data
    depilogue.o(.text) refers to llshl.o(.text) for __aeabi_llsl
    depilogue.o(.text) refers to llushr.o(.text) for __aeabi_llsr
    init.o(.text) refers to entry5.o(.ARM.Collect$$$$00000004) for __main_after_scatterload
    dsqrt.o(.text) refers to llushr.o(.text) for __aeabi_llsr
    dsqrt.o(.text) refers to depilogue.o(.text) for _double_round


==============================================================================

Removing Unused input sections from the image.

    Removing main.o(.rev16_text), (4 bytes).
    Removing main.o(.revsh_text), (4 bytes).
    Removing main.o(.data), (37 bytes).
    Removing system_stm32f4xx.o(.rev16_text), (4 bytes).
    Removing system_stm32f4xx.o(.revsh_text), (4 bytes).
    Removing system_stm32f4xx.o(i.SystemCoreClockUpdate), (192 bytes).
    Removing system_stm32f4xx.o(.data), (20 bytes).
    Removing startup_stm32f40_41xxx.o(HEAP), (512 bytes).
    Removing misc.o(.rev16_text), (4 bytes).
    Removing misc.o(.revsh_text), (4 bytes).
    Removing misc.o(i.NVIC_Init), (120 bytes).
    Removing misc.o(i.NVIC_PriorityGroupConfig), (20 bytes).
    Removing misc.o(i.NVIC_SetVectorTable), (20 bytes).
    Removing misc.o(i.NVIC_SystemLPConfig), (32 bytes).
    Removing stm32f4xx_dma.o(.rev16_text), (4 bytes).
    Removing stm32f4xx_dma.o(.revsh_text), (4 bytes).
    Removing stm32f4xx_dma.o(i.DMA_ClearFlag), (52 bytes).
    Removing stm32f4xx_dma.o(i.DMA_ClearITPendingBit), (52 bytes).
    Removing stm32f4xx_dma.o(i.DMA_DeInit), (344 bytes).
    Removing stm32f4xx_dma.o(i.DMA_DoubleBufferModeCmd), (22 bytes).
    Removing stm32f4xx_dma.o(i.DMA_DoubleBufferModeConfig), (24 bytes).
    Removing stm32f4xx_dma.o(i.DMA_FlowControllerConfig), (22 bytes).
    Removing stm32f4xx_dma.o(i.DMA_GetCurrDataCounter), (8 bytes).
    Removing stm32f4xx_dma.o(i.DMA_GetCurrentMemoryTarget), (20 bytes).
    Removing stm32f4xx_dma.o(i.DMA_GetFIFOStatus), (12 bytes).
    Removing stm32f4xx_dma.o(i.DMA_GetFlagStatus), (68 bytes).
    Removing stm32f4xx_dma.o(i.DMA_GetITStatus), (100 bytes).
    Removing stm32f4xx_dma.o(i.DMA_ITConfig), (58 bytes).
    Removing stm32f4xx_dma.o(i.DMA_MemoryTargetConfig), (10 bytes).
    Removing stm32f4xx_dma.o(i.DMA_PeriphIncOffsetSizeConfig), (22 bytes).
    Removing stm32f4xx_dma.o(i.DMA_SetCurrDataCounter), (4 bytes).
    Removing stm32f4xx_dma.o(i.DMA_StructInit), (34 bytes).
    Removing stm32f4xx_gpio.o(.rev16_text), (4 bytes).
    Removing stm32f4xx_gpio.o(.revsh_text), (4 bytes).
    Removing stm32f4xx_gpio.o(i.GPIO_DeInit), (312 bytes).
    Removing stm32f4xx_gpio.o(i.GPIO_PinLockConfig), (34 bytes).
    Removing stm32f4xx_gpio.o(i.GPIO_ReadInputData), (8 bytes).
    Removing stm32f4xx_gpio.o(i.GPIO_ReadOutputData), (8 bytes).
    Removing stm32f4xx_gpio.o(i.GPIO_ReadOutputDataBit), (18 bytes).
    Removing stm32f4xx_gpio.o(i.GPIO_StructInit), (18 bytes).
    Removing stm32f4xx_gpio.o(i.GPIO_ToggleBits), (8 bytes).
    Removing stm32f4xx_gpio.o(i.GPIO_Write), (4 bytes).
    Removing stm32f4xx_gpio.o(i.GPIO_WriteBit), (10 bytes).
    Removing stm32f4xx_rcc.o(.rev16_text), (4 bytes).
    Removing stm32f4xx_rcc.o(.revsh_text), (4 bytes).
    Removing stm32f4xx_rcc.o(i.RCC_AHB1PeriphClockLPModeCmd), (32 bytes).
    Removing stm32f4xx_rcc.o(i.RCC_AHB1PeriphResetCmd), (32 bytes).
    Removing stm32f4xx_rcc.o(i.RCC_AHB2PeriphClockCmd), (32 bytes).
    Removing stm32f4xx_rcc.o(i.RCC_AHB2PeriphClockLPModeCmd), (32 bytes).
    Removing stm32f4xx_rcc.o(i.RCC_AHB2PeriphResetCmd), (32 bytes).
    Removing stm32f4xx_rcc.o(i.RCC_AHB3PeriphClockCmd), (32 bytes).
    Removing stm32f4xx_rcc.o(i.RCC_AHB3PeriphClockLPModeCmd), (32 bytes).
    Removing stm32f4xx_rcc.o(i.RCC_AHB3PeriphResetCmd), (32 bytes).
    Removing stm32f4xx_rcc.o(i.RCC_APB1PeriphClockCmd), (32 bytes).
    Removing stm32f4xx_rcc.o(i.RCC_APB1PeriphClockLPModeCmd), (32 bytes).
    Removing stm32f4xx_rcc.o(i.RCC_APB1PeriphResetCmd), (32 bytes).
    Removing stm32f4xx_rcc.o(i.RCC_APB2PeriphClockLPModeCmd), (32 bytes).
    Removing stm32f4xx_rcc.o(i.RCC_APB2PeriphResetCmd), (32 bytes).
    Removing stm32f4xx_rcc.o(i.RCC_AdjustHSICalibrationValue), (24 bytes).
    Removing stm32f4xx_rcc.o(i.RCC_BackupResetCmd), (12 bytes).
    Removing stm32f4xx_rcc.o(i.RCC_ClearFlag), (20 bytes).
    Removing stm32f4xx_rcc.o(i.RCC_ClearITPendingBit), (12 bytes).
    Removing stm32f4xx_rcc.o(i.RCC_ClockSecuritySystemCmd), (12 bytes).
    Removing stm32f4xx_rcc.o(i.RCC_DeInit), (100 bytes).
    Removing stm32f4xx_rcc.o(i.RCC_GetFlagStatus), (64 bytes).
    Removing stm32f4xx_rcc.o(i.RCC_GetITStatus), (24 bytes).
    Removing stm32f4xx_rcc.o(i.RCC_GetSYSCLKSource), (16 bytes).
    Removing stm32f4xx_rcc.o(i.RCC_HCLKConfig), (24 bytes).
    Removing stm32f4xx_rcc.o(i.RCC_HSEConfig), (16 bytes).
    Removing stm32f4xx_rcc.o(i.RCC_HSICmd), (12 bytes).
    Removing stm32f4xx_rcc.o(i.RCC_I2SCLKConfig), (12 bytes).
    Removing stm32f4xx_rcc.o(i.RCC_ITConfig), (32 bytes).
    Removing stm32f4xx_rcc.o(i.RCC_LSEConfig), (44 bytes).
    Removing stm32f4xx_rcc.o(i.RCC_LSEModeConfig), (36 bytes).
    Removing stm32f4xx_rcc.o(i.RCC_LSICmd), (12 bytes).
    Removing stm32f4xx_rcc.o(i.RCC_LTDCCLKDivConfig), (24 bytes).
    Removing stm32f4xx_rcc.o(i.RCC_MCO1Config), (28 bytes).
    Removing stm32f4xx_rcc.o(i.RCC_MCO2Config), (28 bytes).
    Removing stm32f4xx_rcc.o(i.RCC_PCLK1Config), (24 bytes).
    Removing stm32f4xx_rcc.o(i.RCC_PCLK2Config), (24 bytes).
    Removing stm32f4xx_rcc.o(i.RCC_PLLCmd), (12 bytes).
    Removing stm32f4xx_rcc.o(i.RCC_PLLConfig), (36 bytes).
    Removing stm32f4xx_rcc.o(i.RCC_PLLI2SCmd), (12 bytes).
    Removing stm32f4xx_rcc.o(i.RCC_PLLI2SConfig), (16 bytes).
    Removing stm32f4xx_rcc.o(i.RCC_PLLSAICmd), (12 bytes).
    Removing stm32f4xx_rcc.o(i.RCC_PLLSAIConfig), (24 bytes).
    Removing stm32f4xx_rcc.o(i.RCC_RTCCLKCmd), (12 bytes).
    Removing stm32f4xx_rcc.o(i.RCC_RTCCLKConfig), (60 bytes).
    Removing stm32f4xx_rcc.o(i.RCC_SAIBlockACLKConfig), (24 bytes).
    Removing stm32f4xx_rcc.o(i.RCC_SAIBlockBCLKConfig), (24 bytes).
    Removing stm32f4xx_rcc.o(i.RCC_SAIPLLI2SClkDivConfig), (28 bytes).
    Removing stm32f4xx_rcc.o(i.RCC_SAIPLLSAIClkDivConfig), (28 bytes).
    Removing stm32f4xx_rcc.o(i.RCC_SYSCLKConfig), (24 bytes).
    Removing stm32f4xx_rcc.o(i.RCC_TIMCLKPresConfig), (12 bytes).
    Removing stm32f4xx_rcc.o(i.RCC_WaitForHSEStartUp), (56 bytes).
    Removing stm32f4xx_tim.o(.rev16_text), (4 bytes).
    Removing stm32f4xx_tim.o(.revsh_text), (4 bytes).
    Removing stm32f4xx_tim.o(i.TI1_Config), (58 bytes).
    Removing stm32f4xx_tim.o(i.TI2_Config), (80 bytes).
    Removing stm32f4xx_tim.o(i.TI3_Config), (72 bytes).
    Removing stm32f4xx_tim.o(i.TI4_Config), (80 bytes).
    Removing stm32f4xx_tim.o(i.TIM_ARRPreloadConfig), (24 bytes).
    Removing stm32f4xx_tim.o(i.TIM_BDTRConfig), (32 bytes).
    Removing stm32f4xx_tim.o(i.TIM_BDTRStructInit), (18 bytes).
    Removing stm32f4xx_tim.o(i.TIM_CCPreloadControl), (24 bytes).
    Removing stm32f4xx_tim.o(i.TIM_CCxCmd), (30 bytes).
    Removing stm32f4xx_tim.o(i.TIM_CCxNCmd), (30 bytes).
    Removing stm32f4xx_tim.o(i.TIM_ClearFlag), (6 bytes).
    Removing stm32f4xx_tim.o(i.TIM_ClearOC1Ref), (18 bytes).
    Removing stm32f4xx_tim.o(i.TIM_ClearOC2Ref), (24 bytes).
    Removing stm32f4xx_tim.o(i.TIM_ClearOC3Ref), (18 bytes).
    Removing stm32f4xx_tim.o(i.TIM_ClearOC4Ref), (24 bytes).
    Removing stm32f4xx_tim.o(i.TIM_Cmd), (24 bytes).
    Removing stm32f4xx_tim.o(i.TIM_CounterModeConfig), (18 bytes).
    Removing stm32f4xx_tim.o(i.TIM_CtrlPWMOutputs), (30 bytes).
    Removing stm32f4xx_tim.o(i.TIM_DMACmd), (18 bytes).
    Removing stm32f4xx_tim.o(i.TIM_DMAConfig), (10 bytes).
    Removing stm32f4xx_tim.o(i.TIM_DeInit), (400 bytes).
    Removing stm32f4xx_tim.o(i.TIM_ETRClockMode1Config), (54 bytes).
    Removing stm32f4xx_tim.o(i.TIM_ETRClockMode2Config), (32 bytes).
    Removing stm32f4xx_tim.o(i.TIM_ETRConfig), (28 bytes).
    Removing stm32f4xx_tim.o(i.TIM_EncoderInterfaceConfig), (66 bytes).
    Removing stm32f4xx_tim.o(i.TIM_ForcedOC1Config), (18 bytes).
    Removing stm32f4xx_tim.o(i.TIM_ForcedOC2Config), (26 bytes).
    Removing stm32f4xx_tim.o(i.TIM_ForcedOC3Config), (18 bytes).
    Removing stm32f4xx_tim.o(i.TIM_ForcedOC4Config), (26 bytes).
    Removing stm32f4xx_tim.o(i.TIM_GenerateEvent), (4 bytes).
    Removing stm32f4xx_tim.o(i.TIM_GetCapture1), (6 bytes).
    Removing stm32f4xx_tim.o(i.TIM_GetCapture2), (6 bytes).
    Removing stm32f4xx_tim.o(i.TIM_GetCapture3), (6 bytes).
    Removing stm32f4xx_tim.o(i.TIM_GetCapture4), (6 bytes).
    Removing stm32f4xx_tim.o(i.TIM_GetCounter), (6 bytes).
    Removing stm32f4xx_tim.o(i.TIM_GetFlagStatus), (18 bytes).
    Removing stm32f4xx_tim.o(i.TIM_GetPrescaler), (6 bytes).
    Removing stm32f4xx_tim.o(i.TIM_ICInit), (110 bytes).
    Removing stm32f4xx_tim.o(i.TIM_ICStructInit), (18 bytes).
    Removing stm32f4xx_tim.o(i.TIM_ITConfig), (18 bytes).
    Removing stm32f4xx_tim.o(i.TIM_ITRxExternalClockConfig), (24 bytes).
    Removing stm32f4xx_tim.o(i.TIM_InternalClockConfig), (12 bytes).
    Removing stm32f4xx_tim.o(i.TIM_OC1FastConfig), (18 bytes).
    Removing stm32f4xx_tim.o(i.TIM_OC1Init), (124 bytes).
    Removing stm32f4xx_tim.o(i.TIM_OC1NPolarityConfig), (18 bytes).
    Removing stm32f4xx_tim.o(i.TIM_OC1PolarityConfig), (18 bytes).
    Removing stm32f4xx_tim.o(i.TIM_OC1PreloadConfig), (18 bytes).
    Removing stm32f4xx_tim.o(i.TIM_OC2FastConfig), (26 bytes).
    Removing stm32f4xx_tim.o(i.TIM_OC2Init), (164 bytes).
    Removing stm32f4xx_tim.o(i.TIM_OC2NPolarityConfig), (26 bytes).
    Removing stm32f4xx_tim.o(i.TIM_OC2PolarityConfig), (26 bytes).
    Removing stm32f4xx_tim.o(i.TIM_OC2PreloadConfig), (26 bytes).
    Removing stm32f4xx_tim.o(i.TIM_OC3FastConfig), (18 bytes).
    Removing stm32f4xx_tim.o(i.TIM_OC3Init), (160 bytes).
    Removing stm32f4xx_tim.o(i.TIM_OC3NPolarityConfig), (26 bytes).
    Removing stm32f4xx_tim.o(i.TIM_OC3PolarityConfig), (26 bytes).
    Removing stm32f4xx_tim.o(i.TIM_OC3PreloadConfig), (18 bytes).
    Removing stm32f4xx_tim.o(i.TIM_OC4FastConfig), (26 bytes).
    Removing stm32f4xx_tim.o(i.TIM_OC4Init), (120 bytes).
    Removing stm32f4xx_tim.o(i.TIM_OC4PolarityConfig), (26 bytes).
    Removing stm32f4xx_tim.o(i.TIM_OC4PreloadConfig), (26 bytes).
    Removing stm32f4xx_tim.o(i.TIM_OCStructInit), (20 bytes).
    Removing stm32f4xx_tim.o(i.TIM_PWMIConfig), (124 bytes).
    Removing stm32f4xx_tim.o(i.TIM_PrescalerConfig), (6 bytes).
    Removing stm32f4xx_tim.o(i.TIM_RemapConfig), (6 bytes).
    Removing stm32f4xx_tim.o(i.TIM_SelectCCDMA), (24 bytes).
    Removing stm32f4xx_tim.o(i.TIM_SelectCOM), (24 bytes).
    Removing stm32f4xx_tim.o(i.TIM_SelectHallSensor), (24 bytes).
    Removing stm32f4xx_tim.o(i.TIM_SelectInputTrigger), (18 bytes).
    Removing stm32f4xx_tim.o(i.TIM_SelectMasterSlaveMode), (18 bytes).
    Removing stm32f4xx_tim.o(i.TIM_SelectOCxM), (86 bytes).
    Removing stm32f4xx_tim.o(i.TIM_SelectOnePulseMode), (18 bytes).
    Removing stm32f4xx_tim.o(i.TIM_SelectOutputTrigger), (18 bytes).
    Removing stm32f4xx_tim.o(i.TIM_SelectSlaveMode), (18 bytes).
    Removing stm32f4xx_tim.o(i.TIM_SetAutoreload), (4 bytes).
    Removing stm32f4xx_tim.o(i.TIM_SetClockDivision), (18 bytes).
    Removing stm32f4xx_tim.o(i.TIM_SetCompare1), (4 bytes).
    Removing stm32f4xx_tim.o(i.TIM_SetCompare2), (4 bytes).
    Removing stm32f4xx_tim.o(i.TIM_SetCompare3), (4 bytes).
    Removing stm32f4xx_tim.o(i.TIM_SetCompare4), (4 bytes).
    Removing stm32f4xx_tim.o(i.TIM_SetCounter), (4 bytes).
    Removing stm32f4xx_tim.o(i.TIM_SetIC1Prescaler), (18 bytes).
    Removing stm32f4xx_tim.o(i.TIM_SetIC2Prescaler), (26 bytes).
    Removing stm32f4xx_tim.o(i.TIM_SetIC3Prescaler), (18 bytes).
    Removing stm32f4xx_tim.o(i.TIM_SetIC4Prescaler), (26 bytes).
    Removing stm32f4xx_tim.o(i.TIM_TIxExternalClockConfig), (62 bytes).
    Removing stm32f4xx_tim.o(i.TIM_TimeBaseInit), (132 bytes).
    Removing stm32f4xx_tim.o(i.TIM_TimeBaseStructInit), (18 bytes).
    Removing stm32f4xx_tim.o(i.TIM_UpdateDisableConfig), (24 bytes).
    Removing stm32f4xx_tim.o(i.TIM_UpdateRequestConfig), (24 bytes).
    Removing stm32f4xx_usart.o(.rev16_text), (4 bytes).
    Removing stm32f4xx_usart.o(.revsh_text), (4 bytes).
    Removing stm32f4xx_usart.o(i.USART_ClearFlag), (18 bytes).
    Removing stm32f4xx_usart.o(i.USART_ClearITPendingBit), (30 bytes).
    Removing stm32f4xx_usart.o(i.USART_ClockInit), (32 bytes).
    Removing stm32f4xx_usart.o(i.USART_ClockStructInit), (12 bytes).
    Removing stm32f4xx_usart.o(i.USART_DeInit), (240 bytes).
    Removing stm32f4xx_usart.o(i.USART_HalfDuplexCmd), (24 bytes).
    Removing stm32f4xx_usart.o(i.USART_ITConfig), (74 bytes).
    Removing stm32f4xx_usart.o(i.USART_IrDACmd), (24 bytes).
    Removing stm32f4xx_usart.o(i.USART_IrDAConfig), (18 bytes).
    Removing stm32f4xx_usart.o(i.USART_LINBreakDetectLengthConfig), (18 bytes).
    Removing stm32f4xx_usart.o(i.USART_LINCmd), (24 bytes).
    Removing stm32f4xx_usart.o(i.USART_OneBitMethodCmd), (24 bytes).
    Removing stm32f4xx_usart.o(i.USART_OverSampling8Cmd), (22 bytes).
    Removing stm32f4xx_usart.o(i.USART_ReceiverWakeUpCmd), (24 bytes).
    Removing stm32f4xx_usart.o(i.USART_SendBreak), (10 bytes).
    Removing stm32f4xx_usart.o(i.USART_SetAddress), (18 bytes).
    Removing stm32f4xx_usart.o(i.USART_SetGuardTime), (16 bytes).
    Removing stm32f4xx_usart.o(i.USART_SetPrescaler), (16 bytes).
    Removing stm32f4xx_usart.o(i.USART_SmartCardCmd), (24 bytes).
    Removing stm32f4xx_usart.o(i.USART_SmartCardNACKCmd), (24 bytes).
    Removing stm32f4xx_usart.o(i.USART_StructInit), (24 bytes).
    Removing stm32f4xx_usart.o(i.USART_WakeUpConfig), (18 bytes).
    Removing delay.o(.rev16_text), (4 bytes).
    Removing delay.o(.revsh_text), (4 bytes).
    Removing sys.o(.rev16_text), (4 bytes).
    Removing sys.o(.revsh_text), (4 bytes).
    Removing sys.o(.emb_text), (16 bytes).
    Removing usart.o(.rev16_text), (4 bytes).
    Removing usart.o(.revsh_text), (4 bytes).
    Removing usart.o(i._sys_exit), (4 bytes).
    Removing usart.o(i.fputc), (28 bytes).
    Removing usart.o(i.uart_init), (172 bytes).
    Removing led.o(.rev16_text), (4 bytes).
    Removing led.o(.revsh_text), (4 bytes).
    Removing led.o(i.LED_Dark), (16 bytes).
    Removing led.o(i.LED_Light), (16 bytes).
    Removing i2csml.o(.rev16_text), (4 bytes).
    Removing i2csml.o(.revsh_text), (4 bytes).
    Removing i2csml.o(i.I2C_Ack), (56 bytes).
    Removing i2csml.o(i.I2C_INIT), (68 bytes).
    Removing i2csml.o(i.I2C_NAck), (56 bytes).
    Removing i2csml.o(i.I2C_Read_Byte), (92 bytes).
    Removing i2csml.o(i.I2C_SDA_IN), (40 bytes).
    Removing i2csml.o(i.I2C_SDA_OUT), (44 bytes).
    Removing i2csml.o(i.I2C_Send_Byte), (96 bytes).
    Removing i2csml.o(i.I2C_Start), (56 bytes).
    Removing i2csml.o(i.I2C_Stop), (56 bytes).
    Removing i2csml.o(i.I2C_Wait_Ack), (84 bytes).
    Removing pca9685.o(.rev16_text), (4 bytes).
    Removing pca9685.o(.revsh_text), (4 bytes).
    Removing pca9685.o(i.PrescaleConfig_PCA9685), (114 bytes).
    Removing pca9685.o(i.Prescale_Calculate), (152 bytes).
    Removing pca9685.o(i.setPWM), (100 bytes).
    Removing usartdma.o(.rev16_text), (4 bytes).
    Removing usartdma.o(.revsh_text), (4 bytes).
    Removing usartdma.o(i.Send16bitData), (64 bytes).
    Removing usartdma.o(i.SendFloatData), (64 bytes).
    Removing tlc1543.o(.rev16_text), (4 bytes).
    Removing tlc1543.o(.revsh_text), (4 bytes).
    Removing tlc1543.o(i.TLC1543_sampleData), (396 bytes).
    Removing tim.o(.rev16_text), (4 bytes).
    Removing tim.o(.revsh_text), (4 bytes).
    Removing tim.o(i.TIM_init), (104 bytes).
    Removing gmvaluedef.o(.rev16_text), (4 bytes).
    Removing gmvaluedef.o(.revsh_text), (4 bytes).
    Removing spiads1256.o(.rev16_text), (4 bytes).
    Removing spiads1256.o(.revsh_text), (4 bytes).
    Removing spiads1256.o(i.ADS1256_GetAdcData12Bits), (200 bytes).
    Removing spiads1256.o(i.ADS1256_GetAdcData16Bits), (200 bytes).
    Removing f2d.o(.text), (38 bytes).
    Removing d2f.o(.text), (56 bytes).
    Removing fepilogue.o(.text), (110 bytes).
    Removing dneg.o(.text), (6 bytes).
    Removing cdcmple.o(.text), (48 bytes).

263 unused section(s) (total 10309 bytes) removed from the image.

==============================================================================

Image Symbol Table

    Local Symbols

    Symbol Name                              Value     Ov Type        Size  Object(Section)

    ../clib/microlib/errno.c                 0x00000000   Number         0  errno.o ABSOLUTE
    ../clib/microlib/init/entry.s            0x00000000   Number         0  entry10a.o ABSOLUTE
    ../clib/microlib/init/entry.s            0x00000000   Number         0  entry8a.o ABSOLUTE
    ../clib/microlib/init/entry.s            0x00000000   Number         0  entry8b.o ABSOLUTE
    ../clib/microlib/init/entry.s            0x00000000   Number         0  entry2.o ABSOLUTE
    ../clib/microlib/init/entry.s            0x00000000   Number         0  entry11a.o ABSOLUTE
    ../clib/microlib/init/entry.s            0x00000000   Number         0  entry10b.o ABSOLUTE
    ../clib/microlib/init/entry.s            0x00000000   Number         0  entry9a.o ABSOLUTE
    ../clib/microlib/init/entry.s            0x00000000   Number         0  entry7a.o ABSOLUTE
    ../clib/microlib/init/entry.s            0x00000000   Number         0  entry9b.o ABSOLUTE
    ../clib/microlib/init/entry.s            0x00000000   Number         0  entry7b.o ABSOLUTE
    ../clib/microlib/init/entry.s            0x00000000   Number         0  entry.o ABSOLUTE
    ../clib/microlib/init/entry.s            0x00000000   Number         0  entry5.o ABSOLUTE
    ../clib/microlib/init/entry.s            0x00000000   Number         0  entry11b.o ABSOLUTE
    ../clib/microlib/longlong.c              0x00000000   Number         0  llushr.o ABSOLUTE
    ../clib/microlib/longlong.c              0x00000000   Number         0  llshl.o ABSOLUTE
    ../clib/microlib/longlong.c              0x00000000   Number         0  llsshr.o ABSOLUTE
    ../clib/microlib/stubs.s                 0x00000000   Number         0  iusefp.o ABSOLUTE
    ../clib/microlib/stubs.s                 0x00000000   Number         0  useno.o ABSOLUTE
    ../fplib/microlib/d2f.c                  0x00000000   Number         0  d2f.o ABSOLUTE
    ../fplib/microlib/f2d.c                  0x00000000   Number         0  f2d.o ABSOLUTE
    ../fplib/microlib/fpadd.c                0x00000000   Number         0  dadd.o ABSOLUTE
    ../fplib/microlib/fpdiv.c                0x00000000   Number         0  ddiv.o ABSOLUTE
    ../fplib/microlib/fpepilogue.c           0x00000000   Number         0  fepilogue.o ABSOLUTE
    ../fplib/microlib/fpepilogue.c           0x00000000   Number         0  depilogue.o ABSOLUTE
    ../fplib/microlib/fpfix.c                0x00000000   Number         0  dfixui.o ABSOLUTE
    ../fplib/microlib/fpflt.c                0x00000000   Number         0  dfltui.o ABSOLUTE
    ../fplib/microlib/fpflt.c                0x00000000   Number         0  dflti.o ABSOLUTE
    ../fplib/microlib/fpmul.c                0x00000000   Number         0  dmul.o ABSOLUTE
    ../fplib/microlib/fpneg.c                0x00000000   Number         0  dneg.o ABSOLUTE
    ../fplib/microlib/fpscalb.c              0x00000000   Number         0  dscalb.o ABSOLUTE
    ../fplib/microlib/fpsqrt.c               0x00000000   Number         0  dsqrt.o ABSOLUTE
    ../mathlib/dunder.c                      0x00000000   Number         0  dunder.o ABSOLUTE
    ../mathlib/fabs.c                        0x00000000   Number         0  fabs.o ABSOLUTE
    ../mathlib/floor.c                       0x00000000   Number         0  floor.o ABSOLUTE
    ../mathlib/fpclassify.c                  0x00000000   Number         0  fpclassify.o ABSOLUTE
    ../mathlib/poly.c                        0x00000000   Number         0  poly.o ABSOLUTE
    ../mathlib/pow.c                         0x00000000   Number         0  pow.o ABSOLUTE
    ../mathlib/pow.c                         0x00000000   Number         0  pow_x.o ABSOLUTE
    ../mathlib/qnan.c                        0x00000000   Number         0  qnan.o ABSOLUTE
    ../mathlib/sqrt.c                        0x00000000   Number         0  sqrt_x.o ABSOLUTE
    ../mathlib/sqrt.c                        0x00000000   Number         0  sqrt.o ABSOLUTE
    ..\APP\GMValueDef\GMValueDef.c           0x00000000   Number         0  gmvaluedef.o ABSOLUTE
    ..\APP\I2Csml\I2Csml.c                   0x00000000   Number         0  i2csml.o ABSOLUTE
    ..\APP\LED\LED.c                         0x00000000   Number         0  led.o ABSOLUTE
    ..\APP\PCA9685\PCA9685.c                 0x00000000   Number         0  pca9685.o ABSOLUTE
    ..\APP\SPIADS1256\SPIADS1256.c           0x00000000   Number         0  spiads1256.o ABSOLUTE
    ..\APP\TIM\TIM.c                         0x00000000   Number         0  tim.o ABSOLUTE
    ..\APP\TLC1543\TLC1543.c                 0x00000000   Number         0  tlc1543.o ABSOLUTE
    ..\APP\USART_DMA\UsartDma.c              0x00000000   Number         0  usartdma.o ABSOLUTE
    ..\CORE\startup_stm32f40_41xxx.s         0x00000000   Number         0  startup_stm32f40_41xxx.o ABSOLUTE
    ..\FWLIB\src\misc.c                      0x00000000   Number         0  misc.o ABSOLUTE
    ..\FWLIB\src\stm32f4xx_dma.c             0x00000000   Number         0  stm32f4xx_dma.o ABSOLUTE
    ..\FWLIB\src\stm32f4xx_gpio.c            0x00000000   Number         0  stm32f4xx_gpio.o ABSOLUTE
    ..\FWLIB\src\stm32f4xx_rcc.c             0x00000000   Number         0  stm32f4xx_rcc.o ABSOLUTE
    ..\FWLIB\src\stm32f4xx_tim.c             0x00000000   Number         0  stm32f4xx_tim.o ABSOLUTE
    ..\FWLIB\src\stm32f4xx_usart.c           0x00000000   Number         0  stm32f4xx_usart.o ABSOLUTE
    ..\SYSTEM\delay\delay.c                  0x00000000   Number         0  delay.o ABSOLUTE
    ..\SYSTEM\sys\sys.c                      0x00000000   Number         0  sys.o ABSOLUTE
    ..\SYSTEM\usart\usart.c                  0x00000000   Number         0  usart.o ABSOLUTE
    ..\\APP\\GMValueDef\\GMValueDef.c        0x00000000   Number         0  gmvaluedef.o ABSOLUTE
    ..\\APP\\I2Csml\\I2Csml.c                0x00000000   Number         0  i2csml.o ABSOLUTE
    ..\\APP\\LED\\LED.c                      0x00000000   Number         0  led.o ABSOLUTE
    ..\\APP\\PCA9685\\PCA9685.c              0x00000000   Number         0  pca9685.o ABSOLUTE
    ..\\APP\\SPIADS1256\\SPIADS1256.c        0x00000000   Number         0  spiads1256.o ABSOLUTE
    ..\\APP\\TIM\\TIM.c                      0x00000000   Number         0  tim.o ABSOLUTE
    ..\\APP\\TLC1543\\TLC1543.c              0x00000000   Number         0  tlc1543.o ABSOLUTE
    ..\\APP\\USART_DMA\\UsartDma.c           0x00000000   Number         0  usartdma.o ABSOLUTE
    ..\\FWLIB\\src\\misc.c                   0x00000000   Number         0  misc.o ABSOLUTE
    ..\\FWLIB\\src\\stm32f4xx_dma.c          0x00000000   Number         0  stm32f4xx_dma.o ABSOLUTE
    ..\\FWLIB\\src\\stm32f4xx_gpio.c         0x00000000   Number         0  stm32f4xx_gpio.o ABSOLUTE
    ..\\FWLIB\\src\\stm32f4xx_rcc.c          0x00000000   Number         0  stm32f4xx_rcc.o ABSOLUTE
    ..\\FWLIB\\src\\stm32f4xx_tim.c          0x00000000   Number         0  stm32f4xx_tim.o ABSOLUTE
    ..\\FWLIB\\src\\stm32f4xx_usart.c        0x00000000   Number         0  stm32f4xx_usart.o ABSOLUTE
    ..\\SYSTEM\\delay\\delay.c               0x00000000   Number         0  delay.o ABSOLUTE
    ..\\SYSTEM\\sys\\sys.c                   0x00000000   Number         0  sys.o ABSOLUTE
    ..\\SYSTEM\\usart\\usart.c               0x00000000   Number         0  usart.o ABSOLUTE
    cdcmple.s                                0x00000000   Number         0  cdcmple.o ABSOLUTE
    cdrcmple.s                               0x00000000   Number         0  cdrcmple.o ABSOLUTE
    dc.s                                     0x00000000   Number         0  dc.o ABSOLUTE
    handlers.s                               0x00000000   Number         0  handlers.o ABSOLUTE
    init.s                                   0x00000000   Number         0  init.o ABSOLUTE
    main.c                                   0x00000000   Number         0  main.o ABSOLUTE
    main.c                                   0x00000000   Number         0  main.o ABSOLUTE
    stm32f4xx_it.c                           0x00000000   Number         0  stm32f4xx_it.o ABSOLUTE
    system_stm32f4xx.c                       0x00000000   Number         0  system_stm32f4xx.o ABSOLUTE
    system_stm32f4xx.c                       0x00000000   Number         0  system_stm32f4xx.o ABSOLUTE
    RESET                                    0x08000000   Section      392  startup_stm32f40_41xxx.o(RESET)
    .ARM.Collect$$$$00000000                 0x08000188   Section        0  entry.o(.ARM.Collect$$$$00000000)
    .ARM.Collect$$$$00000001                 0x08000188   Section        4  entry2.o(.ARM.Collect$$$$00000001)
    .ARM.Collect$$$$00000004                 0x0800018c   Section        4  entry5.o(.ARM.Collect$$$$00000004)
    .ARM.Collect$$$$00000008                 0x08000190   Section        0  entry7b.o(.ARM.Collect$$$$00000008)
    .ARM.Collect$$$$0000000A                 0x08000190   Section        0  entry8b.o(.ARM.Collect$$$$0000000A)
    .ARM.Collect$$$$0000000B                 0x08000190   Section        8  entry9a.o(.ARM.Collect$$$$0000000B)
    .ARM.Collect$$$$0000000D                 0x08000198   Section        0  entry10a.o(.ARM.Collect$$$$0000000D)
    .ARM.Collect$$$$0000000F                 0x08000198   Section        0  entry11a.o(.ARM.Collect$$$$0000000F)
    .ARM.Collect$$$$00002712                 0x08000198   Section        4  entry2.o(.ARM.Collect$$$$00002712)
    __lit__00000000                          0x08000198   Data           4  entry2.o(.ARM.Collect$$$$00002712)
    .text                                    0x0800019c   Section       36  startup_stm32f40_41xxx.o(.text)
    $v0                                      0x0800019c   Number         0  startup_stm32f40_41xxx.o(.text)
    .text                                    0x080001c0   Section        0  dadd.o(.text)
    .text                                    0x0800030e   Section        0  dmul.o(.text)
    .text                                    0x080003f2   Section        0  ddiv.o(.text)
    .text                                    0x080004d0   Section        0  dflti.o(.text)
    .text                                    0x080004f2   Section        0  dfltui.o(.text)
    .text                                    0x0800050c   Section        0  dfixui.o(.text)
    .text                                    0x0800053e   Section        0  llshl.o(.text)
    .text                                    0x0800055c   Section        0  llushr.o(.text)
    .text                                    0x0800057c   Section        0  llsshr.o(.text)
    .text                                    0x080005a0   Section        0  depilogue.o(.text)
    .text                                    0x080005a0   Section        0  iusefp.o(.text)
    .text                                    0x0800065a   Section        0  dscalb.o(.text)
    .text                                    0x08000688   Section       48  cdrcmple.o(.text)
    .text                                    0x080006b8   Section       36  init.o(.text)
    .text                                    0x080006dc   Section        0  dsqrt.o(.text)
    i.ADS1256_Config                         0x08000780   Section        0  spiads1256.o(i.ADS1256_Config)
    i.ADS1256_DelaySCLK                      0x080007f4   Section        0  spiads1256.o(i.ADS1256_DelaySCLK)
    i.ADS1256_GetAdcData                     0x08000804   Section        0  spiads1256.o(i.ADS1256_GetAdcData)
    i.ADS1256_Recive8Bit                     0x080008d4   Section        0  spiads1256.o(i.ADS1256_Recive8Bit)
    i.ADS1256_Send8Bit                       0x08000924   Section        0  spiads1256.o(i.ADS1256_Send8Bit)
    i.DMA_Cmd                                0x0800097c   Section        0  stm32f4xx_dma.o(i.DMA_Cmd)
    i.DMA_GetCmdStatus                       0x08000992   Section        0  stm32f4xx_dma.o(i.DMA_GetCmdStatus)
    i.DMA_Init                               0x080009a8   Section        0  stm32f4xx_dma.o(i.DMA_Init)
    i.GPIO_Init                              0x08000a00   Section        0  stm32f4xx_gpio.o(i.GPIO_Init)
    i.GPIO_PinAFConfig                       0x08000a90   Section        0  stm32f4xx_gpio.o(i.GPIO_PinAFConfig)
    i.GPIO_ReadInputDataBit                  0x08000ad6   Section        0  stm32f4xx_gpio.o(i.GPIO_ReadInputDataBit)
    i.GPIO_ResetBits                         0x08000ae8   Section        0  stm32f4xx_gpio.o(i.GPIO_ResetBits)
    i.GPIO_SetBits                           0x08000aec   Section        0  stm32f4xx_gpio.o(i.GPIO_SetBits)
    i.LED_Init                               0x08000af0   Section        0  led.o(i.LED_Init)
    i.RCC_AHB1PeriphClockCmd                 0x08000b24   Section        0  stm32f4xx_rcc.o(i.RCC_AHB1PeriphClockCmd)
    i.RCC_APB2PeriphClockCmd                 0x08000b44   Section        0  stm32f4xx_rcc.o(i.RCC_APB2PeriphClockCmd)
    i.RCC_GetClocksFreq                      0x08000b64   Section        0  stm32f4xx_rcc.o(i.RCC_GetClocksFreq)
    i.SPIADS1256_GPIO_Init                   0x08000c4c   Section        0  spiads1256.o(i.SPIADS1256_GPIO_Init)
    i.Send32bitData                          0x08000d00   Section        0  usartdma.o(i.Send32bitData)
    i.SetSysClock                            0x08000d4c   Section        0  system_stm32f4xx.o(i.SetSysClock)
    SetSysClock                              0x08000d4d   Thumb Code   220  system_stm32f4xx.o(i.SetSysClock)
    i.SysTick_CLKSourceConfig                0x08000e38   Section        0  misc.o(i.SysTick_CLKSourceConfig)
    i.SystemInit                             0x08000e60   Section        0  system_stm32f4xx.o(i.SystemInit)
    i.TIM3_IRQHandler                        0x08000ec8   Section        0  tim.o(i.TIM3_IRQHandler)
    i.TIM_ClearITPendingBit                  0x08000ef4   Section        0  stm32f4xx_tim.o(i.TIM_ClearITPendingBit)
    i.TIM_GetITStatus                        0x08000efa   Section        0  stm32f4xx_tim.o(i.TIM_GetITStatus)
    i.TLC1543_GPIOInit                       0x08000f1c   Section        0  tlc1543.o(i.TLC1543_GPIOInit)
    i.USART1_IRQHandler                      0x08000f68   Section        0  usart.o(i.USART1_IRQHandler)
    i.USART_Cmd                              0x08000ff0   Section        0  stm32f4xx_usart.o(i.USART_Cmd)
    i.USART_DMACmd                           0x08001008   Section        0  stm32f4xx_usart.o(i.USART_DMACmd)
    i.USART_GetFlagStatus                    0x0800101a   Section        0  stm32f4xx_usart.o(i.USART_GetFlagStatus)
    i.USART_GetITStatus                      0x08001034   Section        0  stm32f4xx_usart.o(i.USART_GetITStatus)
    i.USART_Init                             0x08001088   Section        0  stm32f4xx_usart.o(i.USART_Init)
    i.USART_ReceiveData                      0x0800115c   Section        0  stm32f4xx_usart.o(i.USART_ReceiveData)
    i.USART_SendData                         0x08001166   Section        0  stm32f4xx_usart.o(i.USART_SendData)
    i.Usart_Dma_Init                         0x08001170   Section        0  usartdma.o(i.Usart_Dma_Init)
    i.__ARM_fpclassify                       0x080012dc   Section        0  fpclassify.o(i.__ARM_fpclassify)
    i.__hardfp_pow                           0x08001310   Section        0  pow.o(i.__hardfp_pow)
    i.__kernel_poly                          0x08001f60   Section        0  poly.o(i.__kernel_poly)
    i.__mathlib_dbl_divzero                  0x08002058   Section        0  dunder.o(i.__mathlib_dbl_divzero)
    i.__mathlib_dbl_infnan2                  0x08002088   Section        0  dunder.o(i.__mathlib_dbl_infnan2)
    i.__mathlib_dbl_invalid                  0x080020a0   Section        0  dunder.o(i.__mathlib_dbl_invalid)
    i.__mathlib_dbl_overflow                 0x080020c0   Section        0  dunder.o(i.__mathlib_dbl_overflow)
    i.__mathlib_dbl_underflow                0x080020e0   Section        0  dunder.o(i.__mathlib_dbl_underflow)
    i.__scatterload_copy                     0x08002100   Section       14  handlers.o(i.__scatterload_copy)
    i.__scatterload_null                     0x0800210e   Section        2  handlers.o(i.__scatterload_null)
    i.__scatterload_zeroinit                 0x08002110   Section       14  handlers.o(i.__scatterload_zeroinit)
    i.__set_errno                            0x08002120   Section        0  errno.o(i.__set_errno)
    i.delay_init                             0x0800212c   Section        0  delay.o(i.delay_init)
    i.delay_ms                               0x08002168   Section        0  delay.o(i.delay_ms)
    i.delay_us                               0x080021a0   Section        0  delay.o(i.delay_us)
    i.delay_xms                              0x080021ec   Section        0  delay.o(i.delay_xms)
    i.fabs                                   0x08002238   Section        0  fabs.o(i.fabs)
    i.main                                   0x08002250   Section        0  main.o(i.main)
    i.sqrt                                   0x080022d4   Section        0  sqrt.o(i.sqrt)
    .constdata                               0x08002348   Section      136  pow.o(.constdata)
    bp                                       0x08002348   Data          16  pow.o(.constdata)
    dp_h                                     0x08002358   Data          16  pow.o(.constdata)
    dp_l                                     0x08002368   Data          16  pow.o(.constdata)
    L                                        0x08002378   Data          48  pow.o(.constdata)
    P                                        0x080023a8   Data          40  pow.o(.constdata)
    .constdata                               0x080023d0   Section        8  qnan.o(.constdata)
    .data                                    0x20000000   Section       16  stm32f4xx_rcc.o(.data)
    APBAHBPrescTable                         0x20000000   Data          16  stm32f4xx_rcc.o(.data)
    .data                                    0x20000010   Section        4  delay.o(.data)
    fac_us                                   0x20000010   Data           1  delay.o(.data)
    fac_ms                                   0x20000012   Data           2  delay.o(.data)
    .data                                    0x20000014   Section        6  usart.o(.data)
    .data                                    0x2000001a   Section        9  usartdma.o(.data)
    .data                                    0x20000024   Section        8  gmvaluedef.o(.data)
    .data                                    0x2000002c   Section       37  spiads1256.o(.data)
    P                                        0x2000002c   Data          32  spiads1256.o(.data)
    SPI_CS                                   0x2000004c   Data           5  spiads1256.o(.data)
    .data                                    0x20000054   Section        4  errno.o(.data)
    _errno                                   0x20000054   Data           4  errno.o(.data)
    .bss                                     0x20000058   Section      200  usart.o(.bss)
    STACK                                    0x20000120   Section     1024  startup_stm32f40_41xxx.o(STACK)

    Global Symbols

    Symbol Name                              Value     Ov Type        Size  Object(Section)

    BuildAttributes$$THM_ISAv4$E$P$D$K$B$S$7EM$VFPi3$EXTD16$VFPS$VFMA$PE$A:L22UL41UL21$X:L11$S22US41US21$IEEE1$IW$USESV6$~STKCKD$USESV7$~SHL$OTIME$ROPI$IEEEX$EBA8$MICROLIB$REQ8$PRES8$EABIv2 0x00000000   Number         0  anon$$obj.o ABSOLUTE
    __ARM_use_no_argv                        0x00000000   Number         0  main.o ABSOLUTE
    __use_no_errno                           0x00000000   Number         0  useno.o ABSOLUTE
    __use_no_exception_handling              0x00000000   Number         0  useno.o ABSOLUTE
    __use_no_fp                              0x00000000   Number         0  useno.o ABSOLUTE
    __use_no_heap                            0x00000000   Number         0  useno.o ABSOLUTE
    __use_no_heap_region                     0x00000000   Number         0  useno.o ABSOLUTE
    __use_no_semihosting                     0x00000000   Number         0  useno.o ABSOLUTE
    __use_no_semihosting_swi                 0x00000000   Number         0  useno.o ABSOLUTE
    __use_no_signal_handling                 0x00000000   Number         0  useno.o ABSOLUTE
    __cpp_initialize__aeabi_                  - Undefined Weak Reference
    __cxa_finalize                            - Undefined Weak Reference
    __decompress                              - Undefined Weak Reference
    _clock_init                               - Undefined Weak Reference
    _microlib_exit                            - Undefined Weak Reference
    __Vectors_Size                           0x00000188   Number         0  startup_stm32f40_41xxx.o ABSOLUTE
    __Vectors                                0x08000000   Data           4  startup_stm32f40_41xxx.o(RESET)
    __Vectors_End                            0x08000188   Data           0  startup_stm32f40_41xxx.o(RESET)
    __main                                   0x08000189   Thumb Code     0  entry.o(.ARM.Collect$$$$00000000)
    _main_stk                                0x08000189   Thumb Code     0  entry2.o(.ARM.Collect$$$$00000001)
    _main_scatterload                        0x0800018d   Thumb Code     0  entry5.o(.ARM.Collect$$$$00000004)
    __main_after_scatterload                 0x08000191   Thumb Code     0  entry5.o(.ARM.Collect$$$$00000004)
    _main_clock                              0x08000191   Thumb Code     0  entry7b.o(.ARM.Collect$$$$00000008)
    _main_cpp_init                           0x08000191   Thumb Code     0  entry8b.o(.ARM.Collect$$$$0000000A)
    _main_init                               0x08000191   Thumb Code     0  entry9a.o(.ARM.Collect$$$$0000000B)
    __rt_final_cpp                           0x08000199   Thumb Code     0  entry10a.o(.ARM.Collect$$$$0000000D)
    __rt_final_exit                          0x08000199   Thumb Code     0  entry11a.o(.ARM.Collect$$$$0000000F)
    Reset_Handler                            0x0800019d   Thumb Code     8  startup_stm32f40_41xxx.o(.text)
    NMI_Handler                              0x080001a5   Thumb Code     2  startup_stm32f40_41xxx.o(.text)
    HardFault_Handler                        0x080001a7   Thumb Code     2  startup_stm32f40_41xxx.o(.text)
    MemManage_Handler                        0x080001a9   Thumb Code     2  startup_stm32f40_41xxx.o(.text)
    BusFault_Handler                         0x080001ab   Thumb Code     2  startup_stm32f40_41xxx.o(.text)
    UsageFault_Handler                       0x080001ad   Thumb Code     2  startup_stm32f40_41xxx.o(.text)
    SVC_Handler                              0x080001af   Thumb Code     2  startup_stm32f40_41xxx.o(.text)
    DebugMon_Handler                         0x080001b1   Thumb Code     2  startup_stm32f40_41xxx.o(.text)
    PendSV_Handler                           0x080001b3   Thumb Code     2  startup_stm32f40_41xxx.o(.text)
    SysTick_Handler                          0x080001b5   Thumb Code     2  startup_stm32f40_41xxx.o(.text)
    ADC_IRQHandler                           0x080001b7   Thumb Code     0  startup_stm32f40_41xxx.o(.text)
    CAN1_RX0_IRQHandler                      0x080001b7   Thumb Code     0  startup_stm32f40_41xxx.o(.text)
    CAN1_RX1_IRQHandler                      0x080001b7   Thumb Code     0  startup_stm32f40_41xxx.o(.text)
    CAN1_SCE_IRQHandler                      0x080001b7   Thumb Code     0  startup_stm32f40_41xxx.o(.text)
    CAN1_TX_IRQHandler                       0x080001b7   Thumb Code     0  startup_stm32f40_41xxx.o(.text)
    CAN2_RX0_IRQHandler                      0x080001b7   Thumb Code     0  startup_stm32f40_41xxx.o(.text)
    CAN2_RX1_IRQHandler                      0x080001b7   Thumb Code     0  startup_stm32f40_41xxx.o(.text)
    CAN2_SCE_IRQHandler                      0x080001b7   Thumb Code     0  startup_stm32f40_41xxx.o(.text)
    CAN2_TX_IRQHandler                       0x080001b7   Thumb Code     0  startup_stm32f40_41xxx.o(.text)
    CRYP_IRQHandler                          0x080001b7   Thumb Code     0  startup_stm32f40_41xxx.o(.text)
    DCMI_IRQHandler                          0x080001b7   Thumb Code     0  startup_stm32f40_41xxx.o(.text)
    DMA1_Stream0_IRQHandler                  0x080001b7   Thumb Code     0  startup_stm32f40_41xxx.o(.text)
    DMA1_Stream1_IRQHandler                  0x080001b7   Thumb Code     0  startup_stm32f40_41xxx.o(.text)
    DMA1_Stream2_IRQHandler                  0x080001b7   Thumb Code     0  startup_stm32f40_41xxx.o(.text)
    DMA1_Stream3_IRQHandler                  0x080001b7   Thumb Code     0  startup_stm32f40_41xxx.o(.text)
    DMA1_Stream4_IRQHandler                  0x080001b7   Thumb Code     0  startup_stm32f40_41xxx.o(.text)
    DMA1_Stream5_IRQHandler                  0x080001b7   Thumb Code     0  startup_stm32f40_41xxx.o(.text)
    DMA1_Stream6_IRQHandler                  0x080001b7   Thumb Code     0  startup_stm32f40_41xxx.o(.text)
    DMA1_Stream7_IRQHandler                  0x080001b7   Thumb Code     0  startup_stm32f40_41xxx.o(.text)
    DMA2_Stream0_IRQHandler                  0x080001b7   Thumb Code     0  startup_stm32f40_41xxx.o(.text)
    DMA2_Stream1_IRQHandler                  0x080001b7   Thumb Code     0  startup_stm32f40_41xxx.o(.text)
    DMA2_Stream2_IRQHandler                  0x080001b7   Thumb Code     0  startup_stm32f40_41xxx.o(.text)
    DMA2_Stream3_IRQHandler                  0x080001b7   Thumb Code     0  startup_stm32f40_41xxx.o(.text)
    DMA2_Stream4_IRQHandler                  0x080001b7   Thumb Code     0  startup_stm32f40_41xxx.o(.text)
    DMA2_Stream5_IRQHandler                  0x080001b7   Thumb Code     0  startup_stm32f40_41xxx.o(.text)
    DMA2_Stream6_IRQHandler                  0x080001b7   Thumb Code     0  startup_stm32f40_41xxx.o(.text)
    DMA2_Stream7_IRQHandler                  0x080001b7   Thumb Code     0  startup_stm32f40_41xxx.o(.text)
    ETH_IRQHandler                           0x080001b7   Thumb Code     0  startup_stm32f40_41xxx.o(.text)
    ETH_WKUP_IRQHandler                      0x080001b7   Thumb Code     0  startup_stm32f40_41xxx.o(.text)
    EXTI0_IRQHandler                         0x080001b7   Thumb Code     0  startup_stm32f40_41xxx.o(.text)
    EXTI15_10_IRQHandler                     0x080001b7   Thumb Code     0  startup_stm32f40_41xxx.o(.text)
    EXTI1_IRQHandler                         0x080001b7   Thumb Code     0  startup_stm32f40_41xxx.o(.text)
    EXTI2_IRQHandler                         0x080001b7   Thumb Code     0  startup_stm32f40_41xxx.o(.text)
    EXTI3_IRQHandler                         0x080001b7   Thumb Code     0  startup_stm32f40_41xxx.o(.text)
    EXTI4_IRQHandler                         0x080001b7   Thumb Code     0  startup_stm32f40_41xxx.o(.text)
    EXTI9_5_IRQHandler                       0x080001b7   Thumb Code     0  startup_stm32f40_41xxx.o(.text)
    FLASH_IRQHandler                         0x080001b7   Thumb Code     0  startup_stm32f40_41xxx.o(.text)
    FPU_IRQHandler                           0x080001b7   Thumb Code     0  startup_stm32f40_41xxx.o(.text)
    FSMC_IRQHandler                          0x080001b7   Thumb Code     0  startup_stm32f40_41xxx.o(.text)
    HASH_RNG_IRQHandler                      0x080001b7   Thumb Code     0  startup_stm32f40_41xxx.o(.text)
    I2C1_ER_IRQHandler                       0x080001b7   Thumb Code     0  startup_stm32f40_41xxx.o(.text)
    I2C1_EV_IRQHandler                       0x080001b7   Thumb Code     0  startup_stm32f40_41xxx.o(.text)
    I2C2_ER_IRQHandler                       0x080001b7   Thumb Code     0  startup_stm32f40_41xxx.o(.text)
    I2C2_EV_IRQHandler                       0x080001b7   Thumb Code     0  startup_stm32f40_41xxx.o(.text)
    I2C3_ER_IRQHandler                       0x080001b7   Thumb Code     0  startup_stm32f40_41xxx.o(.text)
    I2C3_EV_IRQHandler                       0x080001b7   Thumb Code     0  startup_stm32f40_41xxx.o(.text)
    OTG_FS_IRQHandler                        0x080001b7   Thumb Code     0  startup_stm32f40_41xxx.o(.text)
    OTG_FS_WKUP_IRQHandler                   0x080001b7   Thumb Code     0  startup_stm32f40_41xxx.o(.text)
    OTG_HS_EP1_IN_IRQHandler                 0x080001b7   Thumb Code     0  startup_stm32f40_41xxx.o(.text)
    OTG_HS_EP1_OUT_IRQHandler                0x080001b7   Thumb Code     0  startup_stm32f40_41xxx.o(.text)
    OTG_HS_IRQHandler                        0x080001b7   Thumb Code     0  startup_stm32f40_41xxx.o(.text)
    OTG_HS_WKUP_IRQHandler                   0x080001b7   Thumb Code     0  startup_stm32f40_41xxx.o(.text)
    PVD_IRQHandler                           0x080001b7   Thumb Code     0  startup_stm32f40_41xxx.o(.text)
    RCC_IRQHandler                           0x080001b7   Thumb Code     0  startup_stm32f40_41xxx.o(.text)
    RTC_Alarm_IRQHandler                     0x080001b7   Thumb Code     0  startup_stm32f40_41xxx.o(.text)
    RTC_WKUP_IRQHandler                      0x080001b7   Thumb Code     0  startup_stm32f40_41xxx.o(.text)
    SDIO_IRQHandler                          0x080001b7   Thumb Code     0  startup_stm32f40_41xxx.o(.text)
    SPI1_IRQHandler                          0x080001b7   Thumb Code     0  startup_stm32f40_41xxx.o(.text)
    SPI2_IRQHandler                          0x080001b7   Thumb Code     0  startup_stm32f40_41xxx.o(.text)
    SPI3_IRQHandler                          0x080001b7   Thumb Code     0  startup_stm32f40_41xxx.o(.text)
    TAMP_STAMP_IRQHandler                    0x080001b7   Thumb Code     0  startup_stm32f40_41xxx.o(.text)
    TIM1_BRK_TIM9_IRQHandler                 0x080001b7   Thumb Code     0  startup_stm32f40_41xxx.o(.text)
    TIM1_CC_IRQHandler                       0x080001b7   Thumb Code     0  startup_stm32f40_41xxx.o(.text)
    TIM1_TRG_COM_TIM11_IRQHandler            0x080001b7   Thumb Code     0  startup_stm32f40_41xxx.o(.text)
    TIM1_UP_TIM10_IRQHandler                 0x080001b7   Thumb Code     0  startup_stm32f40_41xxx.o(.text)
    TIM2_IRQHandler                          0x080001b7   Thumb Code     0  startup_stm32f40_41xxx.o(.text)
    TIM4_IRQHandler                          0x080001b7   Thumb Code     0  startup_stm32f40_41xxx.o(.text)
    TIM5_IRQHandler                          0x080001b7   Thumb Code     0  startup_stm32f40_41xxx.o(.text)
    TIM6_DAC_IRQHandler                      0x080001b7   Thumb Code     0  startup_stm32f40_41xxx.o(.text)
    TIM7_IRQHandler                          0x080001b7   Thumb Code     0  startup_stm32f40_41xxx.o(.text)
    TIM8_BRK_TIM12_IRQHandler                0x080001b7   Thumb Code     0  startup_stm32f40_41xxx.o(.text)
    TIM8_CC_IRQHandler                       0x080001b7   Thumb Code     0  startup_stm32f40_41xxx.o(.text)
    TIM8_TRG_COM_TIM14_IRQHandler            0x080001b7   Thumb Code     0  startup_stm32f40_41xxx.o(.text)
    TIM8_UP_TIM13_IRQHandler                 0x080001b7   Thumb Code     0  startup_stm32f40_41xxx.o(.text)
    UART4_IRQHandler                         0x080001b7   Thumb Code     0  startup_stm32f40_41xxx.o(.text)
    UART5_IRQHandler                         0x080001b7   Thumb Code     0  startup_stm32f40_41xxx.o(.text)
    USART2_IRQHandler                        0x080001b7   Thumb Code     0  startup_stm32f40_41xxx.o(.text)
    USART3_IRQHandler                        0x080001b7   Thumb Code     0  startup_stm32f40_41xxx.o(.text)
    USART6_IRQHandler                        0x080001b7   Thumb Code     0  startup_stm32f40_41xxx.o(.text)
    WWDG_IRQHandler                          0x080001b7   Thumb Code     0  startup_stm32f40_41xxx.o(.text)
    __aeabi_dadd                             0x080001c1   Thumb Code   322  dadd.o(.text)
    __aeabi_dsub                             0x08000303   Thumb Code     6  dadd.o(.text)
    __aeabi_drsub                            0x08000309   Thumb Code     6  dadd.o(.text)
    __aeabi_dmul                             0x0800030f   Thumb Code   228  dmul.o(.text)
    __aeabi_ddiv                             0x080003f3   Thumb Code   222  ddiv.o(.text)
    __aeabi_i2d                              0x080004d1   Thumb Code    34  dflti.o(.text)
    __aeabi_ui2d                             0x080004f3   Thumb Code    26  dfltui.o(.text)
    __aeabi_d2uiz                            0x0800050d   Thumb Code    50  dfixui.o(.text)
    __aeabi_llsl                             0x0800053f   Thumb Code    30  llshl.o(.text)
    _ll_shift_l                              0x0800053f   Thumb Code     0  llshl.o(.text)
    __aeabi_llsr                             0x0800055d   Thumb Code    32  llushr.o(.text)
    _ll_ushift_r                             0x0800055d   Thumb Code     0  llushr.o(.text)
    __aeabi_lasr                             0x0800057d   Thumb Code    36  llsshr.o(.text)
    _ll_sshift_r                             0x0800057d   Thumb Code     0  llsshr.o(.text)
    __I$use$fp                               0x080005a1   Thumb Code     0  iusefp.o(.text)
    _double_round                            0x080005a1   Thumb Code    30  depilogue.o(.text)
    _double_epilogue                         0x080005bf   Thumb Code   156  depilogue.o(.text)
    __ARM_scalbn                             0x0800065b   Thumb Code    46  dscalb.o(.text)
    scalbn                                   0x0800065b   Thumb Code     0  dscalb.o(.text)
    __aeabi_cdrcmple                         0x08000689   Thumb Code    48  cdrcmple.o(.text)
    __scatterload                            0x080006b9   Thumb Code    28  init.o(.text)
    __scatterload_rt2                        0x080006b9   Thumb Code     0  init.o(.text)
    _dsqrt                                   0x080006dd   Thumb Code   162  dsqrt.o(.text)
    ADS1256_Config                           0x08000781   Thumb Code   106  spiads1256.o(i.ADS1256_Config)
    ADS1256_DelaySCLK                        0x080007f5   Thumb Code    14  spiads1256.o(i.ADS1256_DelaySCLK)
    ADS1256_GetAdcData                       0x08000805   Thumb Code   190  spiads1256.o(i.ADS1256_GetAdcData)
    ADS1256_Recive8Bit                       0x080008d5   Thumb Code    72  spiads1256.o(i.ADS1256_Recive8Bit)
    ADS1256_Send8Bit                         0x08000925   Thumb Code    80  spiads1256.o(i.ADS1256_Send8Bit)
    DMA_Cmd                                  0x0800097d   Thumb Code    22  stm32f4xx_dma.o(i.DMA_Cmd)
    DMA_GetCmdStatus                         0x08000993   Thumb Code    20  stm32f4xx_dma.o(i.DMA_GetCmdStatus)
    DMA_Init                                 0x080009a9   Thumb Code    82  stm32f4xx_dma.o(i.DMA_Init)
    GPIO_Init                                0x08000a01   Thumb Code   144  stm32f4xx_gpio.o(i.GPIO_Init)
    GPIO_PinAFConfig                         0x08000a91   Thumb Code    70  stm32f4xx_gpio.o(i.GPIO_PinAFConfig)
    GPIO_ReadInputDataBit                    0x08000ad7   Thumb Code    18  stm32f4xx_gpio.o(i.GPIO_ReadInputDataBit)
    GPIO_ResetBits                           0x08000ae9   Thumb Code     4  stm32f4xx_gpio.o(i.GPIO_ResetBits)
    GPIO_SetBits                             0x08000aed   Thumb Code     4  stm32f4xx_gpio.o(i.GPIO_SetBits)
    LED_Init                                 0x08000af1   Thumb Code    48  led.o(i.LED_Init)
    RCC_AHB1PeriphClockCmd                   0x08000b25   Thumb Code    26  stm32f4xx_rcc.o(i.RCC_AHB1PeriphClockCmd)
    RCC_APB2PeriphClockCmd                   0x08000b45   Thumb Code    26  stm32f4xx_rcc.o(i.RCC_APB2PeriphClockCmd)
    RCC_GetClocksFreq                        0x08000b65   Thumb Code   214  stm32f4xx_rcc.o(i.RCC_GetClocksFreq)
    SPIADS1256_GPIO_Init                     0x08000c4d   Thumb Code   162  spiads1256.o(i.SPIADS1256_GPIO_Init)
    Send32bitData                            0x08000d01   Thumb Code    72  usartdma.o(i.Send32bitData)
    SysTick_CLKSourceConfig                  0x08000e39   Thumb Code    40  misc.o(i.SysTick_CLKSourceConfig)
    SystemInit                               0x08000e61   Thumb Code    88  system_stm32f4xx.o(i.SystemInit)
    TIM3_IRQHandler                          0x08000ec9   Thumb Code    34  tim.o(i.TIM3_IRQHandler)
    TIM_ClearITPendingBit                    0x08000ef5   Thumb Code     6  stm32f4xx_tim.o(i.TIM_ClearITPendingBit)
    TIM_GetITStatus                          0x08000efb   Thumb Code    34  stm32f4xx_tim.o(i.TIM_GetITStatus)
    TLC1543_GPIOInit                         0x08000f1d   Thumb Code    72  tlc1543.o(i.TLC1543_GPIOInit)
    USART1_IRQHandler                        0x08000f69   Thumb Code   122  usart.o(i.USART1_IRQHandler)
    USART_Cmd                                0x08000ff1   Thumb Code    24  stm32f4xx_usart.o(i.USART_Cmd)
    USART_DMACmd                             0x08001009   Thumb Code    18  stm32f4xx_usart.o(i.USART_DMACmd)
    USART_GetFlagStatus                      0x0800101b   Thumb Code    26  stm32f4xx_usart.o(i.USART_GetFlagStatus)
    USART_GetITStatus                        0x08001035   Thumb Code    84  stm32f4xx_usart.o(i.USART_GetITStatus)
    USART_Init                               0x08001089   Thumb Code   204  stm32f4xx_usart.o(i.USART_Init)
    USART_ReceiveData                        0x0800115d   Thumb Code    10  stm32f4xx_usart.o(i.USART_ReceiveData)
    USART_SendData                           0x08001167   Thumb Code     8  stm32f4xx_usart.o(i.USART_SendData)
    Usart_Dma_Init                           0x08001171   Thumb Code   344  usartdma.o(i.Usart_Dma_Init)
    __ARM_fpclassify                         0x080012dd   Thumb Code    48  fpclassify.o(i.__ARM_fpclassify)
    __hardfp_pow                             0x08001311   Thumb Code  3072  pow.o(i.__hardfp_pow)
    __kernel_poly                            0x08001f61   Thumb Code   248  poly.o(i.__kernel_poly)
    __mathlib_dbl_divzero                    0x08002059   Thumb Code    28  dunder.o(i.__mathlib_dbl_divzero)
    __mathlib_dbl_infnan2                    0x08002089   Thumb Code    20  dunder.o(i.__mathlib_dbl_infnan2)
    __mathlib_dbl_invalid                    0x080020a1   Thumb Code    24  dunder.o(i.__mathlib_dbl_invalid)
    __mathlib_dbl_overflow                   0x080020c1   Thumb Code    24  dunder.o(i.__mathlib_dbl_overflow)
    __mathlib_dbl_underflow                  0x080020e1   Thumb Code    24  dunder.o(i.__mathlib_dbl_underflow)
    __scatterload_copy                       0x08002101   Thumb Code    14  handlers.o(i.__scatterload_copy)
    __scatterload_null                       0x0800210f   Thumb Code     2  handlers.o(i.__scatterload_null)
    __scatterload_zeroinit                   0x08002111   Thumb Code    14  handlers.o(i.__scatterload_zeroinit)
    __set_errno                              0x08002121   Thumb Code     6  errno.o(i.__set_errno)
    delay_init                               0x0800212d   Thumb Code    52  delay.o(i.delay_init)
    delay_ms                                 0x08002169   Thumb Code    56  delay.o(i.delay_ms)
    delay_us                                 0x080021a1   Thumb Code    72  delay.o(i.delay_us)
    delay_xms                                0x080021ed   Thumb Code    72  delay.o(i.delay_xms)
    fabs                                     0x08002239   Thumb Code    24  fabs.o(i.fabs)
    main                                     0x08002251   Thumb Code   114  main.o(i.main)
    sqrt                                     0x080022d5   Thumb Code   110  sqrt.o(i.sqrt)
    __mathlib_zero                           0x080023d0   Data           8  qnan.o(.constdata)
    Region$$Table$$Base                      0x080023d8   Number         0  anon$$obj.o(Region$$Table)
    Region$$Table$$Limit                     0x080023f8   Number         0  anon$$obj.o(Region$$Table)
    __stdout                                 0x20000014   Data           4  usart.o(.data)
    USART_RX_STA                             0x20000018   Data           2  usart.o(.data)
    UsartData                                0x2000001a   Data           4  usartdma.o(.data)
    SendData                                 0x2000001e   Data           4  usartdma.o(.data)
    mode                                     0x20000022   Data           1  usartdma.o(.data)
    TIME_Counter                             0x20000024   Data           4  gmvaluedef.o(.data)
    TIME                                     0x20000028   Data           4  gmvaluedef.o(.data)
    USART_RX_BUF                             0x20000058   Data         200  usart.o(.bss)
    __initial_sp                             0x20000520   Data           0  startup_stm32f40_41xxx.o(STACK)



==============================================================================

Memory Map of the image

  Image Entry point : 0x0800019d

  Load Region LR_1 (Base: 0x08000000, Size: 0x00002450, Max: 0xffffffff, ABSOLUTE)

    Execution Region ER_RO (Base: 0x08000000, Size: 0x000023f8, Max: 0xffffffff, ABSOLUTE)

    Base Addr    Size         Type   Attr      Idx    E Section Name        Object

    0x08000000   0x00000188   Data   RO          208    RESET               startup_stm32f40_41xxx.o
    0x08000188   0x00000000   Code   RO         2064  * .ARM.Collect$$$$00000000  mc_w.l(entry.o)
    0x08000188   0x00000004   Code   RO         2120    .ARM.Collect$$$$00000001  mc_w.l(entry2.o)
    0x0800018c   0x00000004   Code   RO         2123    .ARM.Collect$$$$00000004  mc_w.l(entry5.o)
    0x08000190   0x00000000   Code   RO         2125    .ARM.Collect$$$$00000008  mc_w.l(entry7b.o)
    0x08000190   0x00000000   Code   RO         2127    .ARM.Collect$$$$0000000A  mc_w.l(entry8b.o)
    0x08000190   0x00000008   Code   RO         2128    .ARM.Collect$$$$0000000B  mc_w.l(entry9a.o)
    0x08000198   0x00000000   Code   RO         2130    .ARM.Collect$$$$0000000D  mc_w.l(entry10a.o)
    0x08000198   0x00000000   Code   RO         2132    .ARM.Collect$$$$0000000F  mc_w.l(entry11a.o)
    0x08000198   0x00000004   Code   RO         2121    .ARM.Collect$$$$00002712  mc_w.l(entry2.o)
    0x0800019c   0x00000024   Code   RO          209  * .text               startup_stm32f40_41xxx.o
    0x080001c0   0x0000014e   Code   RO         2067    .text               mf_w.l(dadd.o)
    0x0800030e   0x000000e4   Code   RO         2069    .text               mf_w.l(dmul.o)
    0x080003f2   0x000000de   Code   RO         2071    .text               mf_w.l(ddiv.o)
    0x080004d0   0x00000022   Code   RO         2073    .text               mf_w.l(dflti.o)
    0x080004f2   0x0000001a   Code   RO         2075    .text               mf_w.l(dfltui.o)
    0x0800050c   0x00000032   Code   RO         2077    .text               mf_w.l(dfixui.o)
    0x0800053e   0x0000001e   Code   RO         2134    .text               mc_w.l(llshl.o)
    0x0800055c   0x00000020   Code   RO         2136    .text               mc_w.l(llushr.o)
    0x0800057c   0x00000024   Code   RO         2138    .text               mc_w.l(llsshr.o)
    0x080005a0   0x00000000   Code   RO         2147    .text               mc_w.l(iusefp.o)
    0x080005a0   0x000000ba   Code   RO         2150    .text               mf_w.l(depilogue.o)
    0x0800065a   0x0000002e   Code   RO         2154    .text               mf_w.l(dscalb.o)
    0x08000688   0x00000030   Code   RO         2156    .text               mf_w.l(cdrcmple.o)
    0x080006b8   0x00000024   Code   RO         2158    .text               mc_w.l(init.o)
    0x080006dc   0x000000a2   Code   RO         2160    .text               mf_w.l(dsqrt.o)
    0x0800077e   0x00000002   PAD
    0x08000780   0x00000074   Code   RO         1979    i.ADS1256_Config    spiads1256.o
    0x080007f4   0x0000000e   Code   RO         1980    i.ADS1256_DelaySCLK  spiads1256.o
    0x08000802   0x00000002   PAD
    0x08000804   0x000000d0   Code   RO         1981    i.ADS1256_GetAdcData  spiads1256.o
    0x080008d4   0x00000050   Code   RO         1984    i.ADS1256_Recive8Bit  spiads1256.o
    0x08000924   0x00000058   Code   RO         1985    i.ADS1256_Send8Bit  spiads1256.o
    0x0800097c   0x00000016   Code   RO          287    i.DMA_Cmd           stm32f4xx_dma.o
    0x08000992   0x00000014   Code   RO          292    i.DMA_GetCmdStatus  stm32f4xx_dma.o
    0x080009a6   0x00000002   PAD
    0x080009a8   0x00000058   Code   RO          299    i.DMA_Init          stm32f4xx_dma.o
    0x08000a00   0x00000090   Code   RO          414    i.GPIO_Init         stm32f4xx_gpio.o
    0x08000a90   0x00000046   Code   RO          415    i.GPIO_PinAFConfig  stm32f4xx_gpio.o
    0x08000ad6   0x00000012   Code   RO          418    i.GPIO_ReadInputDataBit  stm32f4xx_gpio.o
    0x08000ae8   0x00000004   Code   RO          421    i.GPIO_ResetBits    stm32f4xx_gpio.o
    0x08000aec   0x00000004   Code   RO          422    i.GPIO_SetBits      stm32f4xx_gpio.o
    0x08000af0   0x00000034   Code   RO         1703    i.LED_Init          led.o
    0x08000b24   0x00000020   Code   RO          511    i.RCC_AHB1PeriphClockCmd  stm32f4xx_rcc.o
    0x08000b44   0x00000020   Code   RO          523    i.RCC_APB2PeriphClockCmd  stm32f4xx_rcc.o
    0x08000b64   0x000000e8   Code   RO          532    i.RCC_GetClocksFreq  stm32f4xx_rcc.o
    0x08000c4c   0x000000b4   Code   RO         1986    i.SPIADS1256_GPIO_Init  spiads1256.o
    0x08000d00   0x0000004c   Code   RO         1841    i.Send32bitData     usartdma.o
    0x08000d4c   0x000000ec   Code   RO          171    i.SetSysClock       system_stm32f4xx.o
    0x08000e38   0x00000028   Code   RO          219    i.SysTick_CLKSourceConfig  misc.o
    0x08000e60   0x00000068   Code   RO          173    i.SystemInit        system_stm32f4xx.o
    0x08000ec8   0x0000002c   Code   RO         1929    i.TIM3_IRQHandler   tim.o
    0x08000ef4   0x00000006   Code   RO          856    i.TIM_ClearITPendingBit  stm32f4xx_tim.o
    0x08000efa   0x00000022   Code   RO          882    i.TIM_GetITStatus   stm32f4xx_tim.o
    0x08000f1c   0x0000004c   Code   RO         1884    i.TLC1543_GPIOInit  tlc1543.o
    0x08000f68   0x00000088   Code   RO         1653    i.USART1_IRQHandler  usart.o
    0x08000ff0   0x00000018   Code   RO         1411    i.USART_Cmd         stm32f4xx_usart.o
    0x08001008   0x00000012   Code   RO         1412    i.USART_DMACmd      stm32f4xx_usart.o
    0x0800101a   0x0000001a   Code   RO         1414    i.USART_GetFlagStatus  stm32f4xx_usart.o
    0x08001034   0x00000054   Code   RO         1415    i.USART_GetITStatus  stm32f4xx_usart.o
    0x08001088   0x000000d4   Code   RO         1418    i.USART_Init        stm32f4xx_usart.o
    0x0800115c   0x0000000a   Code   RO         1425    i.USART_ReceiveData  stm32f4xx_usart.o
    0x08001166   0x00000008   Code   RO         1428    i.USART_SendData    stm32f4xx_usart.o
    0x0800116e   0x00000002   PAD
    0x08001170   0x0000016c   Code   RO         1843    i.Usart_Dma_Init    usartdma.o
    0x080012dc   0x00000030   Code   RO         2103    i.__ARM_fpclassify  m_wm.l(fpclassify.o)
    0x0800130c   0x00000004   PAD
    0x08001310   0x00000c50   Code   RO         2050    i.__hardfp_pow      m_wm.l(pow.o)
    0x08001f60   0x000000f8   Code   RO         2105    i.__kernel_poly     m_wm.l(poly.o)
    0x08002058   0x00000030   Code   RO         2083    i.__mathlib_dbl_divzero  m_wm.l(dunder.o)
    0x08002088   0x00000014   Code   RO         2085    i.__mathlib_dbl_infnan2  m_wm.l(dunder.o)
    0x0800209c   0x00000004   PAD
    0x080020a0   0x00000020   Code   RO         2086    i.__mathlib_dbl_invalid  m_wm.l(dunder.o)
    0x080020c0   0x00000020   Code   RO         2087    i.__mathlib_dbl_overflow  m_wm.l(dunder.o)
    0x080020e0   0x00000020   Code   RO         2089    i.__mathlib_dbl_underflow  m_wm.l(dunder.o)
    0x08002100   0x0000000e   Code   RO         2166    i.__scatterload_copy  mc_w.l(handlers.o)
    0x0800210e   0x00000002   Code   RO         2167    i.__scatterload_null  mc_w.l(handlers.o)
    0x08002110   0x0000000e   Code   RO         2168    i.__scatterload_zeroinit  mc_w.l(handlers.o)
    0x0800211e   0x00000002   PAD
    0x08002120   0x0000000c   Code   RO         2142    i.__set_errno       mc_w.l(errno.o)
    0x0800212c   0x0000003c   Code   RO         1595    i.delay_init        delay.o
    0x08002168   0x00000038   Code   RO         1596    i.delay_ms          delay.o
    0x080021a0   0x0000004c   Code   RO         1597    i.delay_us          delay.o
    0x080021ec   0x0000004c   Code   RO         1598    i.delay_xms         delay.o
    0x08002238   0x00000018   Code   RO         2099    i.fabs              m_wm.l(fabs.o)
    0x08002250   0x00000084   Code   RO            3    i.main              main.o
    0x080022d4   0x0000006e   Code   RO         2110    i.sqrt              m_wm.l(sqrt.o)
    0x08002342   0x00000006   PAD
    0x08002348   0x00000088   Data   RO         2053    .constdata          m_wm.l(pow.o)
    0x080023d0   0x00000008   Data   RO         2107    .constdata          m_wm.l(qnan.o)
    0x080023d8   0x00000020   Data   RO         2164    Region$$Table       anon$$obj.o


    Execution Region ER_RW (Base: 0x20000000, Size: 0x00000058, Max: 0xffffffff, ABSOLUTE)

    Base Addr    Size         Type   Attr      Idx    E Section Name        Object

    0x20000000   0x00000010   Data   RW          564    .data               stm32f4xx_rcc.o
    0x20000010   0x00000004   Data   RW         1599    .data               delay.o
    0x20000014   0x00000006   Data   RW         1658    .data               usart.o
    0x2000001a   0x00000009   Data   RW         1844    .data               usartdma.o
    0x20000023   0x00000001   PAD
    0x20000024   0x00000008   Data   RW         1959    .data               gmvaluedef.o
    0x2000002c   0x00000025   Data   RW         1987    .data               spiads1256.o
    0x20000051   0x00000003   PAD
    0x20000054   0x00000004   Data   RW         2143    .data               mc_w.l(errno.o)


    Execution Region ER_ZI (Base: 0x20000058, Size: 0x000004c8, Max: 0xffffffff, ABSOLUTE)

    Base Addr    Size         Type   Attr      Idx    E Section Name        Object

    0x20000058   0x000000c8   Zero   RW         1657    .bss                usart.o
    0x20000120   0x00000400   Zero   RW          206    STACK               startup_stm32f40_41xxx.o


==============================================================================

Image component sizes


      Code (inc. data)   RO Data    RW Data    ZI Data      Debug   Object Name

       268         16          0          4          0       2671   delay.o
         0          0          0          8          0        300   gmvaluedef.o
        52          4          0          0          0        547   led.o
       132         18          0          0          0     293287   main.o
        40          0          0          0          0     228114   misc.o
       686         62          0         37          0       5601   spiads1256.o
        36          8        392          0       1024        848   startup_stm32f40_41xxx.o
       130          6          0          0          0       3072   stm32f4xx_dma.o
       240          0          0          0          0       3695   stm32f4xx_gpio.o
       296         30          0         16          0       4178   stm32f4xx_rcc.o
        40          0          0          0          0       1918   stm32f4xx_tim.o
       382          8          0          0          0       5451   stm32f4xx_usart.o
       340         32          0          0          0       1561   system_stm32f4xx.o
        44         10          0          0          0        566   tim.o
        76          4          0          0          0     228135   tlc1543.o
       136         14          0          6        200       2548   usart.o
       440         24          0          9          0       2223   usartdma.o

    ----------------------------------------------------------------------
      3344        236        424         84       1224     784715   Object Totals
         0          0         32          0          0          0   (incl. Generated)
         6          0          0          4          0          0   (incl. Padding)

    ----------------------------------------------------------------------

      Code (inc. data)   RO Data    RW Data    ZI Data      Debug   Library Member Name

       164         44          0          0          0        620   dunder.o
        24          0          0          0          0        124   fabs.o
        48          0          0          0          0        124   fpclassify.o
       248          0          0          0          0        152   poly.o
      3152        296        136          0          0        352   pow.o
         0          0          8          0          0          0   qnan.o
       110          0          0          0          0        148   sqrt.o
         0          0          0          0          0          0   entry.o
         0          0          0          0          0          0   entry10a.o
         0          0          0          0          0          0   entry11a.o
         8          4          0          0          0          0   entry2.o
         4          0          0          0          0          0   entry5.o
         0          0          0          0          0          0   entry7b.o
         0          0          0          0          0          0   entry8b.o
         8          4          0          0          0          0   entry9a.o
        12          6          0          4          0         68   errno.o
        30          0          0          0          0          0   handlers.o
        36          8          0          0          0         68   init.o
         0          0          0          0          0          0   iusefp.o
        30          0          0          0          0         68   llshl.o
        36          0          0          0          0         68   llsshr.o
        32          0          0          0          0         68   llushr.o
        48          0          0          0          0         68   cdrcmple.o
       334          0          0          0          0        148   dadd.o
       222          0          0          0          0        100   ddiv.o
       186          0          0          0          0        176   depilogue.o
        50          0          0          0          0         76   dfixui.o
        34          0          0          0          0         76   dflti.o
        26          0          0          0          0         76   dfltui.o
       228          0          0          0          0         96   dmul.o
        46          0          0          0          0         80   dscalb.o
       162          0          0          0          0        100   dsqrt.o

    ----------------------------------------------------------------------
      5296        362        144          4          0       2856   Library Totals
        18          0          0          0          0          0   (incl. Padding)

    ----------------------------------------------------------------------

      Code (inc. data)   RO Data    RW Data    ZI Data      Debug   Library Name

      3746        340        144          0          0       1520   m_wm.l
       196         22          0          4          0        340   mc_w.l
      1336          0          0          0          0        996   mf_w.l

    ----------------------------------------------------------------------
      5296        362        144          4          0       2856   Library Totals

    ----------------------------------------------------------------------

==============================================================================


      Code (inc. data)   RO Data    RW Data    ZI Data      Debug   

      8640        598        568         88       1224     782551   Grand Totals
      8640        598        568         88       1224     782551   ELF Image Totals
      8640        598        568         88          0          0   ROM Totals

==============================================================================

    Total RO  Size (Code + RO Data)                 9208 (   8.99kB)
    Total RW  Size (RW Data + ZI Data)              1312 (   1.28kB)
    Total ROM Size (Code + RO Data + RW Data)       9296 (   9.08kB)

==============================================================================

